Godot Engine v4.7.2.stable.steam.ed1daf0bf - https://godotengine.org

PASS prepare fixture 4
PASS compose 4 furnished cottages
PASS place 4 cottages: 
PASS exact block and furniture population 4
PASS synchronous placement <=4ms at 4 cottages (445us)
PASS prepare fixture 16
PASS compose 16 furnished cottages
PASS place 16 cottages: 
PASS exact block and furniture population 16
PASS synchronous placement <=4ms at 16 cottages (1254us)
PASS prepare fixture 64
PASS compose 64 furnished cottages
PASS place 64 cottages: 
PASS exact block and furniture population 64
FAIL synchronous placement <=4ms at 64 cottages (7217us)
PASS prepare fixture 128
PASS compose 128 furnished cottages
PASS place 128 cottages: 
PASS exact block and furniture population 128
FAIL synchronous placement <=4ms at 128 cottages (9895us)
{"budget_us":4000,"failures":2,"rows":[{"blocks":1896,"compose_us":2772,"cottages":4,"models":12,"place_us":445,"result":{"block_probes":160,"model_comparisons":120,"models":12,"ok":true}},{"blocks":7584,"compose_us":5095,"cottages":16,"models":48,"place_us":1254,"result":{"block_probes":640,"model_comparisons":480,"models":48,"ok":true}},{"blocks":30336,"compose_us":10826,"cottages":64,"models":192,"place_us":7217,"result":{"block_probes":2560,"model_comparisons":1920,"models":192,"ok":true}},{"blocks":60672,"compose_us":16711,"cottages":128,"models":384,"place_us":9895,"result":{"block_probes":5120,"model_comparisons":3840,"models":384,"ok":true}}],"scope":"One cold synchronous native placement per size in an empty structure world. Native validation and commit only; no rendering, terrain, inventory, steady-state, thermal or 60 FPS claim."}
