Godot Engine v4.7.2.stable.steam.ed1daf0bf - https://godotengine.org
Vulkan 1.3.289 - Forward+ - Using Device #0: NVIDIA - NVIDIA GeForce GTX 1060 with Max-Q Design

[TerrainRewrite] New world
[TerrainRewrite] New world
[TerrainRewrite] Ready: nearby coverage/collision active; distant terrain still streaming
PASS 1920x1080 fullscreen, full rendering scale
FOUNDATION_PHASE streaming_baseline
FOUNDATION_RESULT {"build":{},"frames":{"count":299,"max_ms":42.031,"median_ms":16.667,"over_50ms":0,"p95_ms":17.618,"p99_ms":30.552},"latency":{},"pages":0,"phase":"streaming_baseline"}
FOUNDATION_PHASE compact_history_control
FOUNDATION_RESULT {"build":{"count":24,"max_ms":21.046,"median_ms":16.1,"over_50ms":0,"p95_ms":18.752,"p99_ms":21.046},"frames":{"count":534,"max_ms":136.522,"median_ms":16.666,"over_50ms":1,"p95_ms":18.401,"p99_ms":18.729},"latency":{"count":24,"max_ms":42.709,"median_ms":34.521,"over_50ms":0,"p95_ms":35.997,"p99_ms":42.709},"pages":2,"phase":"compact_history_control"}
FOUNDATION_PHASE expanding_excavation
FOUNDATION_RESULT {"build":{"count":24,"max_ms":31.301,"median_ms":21.987,"over_50ms":0,"p95_ms":30.443,"p99_ms":31.301},"frames":{"count":1221,"max_ms":80.776,"median_ms":16.665,"over_50ms":1,"p95_ms":18.466,"p99_ms":18.64},"latency":{"count":24,"max_ms":52.471,"median_ms":38.931,"over_50ms":2,"p95_ms":52.272,"p99_ms":52.471},"pages":10,"phase":"expanding_excavation"}
FOUNDATION_PHASE travel_new_regions
FOUNDATION_RESULT {"build":{"count":64,"max_ms":159.488,"median_ms":124.986,"over_50ms":61,"p95_ms":153.292,"p99_ms":159.488},"frames":{"count":855,"max_ms":95.631,"median_ms":16.666,"over_50ms":1,"p95_ms":16.801,"p99_ms":19.413},"latency":{"count":64,"max_ms":202.194,"median_ms":154.041,"over_50ms":63,"p95_ms":186.777,"p99_ms":202.194},"pages":96,"phase":"travel_new_regions"}
FOUNDATION_PHASE return_history_control
FOUNDATION_RESULT {"build":{"count":24,"max_ms":19.085,"median_ms":17.549,"over_50ms":0,"p95_ms":18.531,"p99_ms":19.085},"frames":{"count":802,"max_ms":30.406,"median_ms":16.666,"over_50ms":0,"p95_ms":16.785,"p99_ms":17.383},"latency":{"count":24,"max_ms":36.974,"median_ms":35.938,"over_50ms":0,"p95_ms":36.96,"p99_ms":36.974},"pages":96,"phase":"return_history_control"}
FOUNDATION_PHASE recovery
FOUNDATION_RESULT {"build":{},"frames":{"count":592,"max_ms":158.241,"median_ms":16.666,"over_50ms":1,"p95_ms":16.786,"p99_ms":17.062},"latency":{},"pages":96,"phase":"recovery"}
FAIL streaming_baseline: frame p99 <=20 ms and no >50 ms stalls
FAIL compact_history_control: frame p99 <=20 ms and no >50 ms stalls
PASS compact_history_control: edit publication p95 <=150 ms
PASS compact_history_control: at least 90 percent of edits actually change terrain
FAIL expanding_excavation: frame p99 <=20 ms and no >50 ms stalls
PASS expanding_excavation: edit publication p95 <=150 ms
PASS expanding_excavation: at least 90 percent of edits actually change terrain
FAIL travel_new_regions: frame p99 <=20 ms and no >50 ms stalls
FAIL travel_new_regions: edit publication p95 <=150 ms
PASS travel_new_regions: at least 90 percent of edits actually change terrain
PASS return_history_control: frame p99 <=20 ms and no >50 ms stalls
PASS return_history_control: edit publication p95 <=150 ms
PASS return_history_control: at least 90 percent of edits actually change terrain
FAIL recovery: frame p99 <=20 ms and no >50 ms stalls
PASS return control median latency grows no more than 25 percent
[TerrainRewrite] Temporary test world: save skipped
