Godot Engine v4.7.2.stable.steam.ed1daf0bf - https://godotengine.org

[   0% ] [90m[1mfirst_scan_filesystem[22m | Started Project initialization (5 steps)[39m[0m
[   0% ] [90m[1mfirst_scan_filesystem[22m | Scanning file structure...[39m[0m
[  16% ] [90m[1mfirst_scan_filesystem[22m | Loading global class names...[39m[0m
[  33% ] [90m[1mfirst_scan_filesystem[22m | Verifying GDExtensions...[39m[0m
[  50% ] [90m[1mfirst_scan_filesystem[22m | Creating autoload scripts...[39m[0m
[  66% ] [90m[1mfirst_scan_filesystem[22m | Initializing plugins...[39m[0m
[  83% ] [90m[1mfirst_scan_filesystem[22m | Starting file scan...[39m[0m
[92m[ DONE ][39m [1mfirst_scan_filesystem[22m
[0m
[   0% ] [90m[1mupdate_scripts_classes[22m | Started Registering global classes... (15 steps)[39m[0m
[   0% ] [90m[1mupdate_scripts_classes[22m | [39m[0m
[   6% ] [90m[1mupdate_scripts_classes[22m | [39m[0m
[  12% ] [90m[1mupdate_scripts_classes[22m | [39m[0m
[  18% ] [90m[1mupdate_scripts_classes[22m | DrivingCar[39m[0m
[  25% ] [90m[1mupdate_scripts_classes[22m | [39m[0m
[  31% ] [90m[1mupdate_scripts_classes[22m | SimpleDriverCharacter[39m[0m
[  37% ] [90m[1mupdate_scripts_classes[22m | VehicleChaseCamera[39m[0m
[  43% ] [90m[1mupdate_scripts_classes[22m | VehicleGroundDebugTrace[39m[0m
[  50% ] [90m[1mupdate_scripts_classes[22m | DriveTraceLogger[39m[0m
[  56% ] [90m[1mupdate_scripts_classes[22m | DrivingGameController[39m[0m
[  62% ] [90m[1mupdate_scripts_classes[22m | DrivingHUD[39m[0m
[  68% ] [90m[1mupdate_scripts_classes[22m | [39m[0m
[  75% ] [90m[1mupdate_scripts_classes[22m | VehicleSkidMarks[39m[0m
[  81% ] [90m[1mupdate_scripts_classes[22m | AnalogSpeedometer[39m[0m
[  87% ] [90m[1mupdate_scripts_classes[22m | [39m[0m
[92m[ DONE ][39m [1mupdate_scripts_classes[22m
[0m
[   0% ] [90m[1m_update_scan_actions[22m | Started Scanning actions... (4 steps)[39m[0m
[   0% ] [90m[1m_update_scan_actions[22m | Vehicle.glb[39m[0m
[  20% ] [90m[1m_update_scan_actions[22m | Vehicle_Rebuilt_BaseColor.png[39m[0m
[  40% ] [90m[1m_update_scan_actions[22m | Vehicle_Rebuilt_MetallicRoughness.png[39m[0m
[  60% ] [90m[1m_update_scan_actions[22m | Vehicle_Rebuilt_Normal.png[39m[0m
[92m[ DONE ][39m [1m_update_scan_actions[22m
[0m
[   0% ] [90m[1mreimport[22m | Started (Re)Importing Assets (4 steps)[39m[0m
[   0% ] [90m[1mreimport[22m | Preparing files to reimport...[39m[0m
[  20% ] [90m[1mreimport[22m | Preparing files to reimport...[39m[0m
[  40% ] [90m[1mreimport[22m | Preparing files to reimport...[39m[0m
[  60% ] [90m[1mreimport[22m | Preparing files to reimport...[39m[0m
[   0% ] [90m[1mreimport[22m | Executing pre-reimport operations...[39m[0m
[   0% ] [90m[1mpreload_reimporting_scene[22m | Started Preparing scenes for reload (1 steps)[39m[0m
[   0% ] [90m[1mpreload_reimporting_scene[22m | Analyzing scene [empty][39m[0m
[  50% ] [90m[1mpreload_reimporting_scene[22m | Preparation done.[39m[0m
[92m[ DONE ][39m [1mpreload_reimporting_scene[22m
[0m
[   0% ] [90m[1mreimport[22m | Vehicle_Rebuilt_BaseColor.png[39m[0m
[   0% ] [90m[1mreimport[22m | Vehicle_Rebuilt_BaseColor.png[39m[0m
[  20% ] [90m[1mreimport[22m | Vehicle_Rebuilt_MetallicRoughness.png[39m[0m
[  40% ] [90m[1mreimport[22m | Vehicle_Rebuilt_Normal.png[39m[0m
[  60% ] [90m[1mreimport[22m | Vehicle.glb[39m[0m
[   0% ] [90m[1mimport[22m | Started Import Scene (104 steps)[39m[0m
[   0% ] [90m[1mimport[22m | Importing Scene...[39m[0m
[   1% ] [90m[1mimport[22m | Running Custom Script...[39m[0m
[  99% ] [90m[1mimport[22m | Saving...[39m[0m
[92m[ DONE ][39m [1mimport[22m
[0m
[  80% ] [90m[1mreimport[22m | Finalizing Asset Import...[39m[0m
[92m[ DONE ][39m [1mreimport[22m
[0m
[   0% ] [90m[1mreimport[22m | Started (Re)Importing Assets (4 steps)[39m[0m
[   0% ] [90m[1mreimport[22m | Executing post-reimport operations...[39m[0m
[92m[ DONE ][39m [1mreimport[22m
[0m
[   0% ] [90m[1mloading_editor_layout[22m | Started Loading editor (5 steps)[39m[0m
[   0% ] [90m[1mloading_editor_layout[22m | Loading editor layout...[39m[0m
[  16% ] [90m[1mloading_editor_layout[22m | Loading docks...[39m[0m
[92m[ DONE ][39m [1mloading_editor_layout[22m
[0m

