Godot Engine v4.7.2.stable.steam.ed1daf0bf - https://godotengine.org
Vulkan 1.4.351 - Forward+ - Using Device #0: NVIDIA - NVIDIA GeForce RTX 4050 Laptop GPU

[TerrainRewrite] World loaded
[TerrainRewrite] World loaded
[TerrainRewrite] Lake ready · F5 saves world
[TerrainRewrite] Ready: nearby coverage/collision active; distant terrain still streaming
PASS main world fleet enabled
[TerrainRewrite] Lake ready · F5 saves world
PASS normal world update admits both parked vehicles
PASS enter first fleet vehicle
[TerrainRewrite] Lake ready · F5 saves world
PASS driven chassis reports contact with parked vehicle
PASS car approaches without passing through parked chassis
PASS loaded two-car route has no collision-readiness holds
Visual dent #1 severity=1.0 radius=0.58m depth=0.055m
[TerrainRewrite] Lake ready · F5 saves world
FAIL driver can brake to rest after contact
PASS unoccupied vehicle stays parked without active simulation
FAIL safe exit beside two vehicles: Stop the vehicle before exiting
PASS capture retains moved and parked vehicle poses
[TerrainRewrite] ERROR: save blocked: snapshot writes explicitly disabled; previous canonical snapshot retained
