Godot Engine v4.7.2.stable.steam.ed1daf0bf - https://godotengine.org
Vulkan 1.4.351 - Forward+ - Using Device #0: NVIDIA - NVIDIA GeForce RTX 4050 Laptop GPU

[TerrainRewrite] World loaded
[TerrainRewrite] World loaded
[TerrainRewrite] Lake ready · F5 saves world
[TerrainRewrite] Ready: nearby coverage/collision active; distant terrain still streaming
PASS saved settlement ready
PASS fullscreen1080p cap60
PASS repair lower entrance stairs
[TerrainRewrite] Lake ready · F5 saves world
[TerrainRewrite] Lake ready · F5 saves world
[TerrainRewrite] Lake ready · F5 saves world
PASS walk from approach into cottage 0/0 without jumping
PASS repair lower entrance stairs
PASS walk from approach into cottage 0/1 without jumping
PASS repair lower entrance stairs
PASS walk from approach into cottage 1/0 without jumping
PASS repair lower entrance stairs
PASS walk from approach into cottage 1/1 without jumping
[TerrainRewrite] World saved and verified; terrain and addon state published together
