Godot Engine v4.7.2.stable.steam.ed1daf0bf - https://godotengine.org
Vulkan 1.4.351 - Forward+ - Using Device #0: NVIDIA - NVIDIA GeForce RTX 4050 Laptop GPU

[TerrainRewrite] New world
[TerrainRewrite] New world
[TerrainRewrite] Lake ready · F5 saves world
[TerrainRewrite] Lake ready · F5 saves world
[TerrainRewrite] Lake ready · F5 saves world
[TerrainRewrite] Lake ready · F5 saves world
[TerrainRewrite] Ready: nearby coverage/collision active; distant terrain still streaming
PASS editor world ready
PASS headlamp defaults off
[TerrainRewrite] Headlamp on
PASS F enables bounded shadowed headlamp
PASS inventory modal consumes headlamp input
PASS unfocused input cannot toggle headlamp
PASS excavate access tunnel 8
PASS access tunnel publishes
PASS walk surface approach to ore face 8 without jumping
PASS excavate access tunnel 9
PASS access tunnel publishes
PASS walk surface approach to ore face 9 without jumping
[TerrainRewrite] World saved and verified; terrain and addon state published together
PASS save accessible geology checkpoint
