Godot Engine v4.7.2.stable.steam.ed1daf0bf - https://godotengine.org
Vulkan 1.4.351 - Forward+ - Using Device #0: NVIDIA - NVIDIA GeForce RTX 4050 Laptop GPU

[TerrainRewrite] New world
[TerrainRewrite] New world
[TerrainRewrite] Ready: nearby coverage/collision active; distant terrain still streaming
PASS world starts with road editor
PASS mark button acquires terrain through actual physics ray
PASS road aim cannot mark terrain through a building
PASS road overlapping player is rejected
PASS graded selection accepted
PASS valid route produces green outline
PASS width control refreshes outline once
PASS invalid grade produces red outline
PASS excessive grade explained before submission
PASS inventory blocks road editor actions
PASS road clearance protects building occupancy above pavement
PASS parked vehicle installed inside grading route
PASS paving through parked vehicle rejects before terrain mutation
PASS stone grading protects parked vehicle too
PASS road panel routes construction to terrain worker
PASS editor road completes without worker error
PASS continue action uses exact published endpoint despite changed selection
PASS continue action does not submit terrain edits
PASS foundation surface selects stone and updates action label
PASS level control aligns height while preserving horizontal endpoints
PASS leveling selection does not mutate terrain before build
PASS foundation shoulder expands preview footprint
PASS structure outside flat bed but inside shoulder blocks grading
PASS asphalt selection does not inherit foundation shoulder
PASS foundation panel routes grading through guarded world action
PASS editor foundation completes without worker error
PASS unchanged selection does not rebuild preview each frame
PASS road panel visible and fits above toolbelt at 1080p
[TerrainRewrite] Temporary test world: save skipped
