Godot Engine v4.7.2.stable.steam.ed1daf0bf - https://godotengine.org
Vulkan 1.4.351 - Forward+ - Using Device #0: NVIDIA - NVIDIA GeForce RTX 4050 Laptop GPU

SCRIPT ERROR: Invalid type in function 'configure' in base 'Node3D (model_tool.gd)'. The array of argument 3 (Array) does not have the same element type as the expected typed array argument.
   at: _ready (res://demo/world.gd:147)
   GDScript backtrace (most recent call first):
       [0] _ready (res://demo/world.gd:147)
       [1] run (res://tests/furniture_world.gd:10)
SCRIPT ERROR: Invalid assignment of property or key 'visible' with value of type 'bool' on a base object of type 'Nil'.
   at: _process (res://demo/world.gd:1025)
   GDScript backtrace (most recent call first):
       [0] _process (res://demo/world.gd:1025)
[TerrainRewrite] New world
[TerrainRewrite] New world
SCRIPT ERROR: Invalid assignment of property or key 'visible' with value of type 'bool' on a base object of type 'Nil'.
   at: _process (res://demo/world.gd:1025)
   GDScript backtrace (most recent call first):
       [0] _process (res://demo/world.gd:1025)
SCRIPT ERROR: Invalid assignment of property or key 'visible' with value of type 'bool' on a base object of type 'Nil'.
   at: _process (res://demo/world.gd:1025)
   GDScript backtrace (most recent call first):
       [0] _process (res://demo/world.gd:1025)
SCRIPT ERROR: Invalid assignment of property or key 'visible' with value of type 'bool' on a base object of type 'Nil'.
   at: _process (res://demo/world.gd:1025)
   GDScript backtrace (most recent call first):
       [0] _process (res://demo/world.gd:1025)
SCRIPT ERROR: Invalid assignment of property or key 'visible' with value of type 'bool' on a base object of type 'Nil'.
   at: _process (res://demo/world.gd:1025)
   GDScript backtrace (most recent call first):
       [0] _process (res://demo/world.gd:1025)
SCRIPT ERROR: Invalid assignment of property or key 'visible' with value of type 'bool' on a base object of type 'Nil'.
   at: _process (res://demo/world.gd:1025)
   GDScript backtrace (most recent call first):
       [0] _process (res://demo/world.gd:1025)
SCRIPT ERROR: Invalid assignment of property or key 'visible' with value of type 'bool' on a base object of type 'Nil'.
   at: _process (res://demo/world.gd:1025)
   GDScript backtrace (most recent call first):
       [0] _process (res://demo/world.gd:1025)
SCRIPT ERROR: Invalid assignment of property or key 'visible' with value of type 'bool' on a base object of type 'Nil'.
   at: _process (res://demo/world.gd:1025)
[Repeated follow-on errors omitted; original full log retained in reports/furniture.]
