Godot Engine v4.7.2.stable.steam.ed1daf0bf - https://godotengine.org
Vulkan 1.4.351 - Forward+ - Using Device #0: NVIDIA - NVIDIA GeForce RTX 4050 Laptop GPU

[TerrainRewrite] New world
[TerrainRewrite] New world
[TerrainRewrite] Ready: nearby coverage/collision active; distant terrain still streaming
PASS main world ready
PASS all furniture available through normal object catalog
PASS real editable block floor supports interior fixture
[TerrainRewrite] Place objects
[TerrainRewrite] Wooden table placed · F5 saves world
PASS normal paid object tool places Wooden table
[TerrainRewrite] Wooden chair placed · F5 saves world
PASS normal paid object tool places Wooden chair
[TerrainRewrite] Wooden shelf placed · F5 saves world
PASS normal paid object tool places Wooden shelf
PASS one durable identity for Wooden table
FAIL native render residency for Wooden table
FAIL native compound collider matches Wooden table
PASS one durable identity for Wooden chair
FAIL native render residency for Wooden chair
FAIL native compound collider matches Wooden chair
PASS one durable identity for Wooden shelf
FAIL native render residency for Wooden shelf
FAIL native compound collider matches Wooden shelf
PASS table leg gap is not filled by a bounding-box collider
PASS 1080p fullscreen cap60
[TerrainRewrite] Temporary test world: save skipped
PASS world drains normally
FURNITURE_WORLD failures=6
