Godot Engine v4.7.2.stable.steam.ed1daf0bf - https://godotengine.org
Vulkan 1.4.351 - Forward+ - Using Device #0: NVIDIA - NVIDIA GeForce RTX 4050 Laptop GPU

[TerrainRewrite] New world
[TerrainRewrite] New world
[TerrainRewrite] Ready: nearby coverage/collision active; distant terrain still streaming
PASS main world ready
PASS all furniture available through normal object catalog
PASS fresh process restores combined block and furniture snapshot
PASS exact authoritative snapshot survives fresh process
[TerrainRewrite] Place objects
PASS one durable identity for Wooden table
PASS native render residency for Wooden table
PASS native compound collider matches Wooden table
PASS one durable identity for Wooden chair
PASS native render residency for Wooden chair
PASS native compound collider matches Wooden chair
PASS one durable identity for Wooden shelf
PASS native render residency for Wooden shelf
PASS native compound collider matches Wooden shelf
PASS table leg gap is not filled by a bounding-box collider
PASS 1080p fullscreen cap60
[TerrainRewrite] Temporary test world: save skipped
PASS world drains normally
FURNITURE_WORLD failures=0
