Godot Engine v4.7.2.stable.steam.ed1daf0bf - https://godotengine.org
Vulkan 1.3.289 - Forward+ - Using Device #0: NVIDIA - NVIDIA GeForce GTX 1060 with Max-Q Design

[TerrainRewrite] New world
[TerrainRewrite] New world
[TerrainRewrite] Ready: nearby coverage/collision active; distant terrain still streaming
PASS 1920x1080 fullscreen, full rendering scale
FOUNDATION_PHASE streaming_baseline
FOUNDATION_RESULT {"build":{},"frames":{"count":300,"max_ms":24.349,"median_ms":16.667,"over_50ms":0,"p95_ms":17.212,"p99_ms":22.864},"latency":{},"pages":0,"phase":"streaming_baseline"}
FOUNDATION_PHASE compact_history_control
FOUNDATION_RESULT {"build":{"count":24,"max_ms":17.966,"median_ms":15.774,"over_50ms":0,"p95_ms":16.378,"p99_ms":17.966},"frames":{"count":416,"max_ms":38.231,"median_ms":16.666,"over_50ms":0,"p95_ms":18.1,"p99_ms":18.68},"latency":{"count":24,"max_ms":101.444,"median_ms":35.68,"over_50ms":5,"p95_ms":85.743,"p99_ms":101.444},"pages":2,"phase":"compact_history_control"}
FOUNDATION_PHASE expanding_excavation
FOUNDATION_RESULT {"build":{"count":24,"max_ms":27.827,"median_ms":22.116,"over_50ms":0,"p95_ms":27.662,"p99_ms":27.827},"frames":{"count":731,"max_ms":51.513,"median_ms":16.665,"over_50ms":1,"p95_ms":16.697,"p99_ms":16.826},"latency":{"count":24,"max_ms":119.801,"median_ms":38.115,"over_50ms":11,"p95_ms":104.063,"p99_ms":119.801},"pages":10,"phase":"expanding_excavation"}
FOUNDATION_PHASE travel_new_regions
FOUNDATION_RESULT {"build":{"count":64,"max_ms":155.956,"median_ms":109.479,"over_50ms":51,"p95_ms":153.657,"p99_ms":155.956},"frames":{"count":709,"max_ms":26.035,"median_ms":16.666,"over_50ms":0,"p95_ms":16.688,"p99_ms":17.315},"latency":{"count":64,"max_ms":184.966,"median_ms":134.767,"over_50ms":59,"p95_ms":171.545,"p99_ms":184.966},"pages":96,"phase":"travel_new_regions"}
FOUNDATION_PHASE return_history_control
FOUNDATION_RESULT {"build":{"count":24,"max_ms":19.402,"median_ms":17.731,"over_50ms":0,"p95_ms":18.41,"p99_ms":19.402},"frames":{"count":660,"max_ms":45.588,"median_ms":16.666,"over_50ms":0,"p95_ms":17.831,"p99_ms":18.215},"latency":{"count":24,"max_ms":104.912,"median_ms":34.807,"over_50ms":6,"p95_ms":103.93,"p99_ms":104.912},"pages":96,"phase":"return_history_control"}
FOUNDATION_PHASE recovery
FOUNDATION_RESULT {"build":{},"frames":{"count":600,"max_ms":38.658,"median_ms":16.666,"over_50ms":0,"p95_ms":16.759,"p99_ms":17.274},"latency":{},"pages":96,"phase":"recovery"}
FAIL streaming_baseline: frame p99 <=20 ms and no >50 ms stalls
PASS compact_history_control: frame p99 <=20 ms and no >50 ms stalls
PASS compact_history_control: edit publication p95 <=150 ms
PASS compact_history_control: at least 90 percent of edits actually change terrain
FAIL expanding_excavation: frame p99 <=20 ms and no >50 ms stalls
PASS expanding_excavation: edit publication p95 <=150 ms
PASS expanding_excavation: at least 90 percent of edits actually change terrain
PASS travel_new_regions: frame p99 <=20 ms and no >50 ms stalls
FAIL travel_new_regions: edit publication p95 <=150 ms
PASS travel_new_regions: at least 90 percent of edits actually change terrain
PASS return_history_control: frame p99 <=20 ms and no >50 ms stalls
PASS return_history_control: edit publication p95 <=150 ms
PASS return_history_control: at least 90 percent of edits actually change terrain
PASS recovery: frame p99 <=20 ms and no >50 ms stalls
PASS return control median latency grows no more than 25 percent
[TerrainRewrite] Temporary test world: save skipped
