Godot Engine v4.7.2.stable.steam.ed1daf0bf - https://godotengine.org
Vulkan 1.4.351 - Forward+ - Using Device #0: NVIDIA - NVIDIA GeForce RTX 4050 Laptop GPU

[TerrainRewrite] New world
[TerrainRewrite] New world
[TerrainRewrite] Lake ready · F5 saves world
[TerrainRewrite] Ready: nearby coverage/collision active; distant terrain still streaming
PASS world starts
PASS actual editor creates and selects a connected settlement
PASS editor result has two streets and two end connections
PASS frontage supplies its real street metadata
PASS editor camera has a real terrain target
PASS button starts asynchronous survey and prevents duplicate requests
[TerrainRewrite] Lake ready · F5 saves world
PASS survey displays a usable grade proposal
PASS survey changes neither terrain nor structures
PASS survey builds one spatial preview mesh
PASS unchanged frames reuse preview geometry
PASS leaving construction hides the site outline
PASS returning to construction restores cached preview
PASS visible construction panel fits 1080p
PANEL_RECT [P: (1500.0, 36.0), S: (380.0, 967.0)]
SURVEY_DIALOG Origin X/Z: 807 / 1310 · Rotation: 0°
Suggested base Y: 47 m (allowed 39–52 m)
Ground elevation: 45.3–49.1 m · 396 foundation columns

Prepare grades the whole rectangular site, including gaps,
with up to 8 m fill, 12 m cut and 8 m sloped fill shoulders.
Terrain grading has no block undo. Buildings are not placed.
Then paves the 8 m street with asphalt before placement.
Outline: green foundation · orange fill · cyan asphalt.
PREPARATION_GUARD Move outside the entire foundation and its shoulders. state=idle
PASS player inside complete foundation envelope rejects preparation
PREPARATION_ADMISSION running 
PASS editor admits preparation after player moves clear
PASS all real terrain grading sections publish
PASS editor preparation includes asphalt after the stone foundation
PASS preparation changes terrain only by its accepted edit count
PASS completed site can be reopened for exact placement
[TerrainRewrite] Checking foundation support…
PASS dialog placement captures prepared target despite changed aim
PASS closing dialog cancels pending validation without inserting blocks
[TerrainRewrite] Checking foundation support…
[TerrainRewrite] Connected cottage settlement placed · F5 saves world
PASS prepared site places exactly one prefab after full validation
PASS committed building invalidates the old preparation preview
SITE_FRAME_PROBE { "frames": 196, "p95_ms": 19.029, "max_ms": 29.207, "notes": "Post-draw wall intervals include cap/wait time. Stage labels can nest and must not be summed across labels. GPU timers may lag and zero is unavailable, not zero work. 1200-frame capture limit." }
PASS resident tree envelopes do not overlap placed structures
PASS focused survey dialog retains 60 FPS cap
PASS repeated placement cannot duplicate the prepared building
[TerrainRewrite] Lake ready · F5 saves world
[TerrainRewrite] World saved and verified; terrain and addon state published together
[TerrainRewrite] Lake ready · F5 saves world
[TerrainRewrite] World saved and verified; terrain and addon state published together
[TerrainRewrite] World saved and verified; terrain and addon state published together
SCRIPT ERROR: Invalid call. Nonexistent function 'execute' in base 'Nil'.
   at: capture (res://tests/connected_world_reopen.gd:37)
   GDScript backtrace (most recent call first):
       [0] capture (res://tests/connected_world_reopen.gd:37)
FAIL combined settlement, model, roads and generated lakes save through normal lifecycle
