Godot Engine v4.7.2.stable.steam.ed1daf0bf - https://godotengine.org
Vulkan 1.4.351 - Forward+ - Using Device #0: NVIDIA - NVIDIA GeForce RTX 4050 Laptop GPU

[TerrainRewrite] World loaded
[TerrainRewrite] World loaded
[TerrainRewrite] Lake ready · F5 saves world
[TerrainRewrite] Ready: nearby coverage/collision active; distant terrain still streaming
[TerrainRewrite] Lake ready · F5 saves world
[TerrainRewrite] Lake ready · F5 saves world
[TerrainRewrite] World saved and verified; terrain and addon state published together
[TerrainRewrite] Lake ready · F5 saves world
PASS fresh process loads playable world
PASS fresh process opens the exact persistent slot
PASS geology/lake generator and seed survive reopen
PASS reopen uses 1080p fullscreen at 100 percent scale and 60 FPS cap
PASS exact blocks state survives fresh process
PASS exact models state survives fresh process
PASS exact lakes state survives fresh process
PASS exact roads state survives fresh process
PASS all four saved lake definitions rebake into occupied water
PASS all connected roads restore in the editor catalog
PASS all four cottages restore as ordinary editable blocks
[TerrainRewrite] World saved and verified; terrain and addon state published together
PASS reopened world closes through normal save lifecycle
PASS exact generated and edited terrain survives fresh process
PASS saved streets retain asphalt at ends and midpoints
