Godot Engine v4.7.2.stable.steam.ed1daf0bf - https://godotengine.org
Vulkan 1.4.351 - Forward+ - Using Device #0: NVIDIA - NVIDIA GeForce RTX 4050 Laptop GPU

[TerrainRewrite] World loaded
[TerrainRewrite] World loaded
[TerrainRewrite] Lake ready · F5 saves world
[TerrainRewrite] Lake ready · F5 saves world
[TerrainRewrite] Ready: nearby coverage/collision active; distant terrain still streaming
[TerrainRewrite] Actor placed · F5 saves world.
PASS J places an actor on clear loaded road: Actor placed · F5 saves world.
[TerrainRewrite] Place actors on static ground or floors, not moving bodies.
PASS occupied actor position rejects duplicate placement
[TerrainRewrite] Actor placement is available in the free editor only.
PASS gameplay mode rejects free actor removal
[TerrainRewrite] Actor editing unavailable right now.
PASS released input rejects actor edits
[TerrainRewrite] Aim at a nearby actor.
FAIL Shift+J removes the aimed actor: Aim at a nearby actor.
[TerrainRewrite] Aim at clear, supported ground within 12 m.
PASS placement works again after proxy retirement
PASS editor controls appear in HUD
[TerrainRewrite] ERROR: save blocked: snapshot writes explicitly disabled; previous canonical snapshot retained
