Godot Engine v4.7.2.stable.steam.ed1daf0bf - https://godotengine.org

PASS independent water GDExtension registered
PASS hard voxel cap rejects oversized allocation
PASS nonfinite origin rejected
PASS nonfinite spacing rejected
PASS bounded lake builder configured
PASS incomplete density field rejected without committing
PASS nonfinite density rejected before mutation
PASS connected sealed basin bakes
PASS 3D occupancy and submerged depth agree
PASS surface, solid floor and exterior are dry
PASS invalid query positions are dry
PASS published volume is immutable
PASS bake scratch freed and occupancy remains bounded
PASS surface rows merged without interior volume faces
PASS bounded lake builder configured
PASS open boundary rejects entire lake without partial publication
PASS bounded lake builder configured
PASS flood fill does not fill disconnected neighboring basin
PASS bounded lake builder configured
PASS connected water occupies below cave roof while solid ceiling stays dry
PASS bounded lake builder configured
PASS blocked seed rejects publication
PASS bounded lake builder configured
PASS negative world coordinates preserve occupancy indexing
PASS bounded lake builder configured
PASS maximum configured cell budget bakes
PASS 262144-cell lake frees all temporary scratch
PASS actual terrain basin excavation accepted
PASS bounded lake builder configured
PASS bounded slices sample actual edited 3D terrain into water occupancy
PASS bounded lake builder configured
PASS terrain revision mismatch cancels bake
PASS bounded lake builder configured
PASS terrain cancellation epoch rejects stale bake

