Godot Engine v4.7.2.stable.steam.ed1daf0bf - https://godotengine.org
Vulkan 1.4.351 - Forward+ - Using Device #0: NVIDIA - NVIDIA GeForce RTX 4050 Laptop GPU

[TerrainRewrite] New world
[TerrainRewrite] New world
[TerrainRewrite] Ready: nearby coverage/collision active; distant terrain still streaming
PASS actual world becomes ready
PASS normal-world ground cover enabled
PASS real support and exclusion masks publish 49 cells
PASS real terrain has bounded ground-cover population
[TerrainRewrite] Sculpt sphere
[TerrainRewrite] Ground cover: 1 stone / 2 plant / 3 grass; LMB or E remove; RMB place
PASS H activates normal-world ground-cover tool
[TerrainRewrite] Grass clump; LMB remove; RMB place
[TerrainRewrite] Collected ground cover
PASS normal LMB removes aimed natural ground cover
[TerrainRewrite] Ground cover placed
PASS normal RMB places selected ground cover on actual terrain
PASS collect/place round trip preserves inventory contents in selected mode
PASS authored placement finishes terrain publication
PASS species has bounded GPU residency
PASS species has bounded GPU residency
PASS species has bounded GPU residency
PASS fullscreen 1080p with 60 FPS cap
[TerrainRewrite] Temporary test world: save skipped
GROUND_COVER_INTERACTION_WORLD failures=0
