Godot Engine v4.7.2.stable.steam.ed1daf0bf - https://godotengine.org
Vulkan 1.3.289 - Forward+ - Using Device #0: NVIDIA - NVIDIA GeForce GTX 1060 with Max-Q Design

[TerrainRewrite] New world
[TerrainRewrite] New world
[TerrainRewrite] Ready: nearby coverage/collision active; distant terrain still streaming
PASS persistent main scene starts automatic native building paging
PASS persistent fixture authors two separated textured cottages
[TerrainRewrite] World saved and verified; terrain and addon state published together
PASS main terrain worker commits the authored building regions
PASS main scene evicts the distant committed cottage automatically
PASS paged main world exposes a safe storage snapshot while legacy capture remains guarded
PASS player travel admits the destination cottage and evicts the old distant region
PASS travel restores exact authored shapes and materials
PASS native building edit is accepted in an admitted region
PASS return travel reloads the original cottage
PASS automatic main-scene paging retains a distant unsaved edit and undo history
[TerrainRewrite] World saved and verified; terrain and addon state published together
PASS main world saves edits while other building residency changes
PASS committed distant edit becomes evictable after history releases it
[TerrainRewrite] World saved and verified; terrain and addon state published together
PASS main world persists the resulting partially resident state
[TerrainRewrite] World loaded
[TerrainRewrite] World loaded
[TerrainRewrite] Ready: nearby coverage/collision active; distant terrain still streaming
PASS hot reload restores metadata and automatically resumes nearby admission with a new epoch
PASS hot reload keeps exact nearby cells and leaves distant cottage unloaded
[TerrainRewrite] World saved and verified; terrain and addon state published together
[TerrainRewrite] World loaded
[TerrainRewrite] World loaded
[TerrainRewrite] Ready: nearby coverage/collision active; distant terrain still streaming
PASS fresh main-scene instance reopens the paged saved world
PASS fresh instance streams the distant edited cottage on travel
PASS resident edit survives save eviction hot reload shutdown and fresh startup
PASS interactive main-world paging stays within configured scan transfer and chunk bounds
PASS streamed cottage completes visible mesh admission
PASS persistent paging evidence uses 1920x1080 fullscreen
[TerrainRewrite] World saved and verified; terrain and addon state published together

