Godot Engine v4.7.2.stable.steam.ed1daf0bf - https://godotengine.org

SCAN duration_us=51245 entries=408
PASS large cache stops within entry budget and uses read-only accounting
PASS incomplete accounting never authorizes new disk writes
PASS continuation respects entry budget
PASS continuation respects entry budget
PASS continuation respects entry budget
PASS continuation respects entry budget
PASS continuation respects entry budget
PASS continuation respects entry budget
PASS continuation respects entry budget
PASS continuation respects entry budget
PASS continuation respects entry budget
PASS continuation respects entry budget
PASS continuation respects entry budget
PASS continuation respects entry budget
PASS continuation respects entry budget
PASS continuation respects entry budget
PASS continuation respects entry budget
PASS continuation respects entry budget
PASS continuation respects entry budget
PASS continuation respects entry budget
PASS continuation respects entry budget
PASS continuation respects entry budget
PASS continuation respects entry budget
PASS continuation respects entry budget
PASS continuation respects entry budget
PASS continuation respects entry budget
PASS continuation respects entry budget
PASS continuation respects entry budget
PASS continuation respects entry budget
PASS continuation respects entry budget
PASS continuation respects entry budget
PASS continuation respects entry budget
PASS continuation respects entry budget
PASS continuation respects entry budget
PASS continuation respects entry budget
PASS continuation respects entry budget
PASS continuation respects entry budget
PASS continuation respects entry budget
PASS continuation respects entry budget
PASS continuation respects entry budget
PASS continuation respects entry budget
PASS continuation respects entry budget
PASS continuation respects entry budget
PASS continuation respects entry budget
PASS continuation respects entry budget
PASS continuation respects entry budget
PASS continuation respects entry budget
PASS continuation respects entry budget
PASS continuation respects entry budget
PASS continuation respects entry budget
PASS continuation respects entry budget
PASS continuation respects entry budget
PASS continuation respects entry budget
PASS continuation respects entry budget
PASS continuation respects entry budget
PASS continuation respects entry budget
PASS continuation respects entry budget
PASS continuation respects entry budget
PASS continuation respects entry budget
PASS continuation respects entry budget
PASS continuation respects entry budget
PASS continuation respects entry budget
PASS continuation respects entry budget
PASS continuation respects entry budget
PASS continuation respects entry budget
PASS continuation respects entry budget
PASS continuation respects entry budget
PASS continuation respects entry budget
PASS continuation respects entry budget
PASS continuation respects entry budget
PASS continuation respects entry budget
PASS continuation respects entry budget
PASS continuation respects entry budget
PASS continuation respects entry budget
PASS continuation respects entry budget
PASS continuation respects entry budget
PASS continuation respects entry budget
PASS continuation respects entry budget
PASS continuation respects entry budget
PASS continuation respects entry budget
PASS continuation respects entry budget
PASS continuation respects entry budget
PASS continuation respects entry budget
PASS continuation respects entry budget
PASS continuation respects entry budget
PASS continuation respects entry budget
PASS continuation respects entry budget
PASS continuation respects entry budget
PASS continuation respects entry budget
PASS continuation respects entry budget
PASS continuation respects entry budget
PASS continuation respects entry budget
PASS continuation respects entry budget
PASS continuation respects entry budget
PASS continuation respects entry budget
PASS continuation respects entry budget
PASS continuation respects entry budget
PASS continuation respects entry budget
PASS continuation respects entry budget
PASS continuation respects entry budget
PASS continuation respects entry budget
PASS continuation respects entry budget
PASS continuation respects entry budget
PASS continuation respects entry budget
PASS continuation respects entry budget
PASS continuation respects entry budget
PASS continuation respects entry budget
PASS continuation respects entry budget
PASS continuation respects entry budget
PASS continuation respects entry budget
PASS continuation respects entry budget
PASS continuation respects entry budget
PASS continuation respects entry budget
PASS continuation respects entry budget
PASS continuation respects entry budget
PASS bounded continuations finish exact accounting without reconfiguration
PASS completed background accounting restores quota-checked writes
PASS small empty cache obtains complete accounting
PASS complete accounting permits quota-checked writes
PASS read-only accounting preserves checksum-validated cache reads
CACHE_SCAN_BUDGET failures=0
