Godot Engine v4.7.2.stable.steam.ed1daf0bf - https://godotengine.org
Vulkan 1.3.289 - Forward+ - Using Device #0: NVIDIA - NVIDIA GeForce GTX 1060 with Max-Q Design

[TerrainRewrite] New world
[TerrainRewrite] New world
[terrain-hitch] receive 132.99 ms at 13234
[TerrainRewrite] Ready: nearby coverage/collision active; distant terrain still streaming
PASS 1920x1080 fullscreen at full scale
FOUNDATION_PHASE held_flight_0
FOUNDATION_RESULT {"build":{"count":23,"max_ms":57.54,"median_ms":40.679,"over_50ms":5,"p95_ms":56.39,"p99_ms":57.54},"frames":{"count":187,"max_ms":51.277,"median_ms":16.668,"over_50ms":1,"p95_ms":17.127,"p99_ms":17.617},"latency":{"count":23,"max_ms":119.977,"median_ms":69.823,"over_50ms":20,"p95_ms":103.722,"p99_ms":119.977},"pages":27,"phase":"held_flight_0"}
PASS held-input workload valid: focused, captured and pressed
PASS held input produces repeated visible changes
PASS held capture-to-draw p95 <=150ms
FAIL no gap between visible mining changes exceeds 150ms
FOUNDATION_PHASE held_flight_1
FOUNDATION_RESULT {"build":{"count":29,"max_ms":39.045,"median_ms":17.723,"over_50ms":0,"p95_ms":32.279,"p99_ms":39.045},"frames":{"count":183,"max_ms":27.117,"median_ms":16.671,"over_50ms":0,"p95_ms":17.86,"p99_ms":19.004},"latency":{"count":29,"max_ms":57.259,"median_ms":38.678,"over_50ms":7,"p95_ms":55.261,"p99_ms":57.259},"pages":39,"phase":"held_flight_1"}
PASS held-input workload valid: focused, captured and pressed
PASS held input produces repeated visible changes
PASS held capture-to-draw p95 <=150ms
PASS no gap between visible mining changes exceeds 150ms
PASS bounded observer writer retains all frames and progress reports
[TerrainRewrite] Temporary test world: save skipped
