Godot Engine v4.7.2.stable.steam.ed1daf0bf - https://godotengine.org

PASS unconfigured pool cannot publish snapshot
PASS configured empty store has valid compact snapshot
PASS snapshot stores live rows only at 32 bytes each
PASS malformed snapshot leaves live state intact 0
PASS malformed snapshot leaves live state intact 1
PASS malformed snapshot leaves live state intact 2
PASS malformed snapshot leaves live state intact 3
PASS malformed snapshot leaves live state intact 4
PASS malformed snapshot leaves live state intact 5
PASS malformed snapshot leaves live state intact 6
PASS malformed snapshot leaves live state intact 7
PASS restore replaces live pool
PASS round trip exact and previous runtime handles invalidated
PASS restored spatial index finds entity
PASS restored velocity drives next simulation tick
PASS entity codec registers with compound world persistence
PASS compound provider restores and captures exact entity section
PASS compound archive detects entity payload corruption
PASS empty world restore clears population and spatial index
