Godot Engine v4.7.2.stable.steam.ed1daf0bf - https://godotengine.org
Vulkan 1.4.351 - Forward+ - Using Device #0: NVIDIA - NVIDIA GeForce RTX 4050 Laptop GPU

[TerrainRewrite] New world
[TerrainRewrite] New world
[TerrainRewrite] Ready: nearby coverage/collision active; distant terrain still streaming
PASS terrain/player loading gate settles
PASS lake authoring target has real terrain collision
PASS lake tool accepts bounded excavation and water definition
[TerrainRewrite] Lake ready · temporary world
PASS worker-baked lake publishes in real terrain scene
PASS scene water query finds submerged volume
PASS scene water query rejects point above lake
PASS player chest sample enters baked volumetric lake
PASS real player swims upward through collision-aware movement
PASS submerged camera enables local underwater fog
PASS player leaving volume returns to dry movement
PASS leaving water restores inherited scene environment
PASS water visual check uses 1920x1080 fullscreen at 100 percent scale
PASS submerged terrain edit accepted
PASS accepted terrain edit immediately invalidates stale water
[TerrainRewrite] Lake ready · temporary world
PASS water rebakes after edited terrain publishes
PASS completed bake leaves no outstanding worker slice
PASS removing lake releases surface ownership and resident volume
PASS removal during sampling discards late worker completion
[TerrainRewrite] Temporary test world: save skipped
