Godot Engine v4.7.2.stable.steam.ed1daf0bf - https://godotengine.org
Vulkan 1.4.351 - Forward+ - Using Device #0: NVIDIA - NVIDIA GeForce RTX 4050 Laptop GPU

[TerrainRewrite] New world
[TerrainRewrite] New world
[TerrainRewrite] Ready: nearby coverage/collision active; distant terrain still streaming
PASS world starts
PASS actual editor creates and selects a connected settlement
PASS editor result has two streets and two end connections
PASS frontage supplies its real street metadata
PASS editor camera has a real terrain target
PASS button starts asynchronous survey and prevents duplicate requests
PASS survey displays a usable grade proposal
PASS survey changes neither terrain nor structures
PASS survey builds one spatial preview mesh
PASS unchanged frames reuse preview geometry
PASS leaving construction hides the site outline
PASS returning to construction restores cached preview
PASS visible construction panel fits 1080p
PANEL_RECT [P: (1500.0, 36.0), S: (380.0, 967.0)]
SURVEY_DIALOG Origin X/Z: 807 / 1310 Ā· Rotation: 0Ā°
Suggested base Y: 47 m (allowed 39ā€“52 m)
Ground elevation: 45.3ā€“49.1 m Ā· 396 foundation columns

Prepare grades the whole rectangular site, including gaps,
with up to 8 m fill, 12 m cut and 8 m sloped fill shoulders.
Terrain grading has no block undo. Buildings are not placed.
Then paves the 8 m street with asphalt before placement.
Outline: green foundation Ā· orange fill Ā· cyan asphalt.
PREPARATION_GUARD Move outside the entire foundation and its shoulders. state=idle
PASS player inside complete foundation envelope rejects preparation
PREPARATION_ADMISSION running 
PASS editor admits preparation after player moves clear
PASS all real terrain grading sections publish
PASS editor preparation includes asphalt after the stone foundation
PASS preparation changes terrain only by its accepted edit count
PASS completed site can be reopened for exact placement
[TerrainRewrite] Checking foundation supportā€¦
PASS dialog placement captures prepared target despite changed aim
PASS closing dialog cancels pending validation without inserting blocks
[TerrainRewrite] Checking foundation supportā€¦
[TerrainRewrite] Connected cottage settlement placed Ā· F5 saves world
PASS prepared site places exactly one prefab after full validation
PASS committed building invalidates the old preparation preview
SITE_FRAME_PROBE { "frames": 109, "p95_ms": 19.911, "max_ms": 2002.161, "notes": "Post-draw wall intervals include cap/wait time. Stage labels can nest and must not be summed across labels. GPU timers may lag and zero is unavailable, not zero work. 1200-frame capture limit." }
PASS resident tree envelopes do not overlap placed structures
PASS focused survey dialog retains 60 FPS cap
PASS repeated placement cannot duplicate the prepared building
[TerrainRewrite] Terrain editing
PASS street handoff uses normal terrain tool switch
PASS completed settlement registers every road entrance pair
PASS road editor captures prepared street end after building placement
PASS street handoff changes preview only
PASS end-target control routes real entrance button into exact finish
PASS end-target button remains preview-only
PASS street connection controls exclusively fit above the 1080p toolbelt
[TerrainRewrite] Build blocks
PASS replacement survey really starts before rotation invalidation
PASS rotation change invalidates in-flight proposal
PASS existing structure inside plan rejects grading
PASS parked vehicle inside plan rejects grading
[TerrainRewrite] Temporary test world: save skipped

