Godot Engine v4.7.2.stable.steam.ed1daf0bf - https://godotengine.org

PASS reject edits before mesh configuration
PASS unconfigured collection cannot silently save anonymous assets
PASS reject invalid asset keys
PASS configure stable asset key
PASS empty configured snapshot validates
PASS insert explicit 64-bit stable IDs
PASS IDs remain sorted and preserve 64-bit precision
PASS retrieve exact authored transform
PASS missing object returns no transform
PASS move object inside group
PASS single local edit updates one GPU slot without rebuilding its group
PASS unrelated group keeps its scene node
PASS identical edit performs no GPU upload
PASS direct slot update accepts rotated scaled basis
PASS move existing ID across signed group boundary
PASS move reclaims old empty group and preserves ID
PASS duplicate IDs rejected
PASS zero ID rejected
PASS negative ID rejected
PASS incomplete transform rejected
PASS singular basis rejected
PASS nonfinite basis rejected
PASS mixed existing/missing removal rejected
PASS duplicate removal IDs rejected
PASS populated asset identity cannot change silently
PASS all rejected commands preserve snapshot bytes
PASS valid snapshot with unresolved asset identity rejected on restore
PASS asset-bound snapshot round trip preserves IDs/transforms
PASS checksum catches accidental corruption
PASS truncated snapshot rejected
PASS checksummed zero placement ID rejected
PASS checksummed duplicate placement ID rejected
PASS checksummed NaN transform rejected
PASS checksummed excessive count rejected before allocation
PASS rejected loads preserve published collection
PASS removal preserves all remaining IDs
PASS restoring empty collection releases all render batches
PASS large same-group update accepted
PASS large edit uses one bulk upload instead of individual renderer calls
PASS 4096 spatial group boundary accepted
PASS 4097th spatial group rejected atomically
PASS group overflow leaves collection unchanged
PASS moving singleton group at capacity allowed
PASS capacity move retains exact limits
PASS repeated placement/removal retains no spatial or slot tombstones
PASS static collision defaults to opt-in
PASS configure bounded native static collision
PASS nearby proxies publish within one-body-per-tick budget
PASS native collision adds no per-placement scene nodes
PASS physics ray resolves exact stable 64-bit placement ID
PASS distant static placements have no physics body
PASS collision residency does not change placement snapshots
PASS invalid load and edit reject before changing physics
PASS rejected commands preserve existing physics handles
PASS small focus changes avoid repeated placement scans
PASS invalid budgets preserve collision configuration
PASS invalid proxy geometry rejected
PASS invalid configuration preserves existing collision
PASS travel evicts old bodies and admits the nearby placement
PASS travelled-to object has its own collision identity
PASS moving a placement immediately invalidates its old physics identity
PASS local render edit also moves static collision
PASS removal releases collision
PASS restore collidable placements
PASS snapshot restore rebuilds application-configured proxies
PASS large proxy crossing origin groups remains selectable by its bounds
PASS collision count cap can shrink
PASS nearest admission reports capacity-deferred collision
PASS affine placement basis produces matching convex proxy surface
PASS collection transform updates physics without scaled-body mismatch
PASS leaving the scene releases all native physics handles
PASS reentering the scene rebuilds collision
PASS moving to a private physics world removes collision from the old world
PASS private physics world receives the placement proxies
PASS in-tree world reassignment rebinds native bodies to the new space
PASS disabling collision releases bodies immediately
PASS twenty visits retain only nearby physics and preserve authored records
PASS 100000 placements coexist with bounded collision configuration
PASS 100000-placement collection admits only sixteen nearest physics bodies
PASS large collidable collection retains only spatial render nodes
PASS CharacterBody3D lands on the placed model floor
PASS destroying collection leaves no ghost physics
PASS compound doorway uses explicit body and shape budgets
PASS shape budgets bound residency and tick publication independently of body budgets
PASS doorway opening is not filled by the union bounding box
PASS each doorway part resolves to the same placement identity
PASS each doorway part resolves to the same placement identity
PASS each doorway part resolves to the same placement identity
PASS character passes through the compound doorway
PASS character is stopped by the door post
PASS budgets too small for one complete compound body reject atomically
PASS invalid part rejects the entire compound configuration
PASS compound part count is bounded
PASS rejected compound configurations preserve live bodies
PASS caller array mutation cannot alter retained compound metadata
PASS removal releases every part of a compound body
PASS restore reconstructs compound solids and openings
PASS compound destruction leaves no ghost shapes
PASS native insertion preview is read-only
PASS automatic placement IDs do not overwrite live objects
PASS native placement rejects player intersection atomically
PASS invalid automatic insertion preserves data
PASS automatic IDs derive from restored authoritative records
PASS automatic insertion rejects ID overflow without wrapping
STATIC_PLACEMENTS_RESULT {"checks":104,"collision_100k":{"body_builds":66,"body_evictions":50,"budget_deferred":80,"builds_per_tick":4,"candidate_bodies":96,"enabled":true,"instance_limit":16,"invalid_proxies":0,"parts_per_body":1,"pending_bodies":0,"radius":16.0,"resident_bodies":16,"resident_shapes":16,"selection_pending":false,"selection_queries":34,"shape_limit":4096,"shapes_per_tick":64,"transform_valid":true},"failures":0,"gpu_readback":false}

