Godot Engine v4.7.2.stable.steam.ed1daf0bf - https://godotengine.org

PASS real native street publishes before anchors are registered
PASS bounded native anchor encoding
PASS legacy single-street record restores as catalog
PASS native catalog accepts its exact 256-record bound
PASS native catalog rejects 257 records
PASS invalid coordinates cannot replace anchors
PASS unknown version rejected
PASS trailing bytes rejected
PASS unsupported street width rejected
PASS second street publishes
PASS distinct streets retained and repeated registration deduplicated
PASS earlier street remains selectable
PASS two streets use bounded version-two collection
PASS oversized catalog count rejected
PASS invalid selected index leaves catalog unchanged
PASS road editor settings have bounded native encoding
PASS invalid numeric setting rejects atomically at 16
PASS invalid numeric setting rejects atomically at 24
PASS invalid numeric setting rejects atomically at 32
PASS invalid numeric setting rejects atomically at 40
PASS unknown surface leaves editor settings unchanged
PASS legacy missing settings restores defaults
PASS restored settings refresh mode-specific controls
PASS compound anchor save published
[TerrainRewrite] World saved and verified; terrain and addon state published together
PASS saved street has asphalt support and open clearance at both entrances and midpoint
PASS second saved street has asphalt and clearance
PASS new world restores anchors from disk
PASS fresh world restores exact road authoring settings from compound disk save
PASS catalog and selected earlier street restore together
PASS restored entrance selects exact preview endpoint
PASS restored catalog forms exact street-to-street connector
PASS selected connector publishes through native road construction
PASS missing legacy section clears anchors
[TerrainRewrite] World saved and verified; terrain and addon state published together
PASS reopened terrain preserves asphalt and clearance at restored anchor coordinates
PASS reopened terrain preserves second street too
PASS connector supplies asphalt and clearance across gap between saved streets
