Godot Engine v4.7.2.stable.steam.ed1daf0bf - https://godotengine.org
Vulkan 1.3.289 - Forward+ - Using Device #0: NVIDIA - NVIDIA GeForce GTX 1060 with Max-Q Design

[TerrainRewrite] New world
[TerrainRewrite] New world
[TerrainRewrite] Ready: nearby coverage/collision active; distant terrain still streaming
PASS 1920x1080 fullscreen, full rendering scale
FOUNDATION_PHASE streaming_baseline
FOUNDATION_RESULT {"build":{},"frames":{"count":298,"max_ms":34.213,"median_ms":16.666,"over_50ms":0,"p95_ms":17.245,"p99_ms":32.583},"latency":{},"pages":0,"phase":"streaming_baseline"}
FOUNDATION_PHASE compact_history_control
FOUNDATION_RESULT {"build":{"count":24,"max_ms":10.264,"median_ms":9.544,"over_50ms":0,"p95_ms":9.966,"p99_ms":10.264},"frames":{"count":119,"max_ms":17.504,"median_ms":16.659,"over_50ms":0,"p95_ms":17.345,"p99_ms":17.436},"latency":{"count":24,"max_ms":36.148,"median_ms":34.645,"over_50ms":0,"p95_ms":35.566,"p99_ms":36.148},"pages":8,"phase":"compact_history_control"}
FOUNDATION_PHASE expanding_excavation
FOUNDATION_RESULT {"build":{"count":24,"max_ms":10.59,"median_ms":10.062,"over_50ms":0,"p95_ms":10.517,"p99_ms":10.59},"frames":{"count":119,"max_ms":17.605,"median_ms":16.68,"over_50ms":0,"p95_ms":17.292,"p99_ms":17.493},"latency":{"count":24,"max_ms":35.647,"median_ms":34.826,"over_50ms":0,"p95_ms":35.29,"p99_ms":35.647},"pages":8,"phase":"expanding_excavation"}
FOUNDATION_PHASE travel_new_regions
FOUNDATION_RESULT {"build":{"count":64,"max_ms":324.805,"median_ms":70.16,"over_50ms":37,"p95_ms":235.643,"p99_ms":324.805},"frames":{"count":505,"max_ms":22.063,"median_ms":16.645,"over_50ms":0,"p95_ms":17.139,"p99_ms":17.495},"latency":{"count":64,"max_ms":334.239,"median_ms":84.249,"over_50ms":37,"p95_ms":250.855,"p99_ms":334.239},"pages":92,"phase":"travel_new_regions"}
FOUNDATION_PHASE return_history_control
FOUNDATION_RESULT {"build":{"count":24,"max_ms":12.218,"median_ms":11.005,"over_50ms":0,"p95_ms":12.109,"p99_ms":12.218},"frames":{"count":148,"max_ms":17.768,"median_ms":16.704,"over_50ms":0,"p95_ms":17.259,"p99_ms":17.734},"latency":{"count":24,"max_ms":37.588,"median_ms":35.501,"over_50ms":0,"p95_ms":37.029,"p99_ms":37.588},"pages":92,"phase":"return_history_control"}
FOUNDATION_PHASE recovery
[TerrainRewrite] Temporary test world: save skipped
FOUNDATION_RESULT {"build":{},"frames":{"count":600,"max_ms":18.49,"median_ms":16.672,"over_50ms":0,"p95_ms":17.211,"p99_ms":17.908},"latency":{},"pages":92,"phase":"recovery"}
FAIL streaming_baseline: frame p99 <=20 ms and no >50 ms stalls
PASS compact_history_control: frame p99 <=20 ms and no >50 ms stalls
PASS compact_history_control: edit publication p95 <=150 ms
PASS expanding_excavation: frame p99 <=20 ms and no >50 ms stalls
PASS expanding_excavation: edit publication p95 <=150 ms
PASS travel_new_regions: frame p99 <=20 ms and no >50 ms stalls
FAIL travel_new_regions: edit publication p95 <=150 ms
PASS return_history_control: frame p99 <=20 ms and no >50 ms stalls
PASS return_history_control: edit publication p95 <=150 ms
PASS recovery: frame p99 <=20 ms and no >50 ms stalls
PASS return control median latency grows no more than 25 percent
[TerrainRewrite] Temporary test world: save skipped

