Godot Engine v4.7.2.stable.steam.ed1daf0bf - https://godotengine.org

PASS generator four contains solid iron and copper veins
[TerrainRewrite] New world
[TerrainRewrite] New world
[TerrainRewrite] Lake ready · F5 saves world
[TerrainRewrite] Lake ready · F5 saves world
[TerrainRewrite] Lake ready · F5 saves world
[TerrainRewrite] Lake ready · F5 saves world
[TerrainRewrite] Ready: nearby coverage/collision active; distant terrain still streaming
PASS actual world ready in gameplay mode
PASS actual gameplay admits mining material 8
[TerrainRewrite] Mined resources are available in inventory under Pending materials
PASS published excavation removes selected ore 8
PASS reward inbox receives exact native material counts
PASS actual gameplay admits mining material 9
[TerrainRewrite] Mined resources are available in inventory under Pending materials
PASS published excavation removes selected ore 9
PASS reward inbox receives exact native material counts
PASS claim mined ore 202
PASS craft mined ore into metal
PASS claim mined ore 203
PASS craft mined ore into metal
[TerrainRewrite] World saved and verified; terrain and addon state published together
PASS normal combined save completes
