Godot Engine v4.7.2.stable.steam.ed1daf0bf - https://godotengine.org

Vehicle controller V3 ready: no-slip bicycle driving + no-pivot full-lock launch grip budget.
Vehicle runtime visuals ready: 27 fixed body meshes + animated driver door + 4 wheel meshes.
Visual mesh damage: enabled (F8 toggle, F9 repair).
Mounted accessory motion: enabled (F10 toggle, 11 moving items).
PASS vehicle binds terrain streaming provider
PASS missing neighbor holds vehicle before movement
PASS held body does not drift during physics steps
PASS loading retains travel direction while held
PASS rebinding cannot discard held momentum
PASS published region releases hold and restores velocity
PASS reset while held discards old momentum
PASS reload holds without teleporting and clears driving speed
PASS reload resumes at rest
PASS reset key remains usable while streaming holds physics
PASS streaming does not release an externally frozen vehicle
PASS vehicle binds actual native trunk provider
PASS nearby trunk authored before collider admission
PASS unpublished trunk collision holds vehicle
PASS held vehicle rejects provider rebinding
PASS native trunk publication resumes saved motion
PASS moving a tree invalidates stale collider readiness
PASS updated trunk collider resumes travel
PASS removed tree does not leave a readiness hold
PASS lost required vegetation provider fails closed
PASS lost terrain provider fails closed
