Godot Engine v4.7.2.stable.steam.ed1daf0bf - https://godotengine.org

PASS main-world script parses with vehicle integration
PASS vehicle component registers with world persistence
PASS spawn rejects unavailable ground
Vehicle controller V3 ready: no-slip bicycle driving + no-pivot full-lock launch grip budget.
Vehicle runtime visuals ready: 27 fixed body meshes + animated driver door + 4 wheel meshes.
Visual mesh damage: enabled (F8 toggle, F9 repair).
Mounted accessory motion: enabled (F10 toggle, 11 moving items).
PASS spawn on clear loaded ground
PASS entry rejected outside interaction range
PASS entry transfers control and disables occupant collision
PASS moving exit rejected
PASS exit rejects unloaded building collision
PASS clear loaded exit restores walking
PASS camera physics rate and collision restored
PASS world capture includes vehicle
Vehicle controller V3 ready: no-slip bicycle driving + no-pivot full-lock launch grip budget.
Vehicle runtime visuals ready: 27 fixed body meshes + animated driver door + 4 wheel meshes.
Visual mesh damage: enabled (F8 toggle, F9 repair).
Mounted accessory motion: enabled (F10 toggle, 11 moving items).
PASS restore recreates parked vehicle pose
PASS invalid restore leaves live vehicle untouched
PASS invalid live pose rejects save instead of removing vehicle
PASS absent section removes old vehicle
