Godot Engine v4.7.2.stable.steam.ed1daf0bf - https://godotengine.org
Vulkan 1.4.351 - Forward+ - Using Device #0: NVIDIA - NVIDIA GeForce RTX 4050 Laptop GPU

[TerrainRewrite] New world
[TerrainRewrite] New world
[TerrainRewrite] Ready: nearby coverage/collision active; distant terrain still streaming
HUMAN_PLAYTEST_READY {"fps_cap":60,"presentation":{"fair_graphical_sample":true,"fullscreen":true,"headless":false,"render_scale":1.0,"viewport":[1920,1080],"window_mode":3,"window_size":[1920,1080]},"regional_terrain":false,"save_path":"C:/Users/LENOVO LOQ 15/AppData/Roaming/Godot/app_userdata/TerraForest/worlds/model_route_1791574755059950600.trw","slot":"model_route_1791574755059950600","snapshot_terrain":false,"temporary":false,"vsync":1}
PASS actual world starts
PASS opt-in main world at full-resolution 1080p fullscreen
PASS author 384 placements for architecture/metal_beam/v1
PASS author 384 placements for architecture/doorway/v1
[TerrainRewrite] World saved and verified; terrain and addon state published together
PASS fixture uses normal combined world save
[TerrainRewrite] World loaded
[TerrainRewrite] World loaded
PASS normal reload installs saved metadata
[TerrainRewrite] Ready: nearby coverage/collision active; distant terrain still streaming
HUMAN_PLAYTEST_READY {"fps_cap":60,"presentation":{"fair_graphical_sample":true,"fullscreen":true,"headless":false,"render_scale":1.0,"viewport":[1920,1080],"window_mode":3,"window_size":[1920,1080]},"regional_terrain":false,"save_path":"C:/Users/LENOVO LOQ 15/AppData/Roaming/Godot/app_userdata/TerraForest/worlds/model_route_1791574755059950600.trw","slot":"model_route_1791574755059950600","snapshot_terrain":false,"temporary":false,"vsync":1}
PASS near: saved models render and local collision becomes ready
PASS near: arrival within 1000 ms
PASS near: frame gates p95 18.5 / p99 25 / max 50 ms
PASS far: saved models render and local collision becomes ready
PASS far: arrival within 1000 ms
PASS far: frame gates p95 18.5 / p99 25 / max 50 ms
PASS edit a streamed destination model
[TerrainRewrite] World saved and verified; terrain and addon state published together
PASS normal save preserves streamed model edit
[TerrainRewrite] World loaded
[TerrainRewrite] World loaded
PASS edited world reloads
[TerrainRewrite] Ready: nearby coverage/collision active; distant terrain still streaming
HUMAN_PLAYTEST_READY {"fps_cap":60,"presentation":{"fair_graphical_sample":true,"fullscreen":true,"headless":false,"render_scale":1.0,"viewport":[1920,1080],"window_mode":3,"window_size":[1920,1080]},"regional_terrain":false,"save_path":"C:/Users/LENOVO LOQ 15/AppData/Roaming/Godot/app_userdata/TerraForest/worlds/model_route_1791574755059950600.trw","slot":"model_route_1791574755059950600","snapshot_terrain":false,"temporary":false,"vsync":1}
PASS far_reloaded: saved models render and local collision becomes ready
PASS far_reloaded: arrival within 1000 ms
PASS far_reloaded: frame gates p95 18.5 / p99 25 / max 50 ms
PASS exact edited transform survives reload
PASS return: saved models render and local collision becomes ready
PASS return: arrival within 1000 ms
PASS return: frame gates p95 18.5 / p99 25 / max 50 ms
PASS no failed model transfers
[TerrainRewrite] World saved and verified; terrain and addon state published together
MODEL_WORLD_ROUTE failures=0

