Godot Engine v4.7.2.stable.steam.ed1daf0bf - https://godotengine.org
Vulkan 1.4.351 - Forward+ - Using Device #0: NVIDIA - NVIDIA GeForce RTX 4050 Laptop GPU

PASS actual car prototype configures
PASS all 0 records represented
PASS 0 visible frame p95 <=18.5ms
0 visible {"draw_calls":{"max":3.0,"median":3.0,"p95":3.0},"frame_ms":{"max":18.505,"median":16.689,"p95":17.212},"gpu_ms":{"max":2.62899994850159,"median":0.730000019073486,"p95":2.51900005340576},"primitives":{"max":6.0,"median":6.0,"p95":6.0}}
PASS vehicle 0 bounds in view
PASS vehicle 0 bounds in view
PASS vehicle 0 bounds in view
PASS vehicle 0 bounds in view
PASS all 1 records represented
PASS 1 visible frame p95 <=18.5ms
1 visible {"draw_calls":{"max":131.0,"median":131.0,"p95":131.0},"frame_ms":{"max":18.844,"median":16.674,"p95":18.021},"gpu_ms":{"max":3.68099999427795,"median":2.5460000038147,"p95":2.8050000667572},"primitives":{"max":14676.0,"median":14676.0,"p95":14676.0}}
PASS vehicle 1 bounds in view
PASS vehicle 1 bounds in view
PASS vehicle 1 bounds in view
PASS vehicle 1 bounds in view
PASS vehicle 2 bounds in view
PASS vehicle 2 bounds in view
PASS vehicle 2 bounds in view
PASS vehicle 2 bounds in view
PASS vehicle 3 bounds in view
PASS vehicle 3 bounds in view
PASS vehicle 3 bounds in view
PASS vehicle 3 bounds in view
PASS vehicle 4 bounds in view
PASS vehicle 4 bounds in view
PASS vehicle 4 bounds in view
PASS vehicle 4 bounds in view
PASS vehicle 5 bounds in view
PASS vehicle 5 bounds in view
PASS vehicle 5 bounds in view
PASS vehicle 5 bounds in view
PASS vehicle 6 bounds in view
PASS vehicle 6 bounds in view
PASS vehicle 6 bounds in view
PASS vehicle 6 bounds in view
PASS vehicle 7 bounds in view
PASS vehicle 7 bounds in view
PASS vehicle 7 bounds in view
PASS vehicle 7 bounds in view
PASS vehicle 8 bounds in view
PASS vehicle 8 bounds in view
PASS vehicle 8 bounds in view
PASS vehicle 8 bounds in view
PASS vehicle 9 bounds in view
PASS vehicle 9 bounds in view
PASS vehicle 9 bounds in view
PASS vehicle 9 bounds in view
PASS vehicle 10 bounds in view
PASS vehicle 10 bounds in view
PASS vehicle 10 bounds in view
PASS vehicle 10 bounds in view
PASS vehicle 11 bounds in view
PASS vehicle 11 bounds in view
PASS vehicle 11 bounds in view
PASS vehicle 11 bounds in view
PASS vehicle 12 bounds in view
PASS vehicle 12 bounds in view
PASS vehicle 12 bounds in view
PASS vehicle 12 bounds in view
PASS vehicle 13 bounds in view
PASS vehicle 13 bounds in view
PASS vehicle 13 bounds in view
PASS vehicle 13 bounds in view
PASS vehicle 14 bounds in view
PASS vehicle 14 bounds in view
PASS vehicle 14 bounds in view
PASS vehicle 14 bounds in view
PASS vehicle 15 bounds in view
PASS vehicle 15 bounds in view
PASS vehicle 15 bounds in view
PASS vehicle 15 bounds in view
PASS all 16 records represented
PASS 16 visible frame p95 <=18.5ms
16 visible {"draw_calls":{"max":131.0,"median":131.0,"p95":131.0},"frame_ms":{"max":19.607,"median":16.64,"p95":18.325},"gpu_ms":{"max":3.15499997138977,"median":3.14100003242493,"p95":3.15199995040894},"primitives":{"max":14676.0,"median":14676.0,"p95":14676.0}}
PASS vehicle 16 bounds in view
PASS vehicle 16 bounds in view
PASS vehicle 16 bounds in view
PASS vehicle 16 bounds in view
PASS vehicle 17 bounds in view
PASS vehicle 17 bounds in view
PASS vehicle 17 bounds in view
PASS vehicle 17 bounds in view
PASS vehicle 18 bounds in view
PASS vehicle 18 bounds in view
PASS vehicle 18 bounds in view
PASS vehicle 18 bounds in view
PASS vehicle 19 bounds in view
PASS vehicle 19 bounds in view
PASS vehicle 19 bounds in view
PASS vehicle 19 bounds in view
PASS vehicle 20 bounds in view
PASS vehicle 20 bounds in view
PASS vehicle 20 bounds in view
PASS vehicle 20 bounds in view
PASS vehicle 21 bounds in view
PASS vehicle 21 bounds in view
PASS vehicle 21 bounds in view
PASS vehicle 21 bounds in view
PASS vehicle 22 bounds in view
PASS vehicle 22 bounds in view
PASS vehicle 22 bounds in view
PASS vehicle 22 bounds in view
PASS vehicle 23 bounds in view
PASS vehicle 23 bounds in view
PASS vehicle 23 bounds in view
PASS vehicle 23 bounds in view
PASS vehicle 24 bounds in view
PASS vehicle 24 bounds in view
PASS vehicle 24 bounds in view
PASS vehicle 24 bounds in view
PASS vehicle 25 bounds in view
PASS vehicle 25 bounds in view
PASS vehicle 25 bounds in view
PASS vehicle 25 bounds in view
PASS vehicle 26 bounds in view
PASS vehicle 26 bounds in view
PASS vehicle 26 bounds in view
PASS vehicle 26 bounds in view
PASS vehicle 27 bounds in view
PASS vehicle 27 bounds in view
PASS vehicle 27 bounds in view
PASS vehicle 27 bounds in view
PASS vehicle 28 bounds in view
PASS vehicle 28 bounds in view
PASS vehicle 28 bounds in view
PASS vehicle 28 bounds in view
PASS vehicle 29 bounds in view
PASS vehicle 29 bounds in view
PASS vehicle 29 bounds in view
PASS vehicle 29 bounds in view
PASS vehicle 30 bounds in view
PASS vehicle 30 bounds in view
PASS vehicle 30 bounds in view
PASS vehicle 30 bounds in view
PASS vehicle 31 bounds in view
PASS vehicle 31 bounds in view
PASS vehicle 31 bounds in view
PASS vehicle 31 bounds in view
PASS vehicle 32 bounds in view
PASS vehicle 32 bounds in view
PASS vehicle 32 bounds in view
PASS vehicle 32 bounds in view
PASS vehicle 33 bounds in view
PASS vehicle 33 bounds in view
PASS vehicle 33 bounds in view
PASS vehicle 33 bounds in view
PASS vehicle 34 bounds in view
PASS vehicle 34 bounds in view
PASS vehicle 34 bounds in view
PASS vehicle 34 bounds in view
PASS vehicle 35 bounds in view
PASS vehicle 35 bounds in view
PASS vehicle 35 bounds in view
PASS vehicle 35 bounds in view
PASS vehicle 36 bounds in view
PASS vehicle 36 bounds in view
PASS vehicle 36 bounds in view
PASS vehicle 36 bounds in view
PASS vehicle 37 bounds in view
PASS vehicle 37 bounds in view
PASS vehicle 37 bounds in view
PASS vehicle 37 bounds in view
PASS vehicle 38 bounds in view
PASS vehicle 38 bounds in view
PASS vehicle 38 bounds in view
PASS vehicle 38 bounds in view
PASS vehicle 39 bounds in view
PASS vehicle 39 bounds in view
PASS vehicle 39 bounds in view
PASS vehicle 39 bounds in view
PASS vehicle 40 bounds in view
PASS vehicle 40 bounds in view
PASS vehicle 40 bounds in view
PASS vehicle 40 bounds in view
PASS vehicle 41 bounds in view
PASS vehicle 41 bounds in view
PASS vehicle 41 bounds in view
PASS vehicle 41 bounds in view
PASS vehicle 42 bounds in view
PASS vehicle 42 bounds in view
PASS vehicle 42 bounds in view
PASS vehicle 42 bounds in view
PASS vehicle 43 bounds in view
PASS vehicle 43 bounds in view
PASS vehicle 43 bounds in view
PASS vehicle 43 bounds in view
PASS vehicle 44 bounds in view
PASS vehicle 44 bounds in view
PASS vehicle 44 bounds in view
PASS vehicle 44 bounds in view
PASS vehicle 45 bounds in view
PASS vehicle 45 bounds in view
PASS vehicle 45 bounds in view
PASS vehicle 45 bounds in view
PASS vehicle 46 bounds in view
PASS vehicle 46 bounds in view
PASS vehicle 46 bounds in view
PASS vehicle 46 bounds in view
PASS vehicle 47 bounds in view
PASS vehicle 47 bounds in view
PASS vehicle 47 bounds in view
PASS vehicle 47 bounds in view
PASS vehicle 48 bounds in view
PASS vehicle 48 bounds in view
PASS vehicle 48 bounds in view
PASS vehicle 48 bounds in view
PASS vehicle 49 bounds in view
PASS vehicle 49 bounds in view
PASS vehicle 49 bounds in view
PASS vehicle 49 bounds in view
PASS vehicle 50 bounds in view
PASS vehicle 50 bounds in view
PASS vehicle 50 bounds in view
PASS vehicle 50 bounds in view
PASS vehicle 51 bounds in view
PASS vehicle 51 bounds in view
PASS vehicle 51 bounds in view
PASS vehicle 51 bounds in view
PASS vehicle 52 bounds in view
PASS vehicle 52 bounds in view
PASS vehicle 52 bounds in view
PASS vehicle 52 bounds in view
PASS vehicle 53 bounds in view
PASS vehicle 53 bounds in view
PASS vehicle 53 bounds in view
PASS vehicle 53 bounds in view
PASS vehicle 54 bounds in view
PASS vehicle 54 bounds in view
PASS vehicle 54 bounds in view
PASS vehicle 54 bounds in view
PASS vehicle 55 bounds in view
PASS vehicle 55 bounds in view
PASS vehicle 55 bounds in view
PASS vehicle 55 bounds in view
PASS vehicle 56 bounds in view
PASS vehicle 56 bounds in view
PASS vehicle 56 bounds in view
PASS vehicle 56 bounds in view
PASS vehicle 57 bounds in view
PASS vehicle 57 bounds in view
PASS vehicle 57 bounds in view
PASS vehicle 57 bounds in view
PASS vehicle 58 bounds in view
PASS vehicle 58 bounds in view
PASS vehicle 58 bounds in view
PASS vehicle 58 bounds in view
PASS vehicle 59 bounds in view
PASS vehicle 59 bounds in view
PASS vehicle 59 bounds in view
PASS vehicle 59 bounds in view
PASS vehicle 60 bounds in view
PASS vehicle 60 bounds in view
PASS vehicle 60 bounds in view
PASS vehicle 60 bounds in view
PASS vehicle 61 bounds in view
PASS vehicle 61 bounds in view
PASS vehicle 61 bounds in view
PASS vehicle 61 bounds in view
PASS vehicle 62 bounds in view
PASS vehicle 62 bounds in view
PASS vehicle 62 bounds in view
PASS vehicle 62 bounds in view
PASS vehicle 63 bounds in view
PASS vehicle 63 bounds in view
PASS vehicle 63 bounds in view
PASS vehicle 63 bounds in view
PASS all 64 records represented
PASS 64 visible frame p95 <=18.5ms
64 visible {"draw_calls":{"max":99.0,"median":99.0,"p95":99.0},"frame_ms":{"max":19.708,"median":16.704,"p95":18.173},"gpu_ms":{"max":5.00400018692017,"median":2.02500009536743,"p95":3.72900009155273},"primitives":{"max":13042.0,"median":13042.0,"p95":13042.0}}
