Godot Engine v4.7.2.stable.steam.ed1daf0bf - https://godotengine.org
Vulkan 1.4.351 - Forward+ - Using Device #0: NVIDIA - NVIDIA GeForce RTX 4050 Laptop GPU

[TerrainRewrite] World loaded
[TerrainRewrite] World loaded
[TerrainRewrite] Lake ready · F5 saves world
[TerrainRewrite] Ready: nearby coverage/collision active; distant terrain still streaming
PASS fresh process restores main world
PASS ground edit state restores exactly
PASS plant grass and other inventory restores exactly
PASS removed natural identity remains absent
PASS saved seed owns restored edits
PASS saved area repopulates bounded residency
PASS removed natural object is not recreated by streaming
PASS saved authored replacement respects persisted terrain support
[TerrainRewrite] World loaded
[TerrainRewrite] World loaded
[TerrainRewrite] Lake ready · F5 saves world
[TerrainRewrite] Ready: nearby coverage/collision active; distant terrain still streaming
PASS normal F9 reload completes
PASS ground edit state restores exactly
PASS plant grass and other inventory restores exactly
PASS removed natural identity remains absent
PASS saved seed owns restored edits
PASS ground-cover support settles after reload or edit
PASS F9 rebuild respects authored support state
PASS inactive authored placement remains stored
[TerrainRewrite] Gameplay terrain tools excavate only; filling and grading are editor tools
FAIL terrain fill to restore support accepted
PASS restored terrain publishes
PASS ground-cover support settles after reload or edit
FAIL restoring terrain support reactivates original authored identity
FAIL restored placement is individually pickable again
PASS ground edit state restores exactly
PASS plant grass and other inventory restores exactly
PASS removed natural identity remains absent
PASS saved seed owns restored edits
[TerrainRewrite] World saved and verified; terrain and addon state published together
PASS normal save retains registered edits whether rendering is enabled or disabled
PASS reopen and reload run at fullscreen 1080p with 60 FPS cap
[TerrainRewrite] World saved and verified; terrain and addon state published together
GROUND_COVER_WORLD_REOPEN {"checks":27,"failures":3}
