Godot Engine v4.7.2.stable.steam.ed1daf0bf - https://godotengine.org
Vulkan 1.3.289 - Forward+ - Using Device #0: NVIDIA - NVIDIA GeForce GTX 1060 with Max-Q Design

[TerrainRewrite] New world
[TerrainRewrite] New world
[TerrainRewrite] Ready: nearby coverage/collision active; distant terrain still streaming
PASS 1920x1080 fullscreen, full rendering scale
FOUNDATION_PHASE streaming_baseline
FOUNDATION_RESULT {"build":{},"frames":{"count":293,"max_ms":23.209,"median_ms":16.665,"over_50ms":0,"p95_ms":16.864,"p99_ms":18.006},"latency":{},"pages":0,"phase":"streaming_baseline"}
FOUNDATION_PHASE compact_history_control
FOUNDATION_RESULT {"build":{"count":384,"max_ms":15.2,"median_ms":11.482,"over_50ms":0,"p95_ms":12.435,"p99_ms":13.126},"frames":{"count":4068,"max_ms":519.631,"median_ms":16.666,"over_50ms":3,"p95_ms":17.6,"p99_ms":18.054},"latency":{"count":384,"max_ms":42.883,"median_ms":21.002,"over_50ms":0,"p95_ms":34.66,"p99_ms":36.039},"pages":2,"phase":"compact_history_control"}
FOUNDATION_PHASE expanding_excavation
FOUNDATION_RESULT {"build":{"count":384,"max_ms":32.535,"median_ms":18.583,"over_50ms":0,"p95_ms":22.376,"p99_ms":24.411},"frames":{"count":2160,"max_ms":24.915,"median_ms":16.666,"over_50ms":0,"p95_ms":16.7,"p99_ms":17.325},"latency":{"count":384,"max_ms":67.961,"median_ms":36.978,"over_50ms":151,"p95_ms":52.636,"p99_ms":53.003},"pages":42,"phase":"expanding_excavation"}
FOUNDATION_PHASE travel_new_regions
FOUNDATION_RESULT {"build":{"count":1024,"max_ms":314.341,"median_ms":87.789,"over_50ms":787,"p95_ms":169.416,"p99_ms":187.299},"frames":{"count":9818,"max_ms":38.29,"median_ms":16.666,"over_50ms":0,"p95_ms":17.86,"p99_ms":18.725},"latency":{"count":1024,"max_ms":345.422,"median_ms":107.443,"over_50ms":912,"p95_ms":202.148,"p99_ms":235.262},"pages":509,"phase":"travel_new_regions"}
FOUNDATION_PHASE return_history_control
FOUNDATION_RESULT {"build":{"count":384,"max_ms":81.293,"median_ms":14.341,"over_50ms":12,"p95_ms":24.241,"p99_ms":79.841},"frames":{"count":2151,"max_ms":529.464,"median_ms":16.666,"over_50ms":5,"p95_ms":16.75,"p99_ms":18.439},"latency":{"count":384,"max_ms":102.596,"median_ms":20.944,"over_50ms":13,"p95_ms":36.782,"p99_ms":86.672},"pages":509,"phase":"return_history_control"}
FOUNDATION_PHASE recovery
[TerrainRewrite] Temporary test world: save skipped
FOUNDATION_RESULT {"build":{},"frames":{"count":598,"max_ms":78.45,"median_ms":16.667,"over_50ms":1,"p95_ms":17.584,"p99_ms":18.459},"latency":{},"pages":509,"phase":"recovery"}
PASS streaming_baseline: frame p99 <=20 ms and no >50 ms stalls
FAIL compact_history_control: frame p99 <=20 ms and no >50 ms stalls
PASS compact_history_control: edit publication p95 <=150 ms
PASS compact_history_control: at least 90 percent of edits actually change terrain
PASS expanding_excavation: frame p99 <=20 ms and no >50 ms stalls
PASS expanding_excavation: edit publication p95 <=150 ms
PASS expanding_excavation: at least 90 percent of edits actually change terrain
PASS travel_new_regions: frame p99 <=20 ms and no >50 ms stalls
FAIL travel_new_regions: edit publication p95 <=150 ms
PASS travel_new_regions: at least 90 percent of edits actually change terrain
FAIL return_history_control: frame p99 <=20 ms and no >50 ms stalls
PASS return_history_control: edit publication p95 <=150 ms
PASS return_history_control: at least 90 percent of edits actually change terrain
FAIL recovery: frame p99 <=20 ms and no >50 ms stalls
PASS return control median latency grows no more than 25 percent
PASS bounded observer writer retains all frames and progress reports
[TerrainRewrite] Temporary test world: save skipped
