Godot Engine v4.7.2.stable.steam.ed1daf0bf - https://godotengine.org
Vulkan 1.3.289 - Forward+ - Using Device #0: NVIDIA - NVIDIA GeForce GTX 1060 with Max-Q Design

PASS all four material IDs retain existing cell words
PASS original image set loads
PASS original layer 0 preserves every texel and mip byte
PASS original layer 1 preserves every texel and mip byte
PASS original layer 2 preserves every texel and mip byte
PASS original layer 3 preserves every texel and mip byte
PASS generated texture set switches live
PASS published geometry keeps its shared material
PASS new brick GPU layer matches the 1024 PNG and its mip chain
PASS new wood GPU layer matches the 1024 PNG and its mip chain
PASS new concrete GPU layer matches the 1024 PNG and its mip chain
PASS new metal GPU layer matches the 1024 PNG and its mip chain
PASS invalid names reject without changing textures
PASS rejected switch preserves the active set
PASS switching leaves saves, geometry and collision unchanged
PASS original materials restore live
PASS restoring appearance preserves authored buildings
TEXTURE_SETS 17 checks, 0 failures

