Godot Engine v4.7.2.stable.steam.ed1daf0bf - https://godotengine.org

[TerrainRewrite] New world
[TerrainRewrite] New world
[TerrainRewrite] Ready: nearby coverage/collision active; distant terrain still streaming
PASS world starts
PASS fixture requires multiple worker batches
[TerrainRewrite] Checking foundation support…
[TerrainRewrite] Unsupported foundation; grade terrain first
PASS unsupported frontage rejected without placing cells
PASS foundation grading submitted
PASS foundation grading submitted
[TerrainRewrite] Checking foundation support…
[TerrainRewrite] Placement cancelled
PASS rotation change cancels deferred placement
PASS interior obstruction submitted above supported foundation
[TerrainRewrite] Checking foundation support…
[TerrainRewrite] Terrain inside building; clear or grade site first
PASS terrain filling interior rejects placement despite supported floor
PASS interior clearance grading submitted
[TerrainRewrite] Checking foundation support…
[TerrainRewrite] Six cottage test placed · F5 saves world
PASS supported six-cottage frontage commits after multiple batches
[TerrainRewrite] Temporary test world: save skipped
