Godot Engine v4.7.2.stable.steam.ed1daf0bf - https://godotengine.org
Vulkan 1.4.351 - Forward+ - Using Device #0: NVIDIA - NVIDIA GeForce RTX 4050 Laptop GPU

[TerrainRewrite] World loaded
[TerrainRewrite] World loaded
[TerrainRewrite] Lake ready · F5 saves world
[TerrainRewrite] Ready: nearby coverage/collision active; distant terrain still streaming
PASS world loaded
[TerrainRewrite] Lake ready · F5 saves world
[TerrainRewrite] Lake ready · F5 saves world
FAIL baseline reaches 60 idle frames
PASS smooth preview ready
PASS all road sections published
[TerrainRewrite] ERROR: save blocked: snapshot writes explicitly disabled; previous canonical snapshot retained
[TerrainRewrite] Lake ready · F5 saves world
PASS terrain and vegetation recover to 60 idle frames
FAIL baseline frame p95 <=18.5 ms
FAIL build frame p95 <=18.5 ms
FAIL after frame p95 <=18.5 ms
{"after":{"elapsed_ms":1997.63,"frames":120,"max_ms":19.648,"p95_ms":18.792},"baseline":{"elapsed_ms":1980.934,"frames":120,"max_ms":19.829,"p95_ms":18.718},"build":{"elapsed_ms":311.274,"frames":19,"max_ms":25.856,"p95_ms":19.875},"prepare":{"elapsed_ms":1215.286,"frames":72,"max_ms":30.988,"p95_ms":18.818},"recovery":{"elapsed_ms":4558.36,"frames":274,"max_ms":24.116,"p95_ms":19.025}}
[TerrainRewrite] ERROR: save blocked: snapshot writes explicitly disabled; previous canonical snapshot retained
