Godot Engine v4.7.2.stable.steam.ed1daf0bf - https://godotengine.org
Vulkan 1.4.351 - Forward+ - Using Device #0: NVIDIA - NVIDIA GeForce RTX 4050 Laptop GPU

[TerrainRewrite] World loaded
[TerrainRewrite] World loaded
[TerrainRewrite] Lake ready · F5 saves world
[TerrainRewrite] Ready: nearby coverage/collision active; distant terrain still streaming
PASS separate furnished save opens
PASS all cottages and connected streets retained
PASS remove legacy floating checkpoint test prop
PASS furnishing admitted: Wooden table
PASS furnishing admitted: Wooden chair
PASS furnishing admitted: Wooden shelf
PASS furnishing admitted: Wooden table
PASS furnishing admitted: Wooden chair
PASS furnishing admitted: Wooden shelf
PASS furnishing admitted: Wooden table
PASS furnishing admitted: Wooden chair
PASS furnishing admitted: Wooden shelf
PASS furnishing admitted: Wooden table
PASS furnishing admitted: Wooden chair
PASS furnishing admitted: Wooden shelf
PASS interior floor supports the authored layout
PASS central interior sightline stays clear
PASS player capsule can cross the furnished central aisle
PASS interior floor supports the authored layout
PASS central interior sightline stays clear
PASS player capsule can cross the furnished central aisle
PASS interior floor supports the authored layout
PASS central interior sightline stays clear
PASS player capsule can cross the furnished central aisle
PASS interior floor supports the authored layout
PASS central interior sightline stays clear
PASS player capsule can cross the furnished central aisle
PASS four persistent table objects
PASS four persistent chair objects
PASS four persistent shelf objects
[TerrainRewrite] Lake ready · F5 saves world
PASS fullscreen1080p cap60
[TerrainRewrite] World saved and verified; terrain and addon state published together
PASS normal world save commits furnished content
[TerrainRewrite] World saved and verified; terrain and addon state published together
PASS normal world shutdown
FURNISHED_WORLD failures=0
