Godot Engine v4.7.2.stable.steam.ed1daf0bf - https://godotengine.org
Vulkan 1.4.351 - Forward+ - Using Device #0: NVIDIA - NVIDIA GeForce RTX 4050 Laptop GPU

[TerrainRewrite] World loaded
[TerrainRewrite] World loaded
[TerrainRewrite] Lake ready · F5 saves world
[TerrainRewrite] Ready: nearby coverage/collision active; distant terrain still streaming
PASS separate furnished save opens
PASS all cottages and connected streets retained
PASS exact saved blocks state restored
PASS exact saved roads state restored
PASS exact saved water state restored
PASS exact saved inventory state restored
PASS exact saved beam state restored
PASS exact saved table state restored
PASS exact saved chair state restored
PASS exact saved shelf state restored
PASS interior floor supports the authored layout
PASS central interior sightline stays clear
PASS player capsule can cross the furnished central aisle
[TerrainRewrite] Lake ready · F5 saves world
PASS interior floor supports the authored layout
PASS central interior sightline stays clear
PASS player capsule can cross the furnished central aisle
PASS interior floor supports the authored layout
PASS central interior sightline stays clear
PASS player capsule can cross the furnished central aisle
PASS interior floor supports the authored layout
PASS central interior sightline stays clear
PASS player capsule can cross the furnished central aisle
PASS four persistent table objects
PASS four persistent chair objects
PASS four persistent shelf objects
PASS fullscreen1080p cap60
[TerrainRewrite] World saved and verified; terrain and addon state published together
PASS normal world save commits furnished content
[TerrainRewrite] World saved and verified; terrain and addon state published together
PASS normal world shutdown
FURNISHED_WORLD failures=0
