Godot Engine v4.7.2.stable.steam.ed1daf0bf - https://godotengine.org

[TerrainRewrite] New world
[TerrainRewrite] New world
[terrain-hitch] LOD requests 111.28 ms at 9327
[terrain-hitch] LOD schedule/cut/evict 220.68 ms at 9436
[terrain-hitch] LOD coverage 76.01 ms at 17512
[terrain-hitch] LOD schedule/cut/evict 197.29 ms at 17632
[TerrainRewrite] Ready: nearby coverage/collision active; distant terrain still streaming
Vehicle controller V3 ready: no-slip bicycle driving + no-pivot full-lock launch grip budget.
Vehicle runtime visuals ready: 27 fixed body meshes + animated driver door + 4 wheel meshes.
Visual mesh damage: enabled (F8 toggle, F9 repair).
Mounted accessory motion: enabled (F10 toggle, 11 moving items).
[TerrainRewrite] World saved and verified; terrain and addon state published together
PASS F5 published compound save while still seated: true
[TerrainRewrite] Temporary test world: save skipped
Vehicle controller V3 ready: no-slip bicycle driving + no-pivot full-lock launch grip budget.
Vehicle runtime visuals ready: 27 fixed body meshes + animated driver door + 4 wheel meshes.
Visual mesh damage: enabled (F8 toggle, F9 repair).
Mounted accessory motion: enabled (F10 toggle, 11 moving items).
[TerrainRewrite] World loaded
[TerrainRewrite] World loaded
[terrain-hitch] receive 462.06 ms at 38191
[TerrainRewrite] Ready: nearby coverage/collision active; distant terrain still streaming
SEATED_DISK_RESTORE { "passed": true, "expected_player": (802.8, 49.43315, 1303.0), "actual_player": (802.8, 49.42759, 1303.0), "parked_car": (800.0, 50.36941, 1303.0) }
PASS new world restores player beside parked vehicle
[TerrainRewrite] Temporary test world: save skipped
