Godot Engine v4.7.2.stable.steam.ed1daf0bf - https://godotengine.org
Vulkan 1.4.351 - Forward+ - Using Device #0: NVIDIA - NVIDIA GeForce RTX 4050 Laptop GPU

[TerrainRewrite] World loaded
[TerrainRewrite] World loaded
[TerrainRewrite] Lake ready · F5 saves world
[TerrainRewrite] Ready: nearby coverage/collision active; distant terrain still streaming
PASS saved world ready
PASS fullscreen1080p cap60
PASS home furniture render and collision population
PASS home building collision ready
[TerrainRewrite] Lake ready · F5 saves world
PASS away furniture render and collision population
PASS return furniture render and collision population
PASS return building collision ready
PASS exact blocks state after departure and return
PASS exact models state after departure and return
PASS exact lakes state after departure and return
PASS exact roads state after departure and return
PASS exact table state after departure and return
PASS exact chair state after departure and return
PASS exact shelf state after departure and return
PASS ground-cover edits preserved across travel
PASS departure evicts block regions and rendered meshes
PASS return readmits block regions without read errors
[TerrainRewrite] World saved and verified; terrain and addon state published together
PASS normal save after return
