Godot Engine v4.7.2.stable.steam.ed1daf0bf - https://godotengine.org
Vulkan 1.3.289 - Forward+ - Using Device #0: NVIDIA - NVIDIA GeForce GTX 1060 with Max-Q Design

[TerrainRewrite] New world
[TerrainRewrite] New world
[TerrainRewrite] Ready: nearby coverage/collision active; distant terrain still streaming
PASS full scene finishes collision/loading gate and vegetation streaming
PASS full scene renders over one thousand supported trees
PASS published terrain has usable collision under player
PASS rendered terrain excavation accepted
PASS edited meshes and collision publish in the live scene
PASS published collider follows the excavated surface rather than the old ground
[TerrainRewrite] Ready: map coverage and local collision are active
PASS travel cycle 0 settles
PASS travel cycle 0 stays within streaming limits
[TerrainRewrite] Ready: map coverage and local collision are active
PASS travel cycle 1 settles
[TerrainRewrite] Temporary test world: save skipped
PASS travel cycle 1 stays within streaming limits
[TerrainRewrite] Ready: map coverage and local collision are active
PASS travel cycle 2 settles
PASS travel cycle 2 stays within streaming limits
[TerrainRewrite] Ready: map coverage and local collision are active
PASS travel cycle 3 settles
PASS travel cycle 3 stays within streaming limits
[TerrainRewrite] Temporary test world: save skipped
