Godot Engine v4.7.2.stable.steam.ed1daf0bf - https://godotengine.org
Vulkan 1.3.289 - Forward+ - Using Device #0: NVIDIA - NVIDIA GeForce GTX 1060 with Max-Q Design

[TerrainRewrite] New world
[TerrainRewrite] New world
[TerrainRewrite] Ready: nearby coverage/collision active; distant terrain still streaming
PASS world ready with pickup providers
PASS authored pickup rendered in actual world
PASS building collision layer obstructs pickup ray
[TerrainRewrite] No reachable material within 2.5 m
PASS E cannot collect through obstruction
PASS inventory modal blocks world collection
PASS unfocused window ignores collection
[TerrainRewrite] Collected Brick
PASS E transfers reachable material into visible inventory
PASS world capture includes pickups and inventory together
[TerrainRewrite] Wood supply placed · temporary world
PASS editor button authors selected wood supply on aimed support
[TerrainRewrite] Supply placement overlaps another supply
PASS repeated placement rejects overlapping supply
PASS expanded editor fits above toolbelt at 1080p
[TerrainRewrite] Temporary test world: save skipped
