Godot Engine v4.7.2.stable.steam.ed1daf0bf - https://godotengine.org
Vulkan 1.4.351 - Forward+ - Using Device #0: NVIDIA - NVIDIA GeForce RTX 4050 Laptop GPU

[TerrainRewrite] New world
[TerrainRewrite] New world
[TerrainRewrite] Lake ready · temporary world
[TerrainRewrite] Lake ready · temporary world
[TerrainRewrite] Ready: nearby coverage/collision active; distant terrain still streaming
PASS actual world becomes ready
PASS normal-world ground cover enabled
PASS real support and exclusion masks publish 49 cells
PASS real terrain has bounded ground-cover population
PASS ground resource fixture admitted 201
[TerrainRewrite] Sculpt sphere
[TerrainRewrite] Stone; LMB/E remove; RMB place
PASS Alt+1 equips ground resource 201
PASS equipping does not consume ground resource 201
PASS ground resource fixture admitted 204
[TerrainRewrite] Sculpt sphere
[TerrainRewrite] Plant; LMB/E remove; RMB place
PASS Alt+1 equips ground resource 204
PASS equipping does not consume ground resource 204
PASS ground resource fixture admitted 205
[TerrainRewrite] Sculpt sphere
[TerrainRewrite] Grass clump; LMB/E remove; RMB place
PASS Alt+1 equips ground resource 205
PASS equipping does not consume ground resource 205
[TerrainRewrite] Sculpt sphere
PASS disabled ground cover cannot be activated by belt
[TerrainRewrite] Sculpt sphere
[TerrainRewrite] Sculpt sphere
[TerrainRewrite] Grass clump; LMB/E remove; RMB place
PASS H activates normal-world ground-cover tool
PASS ground tool keeps its selected species visible
PASS inventory hides ground controls
PASS closing inventory restores ground controls
[TerrainRewrite] Grass clump; LMB remove; RMB place
PASS number key updates persistent selection
PASS ground controls distinguish inventory cost from free editor
[TerrainRewrite] Collected ground cover
PASS normal LMB removes aimed natural ground cover
PASS supported empty position shows advisory placement outline
PASS preview does not mutate ground or inventory
PASS inventory suppresses placement outline
[TerrainRewrite] Ground cover placed
PASS normal RMB places selected ground cover on actual terrain
PASS collect/place round trip preserves inventory contents in selected mode
PASS authored placement finishes terrain publication
PASS occupied position rejects another placement preview
PASS species has bounded GPU residency
PASS species has bounded GPU residency
PASS species has bounded GPU residency
PASS fullscreen 1080p with 60 FPS cap
[TerrainRewrite] Sculpt sphere
PASS leaving ground mode removes contextual controls
[TerrainRewrite] Temporary test world: save skipped
GROUND_COVER_INTERACTION_WORLD failures=0
