Godot Engine v4.7.2.stable.steam.ed1daf0bf - https://godotengine.org
Vulkan 1.4.351 - Forward+ - Using Device #0: NVIDIA - NVIDIA GeForce RTX 4050 Laptop GPU

[TerrainRewrite] World loaded
[TerrainRewrite] World loaded
[TerrainRewrite] Lake ready · F5 saves world
[TerrainRewrite] Lake ready · F5 saves world
[TerrainRewrite] Lake ready · F5 saves world
[TerrainRewrite] Lake ready · F5 saves world
[TerrainRewrite] Ready: nearby coverage/collision active; distant terrain still streaming
PASS place vehicle on authored street: Vehicle placed · E nearby to enter · F5 saves world
PASS vehicle faces player's road heading
PASS enter vehicle on loaded settlement road
PASS brakes to rest within eight metres without reversing
PASS drive continuously along street
PASS vehicle remains supported by asphalt road
PASS driver and camera remain attached
PASS no collision-readiness holds on short loaded street
PASS exit stopped vehicle restores walking and toolbelt: On foot · E nearby to enter vehicle
PASS player walks on road after exiting
[TerrainRewrite] ERROR: save blocked: snapshot writes explicitly disabled; previous canonical snapshot retained
