Godot Engine v4.7.2.stable.steam.ed1daf0bf - https://godotengine.org
Vulkan 1.3.289 - Forward+ - Using Device #0: NVIDIA - NVIDIA GeForce GTX 1060 with Max-Q Design

[TerrainRewrite] New world
[TerrainRewrite] New world
[TerrainRewrite] Ready: nearby coverage/collision active; distant terrain still streaming
PASS main scene finishes loading
SCENE_STARTUP {"completed_us":{"cache_configuration":51888,"cache_fingerprint":11029,"main_initialization":435,"native_configuration":40,"startup_metadata":347,"worker_launch":782,"world_load_or_generate":471},"elapsed_us":8849071,"pending_results":3,"phase":"published","phase_us":8784079}
SCENE_CACHE {"accounting_complete":false,"cache_read_only":true,"corrupt":0,"disk_bytes":536870912,"enabled":true,"hits":0,"misses":380,"scan_entries":125,"write_failures":0,"writes":0}
PASS ready focused world admits vehicle interaction
PASS vehicle admission rejects loading_active
PASS vehicle admission rejects shutdown_requested
PASS vehicle admission rejects benchmark_enabled
PASS vehicle admission rejects pending terrain edit
PASS vehicle admission rejects open inventory
PASS vehicle admission rejects unfocused window
PASS vehicle admission rejects released mouse
PASS unused vehicle scene has an outstanding preload
PASS actual world marks supply placement for autosave
PASS actual world marks collection for autosave
[TerrainRewrite] Temporary test world: save skipped
PASS terrain drains on shutdown
PASS unused vehicle preload consumed on exit
SCENE_LIFETIME {"checks":14,"failures":0}
