Godot Engine v4.7.2.stable.steam.ed1daf0bf - https://godotengine.org

PASS closed store rejects whole-block conversion
PASS complete snapshot splits into committed native regions
PASS split uses signed floor region coordinates
PASS checkpoint reconstructs byte-exact canonical block snapshot
PASS identical complete snapshot avoids catalog revision churn
PASS invalid complete snapshot preserves active catalog
PASS replacement snapshot removes regions absent from newer state
PASS replacement does not change pinned previous snapshot
PASS empty snapshot clears active region index
PASS empty checkpoint reconstructs valid empty block encoding
PASS complete reconstruction survives store reopening
PASS native reference bundle carries exact checkpoint identity
PASS reference cannot be mistaken for resident building snapshot
PASS resident bundle is not interpreted as checkpoint reference
PASS reference encoding rejects invalid identity length
PASS reference checksum protects checkpoint identity
PASS reference model fixture binds an asset
PASS reference preserves model snapshot and asset binding
PASS checkpoint and model reference reconstruct ordinary validated structure bundle
PASS unknown referenced model asset rejects before restore
PASS region archive configuration is immutable
PASS region archive owns world root and sibling region directory
PASS region archive retains canonical world lease
PASS adapter commits regions and pin before world root
PASS world root stores reference while other sections remain exact
PASS adapter reconstructs complete scene-compatible structures
PASS second compound save publishes new checkpoint and terrain
PASS world backup retains matching historical building checkpoint
PASS 24 additional saves retire only unreferenced pins without exhausting checkpoint capacity
PASS failed world-root replacement preserves prior canonical file
PASS failed publication leaves both actual roots reconstructible
PASS save retries after failed publication and retires orphan pin
PASS release relinquishes canonical root lease
PASS reopen reconstructs committed empty structure snapshot
PASS corrupt root never produces restored addon state

