Godot Engine v4.7.2.stable.steam.ed1daf0bf - https://godotengine.org
Vulkan 1.4.351 - Forward+ - Using Device #0: NVIDIA - NVIDIA GeForce RTX 4050 Laptop GPU

[TerrainRewrite] New world
[TerrainRewrite] New world
[TerrainRewrite] Ready: nearby coverage/collision active; distant terrain still streaming
PASS actual world becomes ready
PASS normal-world ground cover enabled
PASS real support and exclusion masks publish 49 cells
PASS real terrain has bounded ground-cover population
[TerrainRewrite] Sculpt sphere
[TerrainRewrite] Ground cover: 1 stone / 2 plant / 3 grass; LMB or E remove; RMB place
PASS H activates normal-world ground-cover tool
[TerrainRewrite] Grass clump; LMB remove; RMB place
[TerrainRewrite] Ground cover removed
PASS normal LMB removes aimed natural ground cover
[TerrainRewrite] Ground cover placed
PASS normal RMB places selected ground cover on actual terrain
PASS collect/place round trip preserves inventory contents in selected mode
PASS authored placement finishes terrain publication
PASS actual block overlaps authored ground-cover position
PASS local exclusion update completes
PASS building overlap excludes authored item from rendering
PASS building overlap excludes authored item from interaction
PASS local block change preserves distant owner and durable authored state
PASS overlapping block removed
PASS local exclusion update completes
PASS removing block restores authored item under original identity
PASS controlled native water volume bakes
[TerrainRewrite] Lake ready · temporary world
PASS local exclusion update completes
PASS published water excludes submerged authored item
PASS water exclusion preserves distant owner and durable authored state
PASS local exclusion update completes
PASS removing water restores same authored item
PASS species has bounded GPU residency
PASS species has bounded GPU residency
PASS species has bounded GPU residency
PASS fullscreen 1080p with 60 FPS cap
[TerrainRewrite] Temporary test world: save skipped
GROUND_COVER_INTERACTION_WORLD failures=0
