Godot Engine v4.7.2.stable.steam.ed1daf0bf - https://godotengine.org

PASS native terrain initializes
PASS native sphere edit accepted
PASS editing one world leaves second world unchanged
PASS snapshot loads into independent world with identical bytes
PASS native mesh generated at (320, 1312, 32)
PASS native mesh generated at (960, 960, 32)
PASS native mesh generated at (1024, 1088, 64)
PASS typed binding advertises independent native worlds
PASS truncated request rejected
PASS malformed cancellation cannot change epoch
PASS cancellation belongs only to its owner
PASS snapshot load preserves owner cancellation counter
PASS world reset preserves owner cancellation counter
PASS first native worker starts
PASS first worker observed inside native mesh operation
PASS second native worker starts
PASS second worker observed inside native mesh operation
PASS owner cancellation aborts active native mesh
PASS other active world completes despite neighboring cancellation
PASS cancellation remains nonblocking and joins within one second
PASS concurrent mesh equals a fresh sequential world byte for byte
PASS native execution diagnostics return idle after completion
PASS concurrent callers serialize all 200 same-world block edits without losing revisions
PASS serialized concurrent block edits produce the sequential collision and render mesh
PASS 1000 resets cannot lose any of 1000 concurrent owner cancellation increments

