Godot Engine v4.7.2.stable.steam.ed1daf0bf - https://godotengine.org
Vulkan 1.3.289 - Forward+ - Using Device #0: NVIDIA - NVIDIA GeForce GTX 1060 with Max-Q Design

[TerrainRewrite] New world
[TerrainRewrite] New world
[TerrainRewrite] Ready: nearby coverage/collision active; distant terrain still streaming
PASS 1920x1080 fullscreen, full rendering scale
FOUNDATION_PHASE streaming_baseline
FOUNDATION_RESULT {"build":{},"frames":{"count":300,"max_ms":19.863,"median_ms":16.666,"over_50ms":0,"p95_ms":16.905,"p99_ms":18.638},"latency":{},"pages":0,"phase":"streaming_baseline"}
FOUNDATION_PHASE compact_history_control
FOUNDATION_RESULT {"build":{"count":24,"max_ms":13.403,"median_ms":11.338,"over_50ms":0,"p95_ms":11.893,"p99_ms":13.403},"frames":{"count":450,"max_ms":27.118,"median_ms":16.666,"over_50ms":0,"p95_ms":16.828,"p99_ms":18.527},"latency":{"count":24,"max_ms":37.959,"median_ms":21.074,"over_50ms":0,"p95_ms":35.665,"p99_ms":37.959},"pages":2,"phase":"compact_history_control"}
FOUNDATION_PHASE expanding_excavation
FOUNDATION_RESULT {"build":{"count":24,"max_ms":17.888,"median_ms":15.974,"over_50ms":0,"p95_ms":17.845,"p99_ms":17.888},"frames":{"count":585,"max_ms":22.528,"median_ms":16.666,"over_50ms":0,"p95_ms":16.689,"p99_ms":16.753},"latency":{"count":24,"max_ms":37.517,"median_ms":36.773,"over_50ms":0,"p95_ms":37.179,"p99_ms":37.517},"pages":10,"phase":"expanding_excavation"}
FOUNDATION_PHASE travel_new_regions
FOUNDATION_RESULT {"build":{"count":64,"max_ms":100.137,"median_ms":78.481,"over_50ms":50,"p95_ms":96.403,"p99_ms":100.137},"frames":{"count":690,"max_ms":35.542,"median_ms":16.666,"over_50ms":0,"p95_ms":16.694,"p99_ms":17.586},"latency":{"count":64,"max_ms":137.673,"median_ms":119.183,"over_50ms":61,"p95_ms":137.05,"p99_ms":137.673},"pages":96,"phase":"travel_new_regions"}
FOUNDATION_PHASE return_history_control
FOUNDATION_RESULT {"build":{"count":24,"max_ms":14.663,"median_ms":13.708,"over_50ms":0,"p95_ms":14.586,"p99_ms":14.663},"frames":{"count":98,"max_ms":29.584,"median_ms":16.667,"over_50ms":0,"p95_ms":16.684,"p99_ms":29.584},"latency":{"count":24,"max_ms":34.979,"median_ms":21.115,"over_50ms":0,"p95_ms":21.225,"p99_ms":34.979},"pages":96,"phase":"return_history_control"}
FOUNDATION_PHASE recovery
FOUNDATION_RESULT {"build":{},"frames":{"count":600,"max_ms":19.537,"median_ms":16.666,"over_50ms":0,"p95_ms":16.691,"p99_ms":18.338},"latency":{},"pages":96,"phase":"recovery"}
PASS streaming_baseline: frame p99 <=20 ms and no >50 ms stalls
PASS compact_history_control: frame p99 <=20 ms and no >50 ms stalls
PASS compact_history_control: edit publication p95 <=150 ms
PASS compact_history_control: at least 90 percent of edits actually change terrain
PASS expanding_excavation: frame p99 <=20 ms and no >50 ms stalls
PASS expanding_excavation: edit publication p95 <=150 ms
PASS expanding_excavation: at least 90 percent of edits actually change terrain
PASS travel_new_regions: frame p99 <=20 ms and no >50 ms stalls
PASS travel_new_regions: edit publication p95 <=150 ms
PASS travel_new_regions: at least 90 percent of edits actually change terrain
FAIL return_history_control: frame p99 <=20 ms and no >50 ms stalls
PASS return_history_control: edit publication p95 <=150 ms
PASS return_history_control: at least 90 percent of edits actually change terrain
PASS recovery: frame p99 <=20 ms and no >50 ms stalls
PASS return control median latency grows no more than 25 percent
PASS bounded observer writer retains all frames and progress reports
[TerrainRewrite] Temporary test world: save skipped
