Godot Engine v4.7.2.stable.steam.ed1daf0bf - https://godotengine.org
Vulkan 1.4.351 - Forward+ - Using Device #0: NVIDIA - NVIDIA GeForce RTX 4050 Laptop GPU

[TerrainRewrite] World loaded
[TerrainRewrite] World loaded
[TerrainRewrite] Lake ready · F5 saves world
[TerrainRewrite] Ready: nearby coverage/collision active; distant terrain still streaming
PASS fleet opt-in enabled in main world
PASS reset disposable in-memory vehicle state
PASS five nearby records use at most four live bodies
PASS fleet wheel rays exclude their own chassis
FAIL fifth vehicle has native parked representation
FAIL fifth parked vehicle has static chassis collision
PASS unadmitted fifth identity remains stored
PASS departure hides and disables every unoccupied body
PASS inactive saved vehicle still blocks duplicate placement
Visual vehicle dents repaired.
Visual vehicle dents repaired.
Visual vehicle dents repaired.
Visual vehicle dents repaired.
PASS return reuses the fixed four bodies
PASS entry selects nearby vehicle identity2
PASS occupied body remains pinned outside selection radius
PASS reload retires old residency and releases driving state
PASS reload preserves all five vehicle identities
Visual vehicle dents repaired.
Visual vehicle dents repaired.
Visual vehicle dents repaired.
[TerrainRewrite] Lake ready · F5 saves world
Visual vehicle dents repaired.
[TerrainRewrite] ERROR: save blocked: snapshot writes explicitly disabled; previous canonical snapshot retained
