Godot Engine v4.7.2.stable.steam.ed1daf0bf - https://godotengine.org
Vulkan 1.3.289 - Forward+ - Using Device #0: NVIDIA - NVIDIA GeForce GTX 1060 with Max-Q Design

[TerrainRewrite] New world
[TerrainRewrite] New world
[TerrainRewrite] Ready: nearby coverage/collision active; distant terrain still streaming
PASS 1920x1080 fullscreen, full rendering scale
FOUNDATION_PHASE streaming_baseline
FOUNDATION_RESULT {"build":{},"frames":{"count":300,"max_ms":32.178,"median_ms":16.666,"over_50ms":0,"p95_ms":16.917,"p99_ms":30.776},"latency":{},"pages":0,"phase":"streaming_baseline"}
FOUNDATION_PHASE compact_history_control
FOUNDATION_RESULT {"build":{"count":24,"max_ms":18.186,"median_ms":15.682,"over_50ms":0,"p95_ms":16.803,"p99_ms":18.186},"frames":{"count":521,"max_ms":34.559,"median_ms":16.666,"over_50ms":0,"p95_ms":18.706,"p99_ms":18.781},"latency":{"count":24,"max_ms":305.91,"median_ms":52.187,"over_50ms":14,"p95_ms":287.352,"p99_ms":305.91},"pages":2,"phase":"compact_history_control"}
FOUNDATION_PHASE expanding_excavation
FOUNDATION_RESULT {"build":{"count":24,"max_ms":25.518,"median_ms":21.11,"over_50ms":0,"p95_ms":25.497,"p99_ms":25.518},"frames":{"count":1080,"max_ms":34.221,"median_ms":16.665,"over_50ms":0,"p95_ms":18.645,"p99_ms":18.736},"latency":{"count":24,"max_ms":302.276,"median_ms":72.412,"over_50ms":23,"p95_ms":255.786,"p99_ms":302.276},"pages":10,"phase":"expanding_excavation"}
FOUNDATION_PHASE travel_new_regions
FOUNDATION_RESULT {"build":{"count":64,"max_ms":158.944,"median_ms":120.752,"over_50ms":50,"p95_ms":151.029,"p99_ms":158.944},"frames":{"count":725,"max_ms":45.597,"median_ms":16.666,"over_50ms":0,"p95_ms":16.874,"p99_ms":20.475},"latency":{"count":64,"max_ms":202.989,"median_ms":152.925,"over_50ms":62,"p95_ms":186.997,"p99_ms":202.989},"pages":96,"phase":"travel_new_regions"}
FOUNDATION_PHASE return_history_control
FOUNDATION_RESULT {"build":{"count":24,"max_ms":19.035,"median_ms":17.872,"over_50ms":0,"p95_ms":18.799,"p99_ms":19.035},"frames":{"count":879,"max_ms":40.756,"median_ms":16.667,"over_50ms":0,"p95_ms":18.349,"p99_ms":18.602},"latency":{"count":24,"max_ms":269.2,"median_ms":54.684,"over_50ms":19,"p95_ms":256.368,"p99_ms":269.2},"pages":96,"phase":"return_history_control"}
FOUNDATION_PHASE recovery
FOUNDATION_RESULT {"build":{},"frames":{"count":600,"max_ms":18.716,"median_ms":16.665,"over_50ms":0,"p95_ms":18.534,"p99_ms":18.673},"latency":{},"pages":96,"phase":"recovery"}
FAIL streaming_baseline: frame p99 <=20 ms and no >50 ms stalls
PASS compact_history_control: frame p99 <=20 ms and no >50 ms stalls
FAIL compact_history_control: edit publication p95 <=150 ms
PASS compact_history_control: at least 90 percent of edits actually change terrain
PASS expanding_excavation: frame p99 <=20 ms and no >50 ms stalls
FAIL expanding_excavation: edit publication p95 <=150 ms
PASS expanding_excavation: at least 90 percent of edits actually change terrain
FAIL travel_new_regions: frame p99 <=20 ms and no >50 ms stalls
FAIL travel_new_regions: edit publication p95 <=150 ms
PASS travel_new_regions: at least 90 percent of edits actually change terrain
PASS return_history_control: frame p99 <=20 ms and no >50 ms stalls
FAIL return_history_control: edit publication p95 <=150 ms
PASS return_history_control: at least 90 percent of edits actually change terrain
PASS recovery: frame p99 <=20 ms and no >50 ms stalls
PASS return control median latency grows no more than 25 percent
[TerrainRewrite] Temporary test world: save skipped
