Godot Engine v4.7.2.stable.steam.ed1daf0bf - https://godotengine.org
Vulkan 1.3.289 - Forward+ - Using Device #0: NVIDIA - NVIDIA GeForce GTX 1060 with Max-Q Design

[TerrainRewrite] New world
[TerrainRewrite] New world
[terrain-hitch] receive 56.52 ms at 5413
[TerrainRewrite] Ready: nearby coverage/collision active; distant terrain still streaming
PASS 1920x1080 fullscreen, full rendering scale
FOUNDATION_PHASE streaming_baseline
FOUNDATION_RESULT {"build":{},"frames":{"count":300,"max_ms":26.472,"median_ms":16.667,"over_50ms":0,"p95_ms":16.698,"p99_ms":25.643},"latency":{},"pages":0,"phase":"streaming_baseline"}
FOUNDATION_PHASE compact_history_control
FOUNDATION_RESULT {"build":{"count":24,"max_ms":29.442,"median_ms":16.28,"over_50ms":0,"p95_ms":23.187,"p99_ms":29.442},"frames":{"count":477,"max_ms":26.562,"median_ms":16.666,"over_50ms":0,"p95_ms":17.051,"p99_ms":17.749},"latency":{"count":24,"max_ms":36.604,"median_ms":34.596,"over_50ms":0,"p95_ms":36.407,"p99_ms":36.604},"pages":2,"phase":"compact_history_control"}
FOUNDATION_PHASE expanding_excavation
FOUNDATION_RESULT {"build":{"count":24,"max_ms":29.548,"median_ms":23.457,"over_50ms":0,"p95_ms":28.842,"p99_ms":29.548},"frames":{"count":1077,"max_ms":24.429,"median_ms":16.666,"over_50ms":0,"p95_ms":17.141,"p99_ms":18.161},"latency":{"count":24,"max_ms":54.143,"median_ms":37.444,"over_50ms":3,"p95_ms":52.661,"p99_ms":54.143},"pages":10,"phase":"expanding_excavation"}
FOUNDATION_PHASE travel_new_regions
FOUNDATION_RESULT {"build":{"count":64,"max_ms":150.261,"median_ms":118.644,"over_50ms":60,"p95_ms":140.615,"p99_ms":150.261},"frames":{"count":856,"max_ms":26.466,"median_ms":16.666,"over_50ms":0,"p95_ms":16.874,"p99_ms":18.675},"latency":{"count":64,"max_ms":185.762,"median_ms":138.495,"over_50ms":62,"p95_ms":171.303,"p99_ms":185.762},"pages":96,"phase":"travel_new_regions"}
FOUNDATION_PHASE return_history_control
FOUNDATION_RESULT {"build":{"count":24,"max_ms":21.655,"median_ms":17.828,"over_50ms":0,"p95_ms":20.202,"p99_ms":21.655},"frames":{"count":735,"max_ms":323.976,"median_ms":16.666,"over_50ms":1,"p95_ms":17.469,"p99_ms":18.276},"latency":{"count":24,"max_ms":37.646,"median_ms":36.401,"over_50ms":0,"p95_ms":37.208,"p99_ms":37.646},"pages":96,"phase":"return_history_control"}
FOUNDATION_PHASE recovery
FOUNDATION_RESULT {"build":{},"frames":{"count":593,"max_ms":716.863,"median_ms":16.666,"over_50ms":1,"p95_ms":18.095,"p99_ms":18.625},"latency":{},"pages":96,"phase":"recovery"}
FAIL streaming_baseline: frame p99 <=20 ms and no >50 ms stalls
PASS compact_history_control: frame p99 <=20 ms and no >50 ms stalls
PASS compact_history_control: edit publication p95 <=150 ms
PASS compact_history_control: at least 90 percent of edits actually change terrain
PASS expanding_excavation: frame p99 <=20 ms and no >50 ms stalls
PASS expanding_excavation: edit publication p95 <=150 ms
PASS expanding_excavation: at least 90 percent of edits actually change terrain
PASS travel_new_regions: frame p99 <=20 ms and no >50 ms stalls
FAIL travel_new_regions: edit publication p95 <=150 ms
PASS travel_new_regions: at least 90 percent of edits actually change terrain
FAIL return_history_control: frame p99 <=20 ms and no >50 ms stalls
PASS return_history_control: edit publication p95 <=150 ms
PASS return_history_control: at least 90 percent of edits actually change terrain
FAIL recovery: frame p99 <=20 ms and no >50 ms stalls
PASS return control median latency grows no more than 25 percent
PASS bounded observer writer retains all frames and progress reports
[TerrainRewrite] Temporary test world: save skipped
