Godot Engine v4.7.2.stable.steam.ed1daf0bf - https://godotengine.org
Vulkan 1.4.351 - Forward+ - Using Device #0: NVIDIA - NVIDIA GeForce RTX 4050 Laptop GPU

[TerrainRewrite] World loaded
[TerrainRewrite] World loaded
[TerrainRewrite] Lake ready · F5 saves world
[TerrainRewrite] Ready: nearby coverage/collision active; distant terrain still streaming
PASS saved settlement ready
PASS route terrain structures and tree collision ready
PASS actor binds 0
PASS actor binds 1
PASS actor binds 2
PASS actor binds 3
PASS native batched actor rendering configured
[TerrainRewrite] Lake ready · F5 saves world
PASS actor travels on saved road without falling 0
PASS actor travels on saved road without falling 1
PASS actor travels on saved road without falling 2
PASS actor travels on saved road without falling 3
PASS loaded road sustains support without readiness holds
PASS native renderer selects four local actors from 100004 records
PASS collision proxies own integration; distant records stay asleep
PASS corrected actor records round-trip exactly
[TerrainRewrite] ERROR: save blocked: snapshot writes explicitly disabled; previous canonical snapshot retained
