Godot Engine v4.7.2.stable.steam.ed1daf0bf - https://godotengine.org

[   0% ] [90m[1mfirst_scan_filesystem[22m | Started Project initialization (5 steps)[39m[0m
[   0% ] [90m[1mfirst_scan_filesystem[22m | Scanning file structure...[39m[0m
[  16% ] [90m[1mfirst_scan_filesystem[22m | Loading global class names...[39m[0m
[  33% ] [90m[1mfirst_scan_filesystem[22m | Verifying GDExtensions...[39m[0m
[  50% ] [90m[1mfirst_scan_filesystem[22m | Creating autoload scripts...[39m[0m
[  66% ] [90m[1mfirst_scan_filesystem[22m | Initializing plugins...[39m[0m
[  83% ] [90m[1mfirst_scan_filesystem[22m | Starting file scan...[39m[0m
[92m[ DONE ][39m [1mfirst_scan_filesystem[22m
[0m
[   0% ] [90m[1mupdate_scripts_classes[22m | Started Registering global classes... (4 steps)[39m[0m
[   0% ] [90m[1mupdate_scripts_classes[22m | [39m[0m
[  20% ] [90m[1mupdate_scripts_classes[22m | [39m[0m
[  40% ] [90m[1mupdate_scripts_classes[22m | [39m[0m
[  60% ] [90m[1mupdate_scripts_classes[22m | [39m[0m
[92m[ DONE ][39m [1mupdate_scripts_classes[22m
[0m
[   0% ] [90m[1m_update_scan_actions[22m | Started Scanning actions... (3 steps)[39m[0m
[   0% ] [90m[1m_update_scan_actions[22m | prefab_world.png[39m[0m
[  25% ] [90m[1m_update_scan_actions[22m | structure_world.png[39m[0m
[  50% ] [90m[1m_update_scan_actions[22m | tower_prefab_world.png[39m[0m
[92m[ DONE ][39m [1m_update_scan_actions[22m
[0m
[   0% ] [90m[1mreimport[22m | Started (Re)Importing Assets (3 steps)[39m[0m
[   0% ] [90m[1mreimport[22m | Preparing files to reimport...[39m[0m
[  25% ] [90m[1mreimport[22m | Preparing files to reimport...[39m[0m
[  50% ] [90m[1mreimport[22m | Preparing files to reimport...[39m[0m
[   0% ] [90m[1mreimport[22m | Executing pre-reimport operations...[39m[0m
[   0% ] [90m[1mreimport[22m | prefab_world.png[39m[0m
[   0% ] [90m[1mreimport[22m | prefab_world.png[39m[0m
[  25% ] [90m[1mreimport[22m | structure_world.png[39m[0m
[  50% ] [90m[1mreimport[22m | tower_prefab_world.png[39m[0m
[  75% ] [90m[1mreimport[22m | Finalizing Asset Import...[39m[0m
[92m[ DONE ][39m [1mreimport[22m
[0m
[   0% ] [90m[1mreimport[22m | Started (Re)Importing Assets (3 steps)[39m[0m
[   0% ] [90m[1mreimport[22m | Executing post-reimport operations...[39m[0m
[92m[ DONE ][39m [1mreimport[22m
[0m
[   0% ] [90m[1msavepack[22m | Started Packing (102 steps)[39m[0m
[   1% ] [90m[1msavepack[22m | Storing File: res://addons/presentation/fullscreen_policy.gdc[39m[0m
[   1% ] [90m[1msavepack[22m | Storing File: res://.godot/exported/133200997/export-0aa2b8a96b5b2c4035a54c45a4c699ca-brick_cottage.res[39m[0m
[   1% ] [90m[1msavepack[22m | Storing File: res://.godot/exported/133200997/export-a91bf65d11500e83224cd986200d3e75-doorway_wall.res[39m[0m
[   1% ] [90m[1msavepack[22m | Storing File: res://.godot/exported/133200997/export-35c51c4d2073cbf8341da6cab73e155f-stair_flight.res[39m[0m
[   1% ] [90m[1msavepack[22m | Storing File: res://.godot/exported/133200997/export-6f4c13866f9146330d94be9eff10a183-tower_floor.res[39m[0m
[   2% ] [90m[1msavepack[22m | Storing File: res://addons/structures/structures.gdextension[39m[0m
[   2% ] [90m[1msavepack[22m | Storing File: res://addons/structures/structures_world.gdc[39m[0m
[   2% ] [90m[1msavepack[22m | Storing File: res://addons/vegetation/reference12/proxy.gdshader[39m[0m
[   2% ] [90m[1msavepack[22m | Storing File: res://addons/vegetation/reference_rc2/forest.gdc[39m[0m
[   2% ] [90m[1msavepack[22m | Storing File: res://addons/vegetation/reference_rc3/forest.gdc[39m[0m
[   3% ] [90m[1msavepack[22m | Storing File: res://addons/volumetric_terrain/terrain_textures/snow_albedo.trtex[39m[0m
[   3% ] [90m[1msavepack[22m | Storing File: res://addons/volumetric_terrain/terrain_textures/sand_albedo.trtex[39m[0m
[   3% ] [90m[1msavepack[22m | Storing File: res://addons/volumetric_terrain/terrain_textures/gravel_albedo.trtex[39m[0m
[   3% ] [90m[1msavepack[22m | Storing File: res://addons/volumetric_terrain/terrain_textures/grass_albedo.trtex[39m[0m
[   4% ] [90m[1msavepack[22m | Storing File: res://addons/volumetric_terrain/base_cache/992_992_32.trm[39m[0m
[   4% ] [90m[1msavepack[22m | Storing File: res://addons/volumetric_terrain/base_cache/992_992_16.trm[39m[0m
[   4% ] [90m[1msavepack[22m | Storing File: res://addons/vegetation/assets.gdc[39m[0m
[   4% ] [90m[1msavepack[22m | Storing File: res://addons/vegetation/bake.gdshader[39m[0m
[   4% ] [90m[1msavepack[22m | Storing File: res://addons/vegetation/bark.gdshader[39m[0m
[   5% ] [90m[1msavepack[22m | Storing File: res://addons/vegetation/fade.gdshaderinc[39m[0m
[   5% ] [90m[1msavepack[22m | Storing File: res://addons/vegetation/forest.gdc[39m[0m
[   5% ] [90m[1msavepack[22m | Storing File: res://addons/vegetation/gpu5_bark.gdshader[39m[0m
[   5% ] [90m[1msavepack[22m | Storing File: res://addons/vegetation/gpu5_bark_shadow.gdshader[39m[0m
[   6% ] [90m[1msavepack[22m | Storing File: res://addons/vegetation/gpu5_far.gdshader[39m[0m
[   6% ] [90m[1msavepack[22m | Storing File: res://addons/vegetation/gpu5_middle.gdshader[39m[0m
[   6% ] [90m[1msavepack[22m | Storing File: res://addons/vegetation/gpu5_shadow.gdshader[39m[0m
[   6% ] [90m[1msavepack[22m | Storing File: res://addons/vegetation/gpu5_surface.gdshader[39m[0m
[   6% ] [90m[1msavepack[22m | Storing File: res://addons/vegetation/gpu5_surface_shadow.gdshader[39m[0m
[   7% ] [90m[1msavepack[22m | Storing File: res://addons/vegetation/ground.gdshader[39m[0m
[   7% ] [90m[1msavepack[22m | Storing File: res://addons/vegetation/plugin.gdc[39m[0m
[   7% ] [90m[1msavepack[22m | Storing File: res://addons/vegetation/proxy.gdshader[39m[0m
[   7% ] [90m[1msavepack[22m | Storing File: res://addons/vegetation/source.gdc[39m[0m
[   8% ] [90m[1msavepack[22m | Storing File: res://addons/vegetation/surface6.gdshader[39m[0m
[   8% ] [90m[1msavepack[22m | Storing File: res://addons/vegetation/surface.gdshader[39m[0m
[   8% ] [90m[1msavepack[22m | Storing File: res://addons/vegetation/vegetation_world.gdc[39m[0m
[   8% ] [90m[1msavepack[22m | Storing File: res://addons/volumetric_terrain/collision_reuse.gdc[39m[0m
[   8% ] [90m[1msavepack[22m | Storing File: res://addons/volumetric_terrain/derived_cache.gdc[39m[0m
[   9% ] [90m[1msavepack[22m | Storing File: res://addons/volumetric_terrain/mesh_codec.gdc[39m[0m
[   9% ] [90m[1msavepack[22m | Storing File: res://addons/volumetric_terrain/plugin.gdc[39m[0m
[   9% ] [90m[1msavepack[22m | Storing File: res://addons/volumetric_terrain/runtime_assets.gdc[39m[0m
[   9% ] [90m[1msavepack[22m | Storing File: res://addons/volumetric_terrain/terrain.gdshader[39m[0m
[  10% ] [90m[1msavepack[22m | Storing File: res://addons/volumetric_terrain/terrain_backend.gdc[39m[0m
[  10% ] [90m[1msavepack[22m | Storing File: res://addons/volumetric_terrain/terrain_core.gdextension[39m[0m
[  10% ] [90m[1msavepack[22m | Storing File: res://addons/volumetric_terrain/terrain_stream.gdc[39m[0m
[  10% ] [90m[1msavepack[22m | Storing File: res://addons/volumetric_terrain/terrain_world.gdc[39m[0m
[  10% ] [90m[1msavepack[22m | Storing File: res://addons/volumetric_water/lake_world.gdc[39m[0m
[  11% ] [90m[1msavepack[22m | Storing File: res://addons/volumetric_water/volumetric_water.gdextension[39m[0m
[  11% ] [90m[1msavepack[22m | Storing File: res://addons/volumetric_water/water.gdshader[39m[0m
[  11% ] [90m[1msavepack[22m | Storing File: res://addons/world_ecosystem/plugin.gdc[39m[0m
[  11% ] [90m[1msavepack[22m | Storing File: res://addons/world_ecosystem/world_ecosystem.gdc[39m[0m
[  12% ] [90m[1msavepack[22m | Storing File: res://addons/world_runtime/world_persistence.gdc[39m[0m
[  12% ] [90m[1msavepack[22m | Storing File: res://addons/world_runtime/world_runtime.gdextension[39m[0m
[  12% ] [90m[1msavepack[22m | Storing File: res://demo/benchmark.gdc[39m[0m
[  12% ] [90m[1msavepack[22m | Storing File: res://demo/brush_stroke.gdc[39m[0m
[  12% ] [90m[1msavepack[22m | Storing File: res://demo/controller.gdc[39m[0m
[  13% ] [90m[1msavepack[22m | Storing File: res://demo/controller_state.gdc[39m[0m
[  13% ] [90m[1msavepack[22m | Storing File: res://demo/structures.gdc[39m[0m
[  13% ] [90m[1msavepack[22m | Storing File: res://.godot/exported/133200997/export-809136e323a63dcd4f9929bc9118cb53-structures.scn[39m[0m
[  13% ] [90m[1msavepack[22m | Storing File: res://demo/world.gdc[39m[0m
[  14% ] [90m[1msavepack[22m | Storing File: res://.godot/exported/133200997/export-04a01215bd784e67e2b049a4dc3f0def-world.scn[39m[0m
[  14% ] [90m[1msavepack[22m | Storing File: res://addons/volumetric_terrain/base_cache/992_976_16.trm[39m[0m
[  14% ] [90m[1msavepack[22m | Storing File: res://addons/volumetric_terrain/base_cache/992_960_32.trm[39m[0m
[  14% ] [90m[1msavepack[22m | Storing File: res://addons/volumetric_terrain/base_cache/992_960_16.trm[39m[0m
[  14% ] [90m[1msavepack[22m | Storing File: res://addons/volumetric_terrain/base_cache/992_944_16.trm[39m[0m
[  15% ] [90m[1msavepack[22m | Storing File: res://addons/volumetric_terrain/base_cache/992_928_32.trm[39m[0m
[  15% ] [90m[1msavepack[22m | Storing File: res://addons/volumetric_terrain/base_cache/992_928_16.trm[39m[0m
[  15% ] [90m[1msavepack[22m | Storing File: res://addons/volumetric_terrain/base_cache/992_1344_32.trm[39m[0m
[  15% ] [90m[1msavepack[22m | Storing File: res://addons/volumetric_terrain/base_cache/992_1344_16.trm[39m[0m
[  16% ] [90m[1msavepack[22m | Storing File: res://addons/volumetric_terrain/base_cache/992_1328_16.trm[39m[0m
[  16% ] [90m[1msavepack[22m | Storing File: res://addons/volumetric_terrain/base_cache/992_1312_32.trm[39m[0m
[  16% ] [90m[1msavepack[22m | Storing File: res://addons/volumetric_terrain/base_cache/992_1312_16.trm[39m[0m
[  16% ] [90m[1msavepack[22m | Storing File: res://addons/volumetric_terrain/base_cache/992_1296_16.trm[39m[0m
[  16% ] [90m[1msavepack[22m | Storing File: res://addons/volumetric_terrain/base_cache/992_1280_32.trm[39m[0m
[  17% ] [90m[1msavepack[22m | Storing File: res://addons/volumetric_terrain/base_cache/992_1280_16.trm[39m[0m
[  17% ] [90m[1msavepack[22m | Storing File: res://addons/volumetric_terrain/base_cache/992_1264_16.trm[39m[0m
[  17% ] [90m[1msavepack[22m | Storing File: res://addons/volumetric_terrain/base_cache/992_1248_32.trm[39m[0m
[  17% ] [90m[1msavepack[22m | Storing File: res://addons/volumetric_terrain/base_cache/992_1248_16.trm[39m[0m
[  18% ] [90m[1msavepack[22m | Storing File: res://addons/volumetric_terrain/base_cache/992_1232_16.trm[39m[0m
[  18% ] [90m[1msavepack[22m | Storing File: res://addons/volumetric_terrain/base_cache/992_1216_32.trm[39m[0m
[  18% ] [90m[1msavepack[22m | Storing File: res://addons/volumetric_terrain/base_cache/992_1216_16.trm[39m[0m
[  18% ] [90m[1msavepack[22m | Storing File: res://addons/volumetric_terrain/base_cache/992_1200_16.trm[39m[0m
[  18% ] [90m[1msavepack[22m | Storing File: res://addons/volumetric_terrain/base_cache/992_1184_32.trm[39m[0m
[  19% ] [90m[1msavepack[22m | Storing File: res://addons/volumetric_terrain/base_cache/992_1184_16.trm[39m[0m
[  19% ] [90m[1msavepack[22m | Storing File: res://addons/volumetric_terrain/base_cache/992_1168_16.trm[39m[0m
[  19% ] [90m[1msavepack[22m | Storing File: res://addons/volumetric_terrain/base_cache/992_1152_32.trm[39m[0m
[  19% ] [90m[1msavepack[22m | Storing File: res://addons/volumetric_terrain/base_cache/992_1024_32.trm[39m[0m
[  20% ] [90m[1msavepack[22m | Storing File: res://addons/volumetric_terrain/base_cache/992_1024_16.trm[39m[0m
[  20% ] [90m[1msavepack[22m | Storing File: res://addons/volumetric_terrain/base_cache/992_1008_16.trm[39m[0m
[  20% ] [90m[1msavepack[22m | Storing File: res://addons/volumetric_terrain/base_cache/976_992_16.trm[39m[0m
[  20% ] [90m[1msavepack[22m | Storing File: res://addons/volumetric_terrain/base_cache/976_976_16.trm[39m[0m
[  20% ] [90m[1msavepack[22m | Storing File: res://addons/volumetric_terrain/base_cache/976_960_16.trm[39m[0m
[  21% ] [90m[1msavepack[22m | Storing File: res://addons/volumetric_terrain/base_cache/976_944_16.trm[39m[0m
[  21% ] [90m[1msavepack[22m | Storing File: res://addons/volumetric_terrain/base_cache/976_928_16.trm[39m[0m
[  21% ] [90m[1msavepack[22m | Storing File: res://addons/volumetric_terrain/base_cache/976_1344_16.trm[39m[0m
[  21% ] [90m[1msavepack[22m | Storing File: res://addons/volumetric_terrain/base_cache/976_1328_16.trm[39m[0m
[  22% ] [90m[1msavepack[22m | Storing File: res://addons/volumetric_terrain/base_cache/976_1312_16.trm[39m[0m
[  22% ] [90m[1msavepack[22m | Storing File: res://addons/volumetric_terrain/base_cache/976_1296_16.trm[39m[0m
[  22% ] [90m[1msavepack[22m | Storing File: res://addons/volumetric_terrain/base_cache/976_1280_16.trm[39m[0m
[  22% ] [90m[1msavepack[22m | Storing File: res://addons/volumetric_terrain/base_cache/976_1264_16.trm[39m[0m
[  22% ] [90m[1msavepack[22m | Storing File: res://addons/volumetric_terrain/base_cache/976_1248_16.trm[39m[0m
[  23% ] [90m[1msavepack[22m | Storing File: res://addons/volumetric_terrain/base_cache/976_1024_16.trm[39m[0m
[  23% ] [90m[1msavepack[22m | Storing File: res://addons/volumetric_terrain/base_cache/976_1008_16.trm[39m[0m
[  23% ] [90m[1msavepack[22m | Storing File: res://addons/volumetric_terrain/base_cache/960_992_32.trm[39m[0m
[  23% ] [90m[1msavepack[22m | Storing File: res://addons/volumetric_terrain/base_cache/960_992_16.trm[39m[0m
[  24% ] [90m[1msavepack[22m | Storing File: res://addons/volumetric_terrain/base_cache/960_976_16.trm[39m[0m
[  24% ] [90m[1msavepack[22m | Storing File: res://addons/volumetric_terrain/base_cache/960_960_64.trm[39m[0m
[  24% ] [90m[1msavepack[22m | Storing File: res://addons/volumetric_terrain/base_cache/960_960_32.trm[39m[0m
[  24% ] [90m[1msavepack[22m | Storing File: res://addons/volumetric_terrain/base_cache/960_960_16.trm[39m[0m
[  24% ] [90m[1msavepack[22m | Storing File: res://addons/volumetric_terrain/base_cache/960_944_16.trm[39m[0m
[  25% ] [90m[1msavepack[22m | Storing File: res://addons/volumetric_terrain/base_cache/960_928_32.trm[39m[0m
[  25% ] [90m[1msavepack[22m | Storing File: res://addons/volumetric_terrain/base_cache/960_928_16.trm[39m[0m
[  25% ] [90m[1msavepack[22m | Storing File: res://addons/volumetric_terrain/base_cache/960_896_64.trm[39m[0m
[  25% ] [90m[1msavepack[22m | Storing File: res://addons/volumetric_terrain/base_cache/960_1344_64.trm[39m[0m
[  26% ] [90m[1msavepack[22m | Storing File: res://addons/volumetric_terrain/base_cache/960_1344_32.trm[39m[0m
[  26% ] [90m[1msavepack[22m | Storing File: res://addons/volumetric_terrain/base_cache/960_1344_16.trm[39m[0m
[  26% ] [90m[1msavepack[22m | Storing File: res://addons/volumetric_terrain/base_cache/960_1328_16.trm[39m[0m
[  26% ] [90m[1msavepack[22m | Storing File: res://addons/volumetric_terrain/base_cache/960_1312_32.trm[39m[0m
[  26% ] [90m[1msavepack[22m | Storing File: res://addons/volumetric_terrain/base_cache/960_1312_16.trm[39m[0m
[  27% ] [90m[1msavepack[22m | Storing File: res://addons/volumetric_terrain/base_cache/960_1296_16.trm[39m[0m
[  27% ] [90m[1msavepack[22m | Storing File: res://addons/volumetric_terrain/base_cache/960_1280_64.trm[39m[0m
[  27% ] [90m[1msavepack[22m | Storing File: res://addons/volumetric_terrain/base_cache/960_1280_32.trm[39m[0m
[  27% ] [90m[1msavepack[22m | Storing File: res://addons/volumetric_terrain/base_cache/960_1280_16.trm[39m[0m
[  27% ] [90m[1msavepack[22m | Storing File: res://addons/volumetric_terrain/base_cache/960_1264_16.trm[39m[0m
[  28% ] [90m[1msavepack[22m | Storing File: res://addons/volumetric_terrain/base_cache/960_1248_32.trm[39m[0m
[  28% ] [90m[1msavepack[22m | Storing File: res://addons/volumetric_terrain/base_cache/960_1248_16.trm[39m[0m
[  28% ] [90m[1msavepack[22m | Storing File: res://MANIFEST.sha256.json[39m[0m
[  28% ] [90m[1msavepack[22m | Storing File: res://native_toolchain.lock.json[39m[0m
[  29% ] [90m[1msavepack[22m | Storing File: res://addons/vegetation/data/Bark.BaseColor.trtex[39m[0m
[  29% ] [90m[1msavepack[22m | Storing File: res://addons/vegetation/data/Bark.Normal.trtex[39m[0m
[  29% ] [90m[1msavepack[22m | Storing File: res://addons/vegetation/data/Bark.ORM.trtex[39m[0m
[  29% ] [90m[1msavepack[22m | Storing File: res://addons/vegetation/data/Needles.BaseColor.trtex[39m[0m
[  29% ] [90m[1msavepack[22m | Storing File: res://addons/vegetation/data/Needles.Normal.trtex[39m[0m
[  30% ] [90m[1msavepack[22m | Storing File: res://addons/vegetation/data/Needles.ORM.trtex[39m[0m
[  30% ] [90m[1msavepack[22m | Storing File: res://addons/vegetation/data/source.bin[39m[0m
[  30% ] [90m[1msavepack[22m | Storing File: res://addons/vegetation/data/views.color.bin[39m[0m
[  30% ] [90m[1msavepack[22m | Storing File: res://addons/vegetation/data/views.depth.r8[39m[0m
[  31% ] [90m[1msavepack[22m | Storing File: res://addons/vegetation/data/views.normals.565[39m[0m
[  31% ] [90m[1msavepack[22m | Storing File: res://addons/vegetation/data/views.outline.bin[39m[0m
[  31% ] [90m[1msavepack[22m | Storing File: res://addons/volumetric_terrain/base_cache/0_0_256.trm[39m[0m
[  31% ] [90m[1msavepack[22m | Storing File: res://addons/volumetric_terrain/base_cache/0_1024_256.trm[39m[0m
[  31% ] [90m[1msavepack[22m | Storing File: res://addons/volumetric_terrain/base_cache/0_1280_256.trm[39m[0m
[  32% ] [90m[1msavepack[22m | Storing File: res://addons/volumetric_terrain/base_cache/0_1536_256.trm[39m[0m
[  32% ] [90m[1msavepack[22m | Storing File: res://addons/volumetric_terrain/base_cache/0_1792_256.trm[39m[0m
[  32% ] [90m[1msavepack[22m | Storing File: res://addons/volumetric_terrain/base_cache/0_256_256.trm[39m[0m
[  32% ] [90m[1msavepack[22m | Storing File: res://addons/volumetric_terrain/base_cache/0_512_256.trm[39m[0m
[  33% ] [90m[1msavepack[22m | Storing File: res://addons/volumetric_terrain/base_cache/0_768_256.trm[39m[0m
[  33% ] [90m[1msavepack[22m | Storing File: res://addons/volumetric_terrain/base_cache/1008_1008_16.trm[39m[0m
[  33% ] [90m[1msavepack[22m | Storing File: res://addons/volumetric_terrain/base_cache/1008_1024_16.trm[39m[0m
[  33% ] [90m[1msavepack[22m | Storing File: res://addons/volumetric_terrain/base_cache/1008_1168_16.trm[39m[0m
[  33% ] [90m[1msavepack[22m | Storing File: res://addons/volumetric_terrain/base_cache/1008_1184_16.trm[39m[0m
[  33% ] [90m[1msavepack[22m | Storing File: res://addons/volumetric_terrain/base_cache/1008_1200_16.trm[39m[0m
[  33% ] [90m[1msavepack[22m | Storing File: res://addons/volumetric_terrain/base_cache/1008_1216_16.trm[39m[0m
[  33% ] [90m[1msavepack[22m | Storing File: res://addons/volumetric_terrain/base_cache/1008_1232_16.trm[39m[0m
[  33% ] [90m[1msavepack[22m | Storing File: res://addons/volumetric_terrain/base_cache/1008_1248_16.trm[39m[0m
[  34% ] [90m[1msavepack[22m | Storing File: res://addons/volumetric_terrain/base_cache/1008_1264_16.trm[39m[0m
[  34% ] [90m[1msavepack[22m | Storing File: res://addons/volumetric_terrain/base_cache/1008_1280_16.trm[39m[0m
[  34% ] [90m[1msavepack[22m | Storing File: res://addons/volumetric_terrain/base_cache/1008_1296_16.trm[39m[0m
[  34% ] [90m[1msavepack[22m | Storing File: res://addons/volumetric_terrain/base_cache/1008_1312_16.trm[39m[0m
[  34% ] [90m[1msavepack[22m | Storing File: res://addons/volumetric_terrain/base_cache/1008_1328_16.trm[39m[0m
[  35% ] [90m[1msavepack[22m | Storing File: res://addons/volumetric_terrain/base_cache/1008_1344_16.trm[39m[0m
[  35% ] [90m[1msavepack[22m | Storing File: res://addons/volumetric_terrain/base_cache/1008_928_16.trm[39m[0m
[  35% ] [90m[1msavepack[22m | Storing File: res://addons/volumetric_terrain/base_cache/1008_944_16.trm[39m[0m
[  35% ] [90m[1msavepack[22m | Storing File: res://addons/volumetric_terrain/base_cache/1008_960_16.trm[39m[0m
[  36% ] [90m[1msavepack[22m | Storing File: res://addons/volumetric_terrain/base_cache/1008_976_16.trm[39m[0m
[  36% ] [90m[1msavepack[22m | Storing File: res://addons/volumetric_terrain/base_cache/1008_992_16.trm[39m[0m
[  36% ] [90m[1msavepack[22m | Storing File: res://addons/volumetric_terrain/base_cache/1024_0_256.trm[39m[0m
[  36% ] [90m[1msavepack[22m | Storing File: res://addons/volumetric_terrain/base_cache/1024_1008_16.trm[39m[0m
[  36% ] [90m[1msavepack[22m | Storing File: res://addons/volumetric_terrain/base_cache/1024_1024_128.trm[39m[0m
[  37% ] [90m[1msavepack[22m | Storing File: res://addons/volumetric_terrain/base_cache/1024_1024_16.trm[39m[0m
[  37% ] [90m[1msavepack[22m | Storing File: res://addons/volumetric_terrain/base_cache/1024_1024_256.trm[39m[0m
[  37% ] [90m[1msavepack[22m | Storing File: res://addons/volumetric_terrain/base_cache/1024_1024_32.trm[39m[0m
[  37% ] [90m[1msavepack[22m | Storing File: res://addons/volumetric_terrain/base_cache/1024_1024_64.trm[39m[0m
[  38% ] [90m[1msavepack[22m | Storing File: res://addons/volumetric_terrain/base_cache/1024_1152_128.trm[39m[0m
[  38% ] [90m[1msavepack[22m | Storing File: res://addons/volumetric_terrain/base_cache/1024_1152_32.trm[39m[0m
[  38% ] [90m[1msavepack[22m | Storing File: res://addons/volumetric_terrain/base_cache/1024_1152_64.trm[39m[0m
[  38% ] [90m[1msavepack[22m | Storing File: res://addons/volumetric_terrain/base_cache/1024_1168_16.trm[39m[0m
[  38% ] [90m[1msavepack[22m | Storing File: res://addons/volumetric_terrain/base_cache/1024_1184_16.trm[39m[0m
[  39% ] [90m[1msavepack[22m | Storing File: res://addons/volumetric_terrain/base_cache/1024_1184_32.trm[39m[0m
[  39% ] [90m[1msavepack[22m | Storing File: res://addons/volumetric_terrain/base_cache/1024_1200_16.trm[39m[0m
[  39% ] [90m[1msavepack[22m | Storing File: res://addons/volumetric_terrain/base_cache/1024_1216_16.trm[39m[0m
[  39% ] [90m[1msavepack[22m | Storing File: res://addons/volumetric_terrain/base_cache/1024_1216_32.trm[39m[0m
[  40% ] [90m[1msavepack[22m | Storing File: res://addons/volumetric_terrain/base_cache/1024_1216_64.trm[39m[0m
[  40% ] [90m[1msavepack[22m | Storing File: res://addons/volumetric_terrain/base_cache/1024_1232_16.trm[39m[0m
[  40% ] [90m[1msavepack[22m | Storing File: res://addons/volumetric_terrain/base_cache/1024_1248_16.trm[39m[0m
[  40% ] [90m[1msavepack[22m | Storing File: res://addons/volumetric_terrain/base_cache/1024_1248_32.trm[39m[0m
[  40% ] [90m[1msavepack[22m | Storing File: res://addons/volumetric_terrain/base_cache/1024_1264_16.trm[39m[0m
[  41% ] [90m[1msavepack[22m | Storing File: res://addons/volumetric_terrain/base_cache/1024_1280_128.trm[39m[0m
[  41% ] [90m[1msavepack[22m | Storing File: res://addons/volumetric_terrain/base_cache/1024_1280_256.trm[39m[0m
[  41% ] [90m[1msavepack[22m | Storing File: res://addons/volumetric_terrain/base_cache/1024_1280_64.trm[39m[0m
[  41% ] [90m[1msavepack[22m | Storing File: res://addons/volumetric_terrain/base_cache/1024_1344_64.trm[39m[0m
[  42% ] [90m[1msavepack[22m | Storing File: res://addons/volumetric_terrain/base_cache/1024_1408_128.trm[39m[0m
[  42% ] [90m[1msavepack[22m | Storing File: res://addons/volumetric_terrain/base_cache/1024_1536_256.trm[39m[0m
[  42% ] [90m[1msavepack[22m | Storing File: res://addons/volumetric_terrain/base_cache/1024_1792_256.trm[39m[0m
[  42% ] [90m[1msavepack[22m | Storing File: res://addons/volumetric_terrain/base_cache/1024_256_256.trm[39m[0m
[  42% ] [90m[1msavepack[22m | Storing File: res://addons/volumetric_terrain/base_cache/1024_512_256.trm[39m[0m
[  43% ] [90m[1msavepack[22m | Storing File: res://addons/volumetric_terrain/base_cache/1024_768_128.trm[39m[0m
[  43% ] [90m[1msavepack[22m | Storing File: res://addons/volumetric_terrain/base_cache/1024_768_256.trm[39m[0m
[  43% ] [90m[1msavepack[22m | Storing File: res://addons/volumetric_terrain/base_cache/1024_896_128.trm[39m[0m
[  43% ] [90m[1msavepack[22m | Storing File: res://addons/volumetric_terrain/base_cache/1024_896_64.trm[39m[0m
[  44% ] [90m[1msavepack[22m | Storing File: res://addons/volumetric_terrain/base_cache/1024_928_16.trm[39m[0m
[  44% ] [90m[1msavepack[22m | Storing File: res://addons/volumetric_terrain/base_cache/1024_928_32.trm[39m[0m
[  44% ] [90m[1msavepack[22m | Storing File: res://addons/volumetric_terrain/base_cache/1024_944_16.trm[39m[0m
[  44% ] [90m[1msavepack[22m | Storing File: res://addons/volumetric_terrain/base_cache/1024_960_16.trm[39m[0m
[  44% ] [90m[1msavepack[22m | Storing File: res://addons/volumetric_terrain/base_cache/1024_960_32.trm[39m[0m
[  45% ] [90m[1msavepack[22m | Storing File: res://addons/volumetric_terrain/base_cache/1024_960_64.trm[39m[0m
[  45% ] [90m[1msavepack[22m | Storing File: res://addons/volumetric_terrain/base_cache/1024_976_16.trm[39m[0m
[  45% ] [90m[1msavepack[22m | Storing File: res://addons/volumetric_terrain/base_cache/1024_992_16.trm[39m[0m
[  45% ] [90m[1msavepack[22m | Storing File: res://addons/volumetric_terrain/base_cache/1024_992_32.trm[39m[0m
[  46% ] [90m[1msavepack[22m | Storing File: res://addons/volumetric_terrain/base_cache/1040_1168_16.trm[39m[0m
[  46% ] [90m[1msavepack[22m | Storing File: res://addons/volumetric_terrain/base_cache/1040_1184_16.trm[39m[0m
[  46% ] [90m[1msavepack[22m | Storing File: res://addons/volumetric_terrain/base_cache/1040_1200_16.trm[39m[0m
[  46% ] [90m[1msavepack[22m | Storing File: res://addons/volumetric_terrain/base_cache/1040_1216_16.trm[39m[0m
[  46% ] [90m[1msavepack[22m | Storing File: res://addons/volumetric_terrain/base_cache/1040_1232_16.trm[39m[0m
[  47% ] [90m[1msavepack[22m | Storing File: res://addons/volumetric_terrain/base_cache/1040_1248_16.trm[39m[0m
[  47% ] [90m[1msavepack[22m | Storing File: res://addons/volumetric_terrain/base_cache/1040_1264_16.trm[39m[0m
[  47% ] [90m[1msavepack[22m | Storing File: res://addons/volumetric_terrain/base_cache/1056_1152_32.trm[39m[0m
[  47% ] [90m[1msavepack[22m | Storing File: res://addons/volumetric_terrain/base_cache/1056_1168_16.trm[39m[0m
[  48% ] [90m[1msavepack[22m | Storing File: res://addons/volumetric_terrain/base_cache/1056_1184_16.trm[39m[0m
[  48% ] [90m[1msavepack[22m | Storing File: res://addons/volumetric_terrain/base_cache/1056_1184_32.trm[39m[0m
[  48% ] [90m[1msavepack[22m | Storing File: res://addons/volumetric_terrain/base_cache/1056_1200_16.trm[39m[0m
[  48% ] [90m[1msavepack[22m | Storing File: res://addons/volumetric_terrain/base_cache/1056_1216_16.trm[39m[0m
[  48% ] [90m[1msavepack[22m | Storing File: res://addons/volumetric_terrain/base_cache/1056_1216_32.trm[39m[0m
[  49% ] [90m[1msavepack[22m | Storing File: res://addons/volumetric_terrain/base_cache/1056_1232_16.trm[39m[0m
[  49% ] [90m[1msavepack[22m | Storing File: res://addons/volumetric_terrain/base_cache/1056_1248_16.trm[39m[0m
[  49% ] [90m[1msavepack[22m | Storing File: res://addons/volumetric_terrain/base_cache/1056_1248_32.trm[39m[0m
[  49% ] [90m[1msavepack[22m | Storing File: res://addons/volumetric_terrain/base_cache/1056_1264_16.trm[39m[0m
[  50% ] [90m[1msavepack[22m | Storing File: res://addons/volumetric_terrain/base_cache/1072_1168_16.trm[39m[0m
[  50% ] [90m[1msavepack[22m | Storing File: res://addons/volumetric_terrain/base_cache/1072_1184_16.trm[39m[0m
[  50% ] [90m[1msavepack[22m | Storing File: res://addons/volumetric_terrain/base_cache/1072_1200_16.trm[39m[0m
[  50% ] [90m[1msavepack[22m | Storing File: res://addons/volumetric_terrain/base_cache/1072_1216_16.trm[39m[0m
[  50% ] [90m[1msavepack[22m | Storing File: res://addons/volumetric_terrain/base_cache/1072_1232_16.trm[39m[0m
[  51% ] [90m[1msavepack[22m | Storing File: res://addons/volumetric_terrain/base_cache/1072_1248_16.trm[39m[0m
[  51% ] [90m[1msavepack[22m | Storing File: res://addons/volumetric_terrain/base_cache/1072_1264_16.trm[39m[0m
[  51% ] [90m[1msavepack[22m | Storing File: res://addons/volumetric_terrain/base_cache/1088_1152_32.trm[39m[0m
[  51% ] [90m[1msavepack[22m | Storing File: res://addons/volumetric_terrain/base_cache/1088_1152_64.trm[39m[0m
[  51% ] [90m[1msavepack[22m | Storing File: res://addons/volumetric_terrain/base_cache/1088_1168_16.trm[39m[0m
[  52% ] [90m[1msavepack[22m | Storing File: res://addons/volumetric_terrain/base_cache/1088_1184_16.trm[39m[0m
[  52% ] [90m[1msavepack[22m | Storing File: res://addons/volumetric_terrain/base_cache/1088_1184_32.trm[39m[0m
[  52% ] [90m[1msavepack[22m | Storing File: res://addons/volumetric_terrain/base_cache/1088_1200_16.trm[39m[0m
[  52% ] [90m[1msavepack[22m | Storing File: res://addons/volumetric_terrain/base_cache/1088_1216_16.trm[39m[0m
[  53% ] [90m[1msavepack[22m | Storing File: res://addons/volumetric_terrain/base_cache/1088_1216_32.trm[39m[0m
[  53% ] [90m[1msavepack[22m | Storing File: res://addons/volumetric_terrain/base_cache/1088_1216_64.trm[39m[0m
[  53% ] [90m[1msavepack[22m | Storing File: res://addons/volumetric_terrain/base_cache/1088_1232_16.trm[39m[0m
[  53% ] [90m[1msavepack[22m | Storing File: res://addons/volumetric_terrain/base_cache/1088_1248_16.trm[39m[0m
[  53% ] [90m[1msavepack[22m | Storing File: res://addons/volumetric_terrain/base_cache/1088_1248_32.trm[39m[0m
[  54% ] [90m[1msavepack[22m | Storing File: res://addons/volumetric_terrain/base_cache/1088_1264_16.trm[39m[0m
[  54% ] [90m[1msavepack[22m | Storing File: res://addons/volumetric_terrain/base_cache/1088_1280_64.trm[39m[0m
[  54% ] [90m[1msavepack[22m | Storing File: res://addons/volumetric_terrain/base_cache/1152_1024_128.trm[39m[0m
[  54% ] [90m[1msavepack[22m | Storing File: res://addons/volumetric_terrain/base_cache/1152_1152_128.trm[39m[0m
[  55% ] [90m[1msavepack[22m | Storing File: res://addons/volumetric_terrain/base_cache/1152_1280_128.trm[39m[0m
[  55% ] [90m[1msavepack[22m | Storing File: res://addons/volumetric_terrain/base_cache/1280_0_256.trm[39m[0m
[  55% ] [90m[1msavepack[22m | Storing File: res://addons/volumetric_terrain/base_cache/1280_1024_256.trm[39m[0m
[  55% ] [90m[1msavepack[22m | Storing File: res://addons/volumetric_terrain/base_cache/1280_1280_128.trm[39m[0m
[  55% ] [90m[1msavepack[22m | Storing File: res://addons/volumetric_terrain/base_cache/1280_1280_256.trm[39m[0m
[  56% ] [90m[1msavepack[22m | Storing File: res://addons/volumetric_terrain/base_cache/1280_1408_128.trm[39m[0m
[  56% ] [90m[1msavepack[22m | Storing File: res://addons/volumetric_terrain/base_cache/1280_1536_128.trm[39m[0m
[  56% ] [90m[1msavepack[22m | Storing File: res://addons/volumetric_terrain/base_cache/1280_1536_256.trm[39m[0m
[  56% ] [90m[1msavepack[22m | Storing File: res://addons/volumetric_terrain/base_cache/1280_1792_256.trm[39m[0m
[  57% ] [90m[1msavepack[22m | Storing File: res://addons/volumetric_terrain/base_cache/1280_256_256.trm[39m[0m
[  57% ] [90m[1msavepack[22m | Storing File: res://addons/volumetric_terrain/base_cache/1280_512_256.trm[39m[0m
[  57% ] [90m[1msavepack[22m | Storing File: res://addons/volumetric_terrain/base_cache/1280_768_256.trm[39m[0m
[  57% ] [90m[1msavepack[22m | Storing File: res://addons/volumetric_terrain/base_cache/1408_1280_128.trm[39m[0m
[  57% ] [90m[1msavepack[22m | Storing File: res://addons/volumetric_terrain/base_cache/1408_1344_64.trm[39m[0m
[  58% ] [90m[1msavepack[22m | Storing File: res://addons/volumetric_terrain/base_cache/1408_1376_32.trm[39m[0m
[  58% ] [90m[1msavepack[22m | Storing File: res://addons/volumetric_terrain/base_cache/1408_1408_128.trm[39m[0m
[  58% ] [90m[1msavepack[22m | Storing File: res://addons/volumetric_terrain/base_cache/1408_1408_32.trm[39m[0m
[  58% ] [90m[1msavepack[22m | Storing File: res://addons/volumetric_terrain/base_cache/1408_1408_64.trm[39m[0m
[  59% ] [90m[1msavepack[22m | Storing File: res://addons/volumetric_terrain/base_cache/1408_1440_32.trm[39m[0m
[  59% ] [90m[1msavepack[22m | Storing File: res://addons/volumetric_terrain/base_cache/1408_1472_32.trm[39m[0m
[  59% ] [90m[1msavepack[22m | Storing File: res://addons/volumetric_terrain/base_cache/1408_1472_64.trm[39m[0m
[  59% ] [90m[1msavepack[22m | Storing File: res://addons/volumetric_terrain/base_cache/1408_1536_128.trm[39m[0m
[  59% ] [90m[1msavepack[22m | Storing File: res://addons/volumetric_terrain/base_cache/1424_1376_16.trm[39m[0m
[  60% ] [90m[1msavepack[22m | Storing File: res://addons/volumetric_terrain/base_cache/1424_1392_16.trm[39m[0m
[  60% ] [90m[1msavepack[22m | Storing File: res://addons/volumetric_terrain/base_cache/1424_1408_16.trm[39m[0m
[  60% ] [90m[1msavepack[22m | Storing File: res://addons/volumetric_terrain/base_cache/1424_1424_16.trm[39m[0m
[  60% ] [90m[1msavepack[22m | Storing File: res://addons/volumetric_terrain/base_cache/1424_1440_16.trm[39m[0m
[  61% ] [90m[1msavepack[22m | Storing File: res://addons/volumetric_terrain/base_cache/1424_1456_16.trm[39m[0m
[  61% ] [90m[1msavepack[22m | Storing File: res://addons/volumetric_terrain/base_cache/1424_1472_16.trm[39m[0m
[  61% ] [90m[1msavepack[22m | Storing File: res://addons/volumetric_terrain/base_cache/1440_1376_16.trm[39m[0m
[  61% ] [90m[1msavepack[22m | Storing File: res://addons/volumetric_terrain/base_cache/1440_1376_32.trm[39m[0m
[  61% ] [90m[1msavepack[22m | Storing File: res://addons/volumetric_terrain/base_cache/1440_1392_16.trm[39m[0m
[  62% ] [90m[1msavepack[22m | Storing File: res://addons/volumetric_terrain/base_cache/1440_1408_16.trm[39m[0m
[  62% ] [90m[1msavepack[22m | Storing File: res://addons/volumetric_terrain/base_cache/1440_1408_32.trm[39m[0m
[  62% ] [90m[1msavepack[22m | Storing File: res://addons/volumetric_terrain/base_cache/1440_1424_16.trm[39m[0m
[  62% ] [90m[1msavepack[22m | Storing File: res://addons/volumetric_terrain/base_cache/1440_1440_16.trm[39m[0m
[  63% ] [90m[1msavepack[22m | Storing File: res://addons/volumetric_terrain/base_cache/1440_1440_32.trm[39m[0m
[  63% ] [90m[1msavepack[22m | Storing File: res://addons/volumetric_terrain/base_cache/1440_1456_16.trm[39m[0m
[  63% ] [90m[1msavepack[22m | Storing File: res://addons/volumetric_terrain/base_cache/1440_1472_16.trm[39m[0m
[  63% ] [90m[1msavepack[22m | Storing File: res://addons/volumetric_terrain/base_cache/1440_1472_32.trm[39m[0m
[  63% ] [90m[1msavepack[22m | Storing File: res://addons/volumetric_terrain/base_cache/1456_1376_16.trm[39m[0m
[  64% ] [90m[1msavepack[22m | Storing File: res://addons/volumetric_terrain/base_cache/1456_1392_16.trm[39m[0m
[  64% ] [90m[1msavepack[22m | Storing File: res://addons/volumetric_terrain/base_cache/1456_1408_16.trm[39m[0m
[  64% ] [90m[1msavepack[22m | Storing File: res://addons/volumetric_terrain/base_cache/1456_1424_16.trm[39m[0m
[  64% ] [90m[1msavepack[22m | Storing File: res://addons/volumetric_terrain/base_cache/1456_1440_16.trm[39m[0m
[  65% ] [90m[1msavepack[22m | Storing File: res://addons/volumetric_terrain/base_cache/1456_1456_16.trm[39m[0m
[  65% ] [90m[1msavepack[22m | Storing File: res://addons/volumetric_terrain/base_cache/1456_1472_16.trm[39m[0m
[  65% ] [90m[1msavepack[22m | Storing File: res://addons/volumetric_terrain/base_cache/1472_1344_64.trm[39m[0m
[  65% ] [90m[1msavepack[22m | Storing File: res://addons/volumetric_terrain/base_cache/1472_1376_16.trm[39m[0m
[  65% ] [90m[1msavepack[22m | Storing File: res://addons/volumetric_terrain/base_cache/1472_1376_32.trm[39m[0m
[  66% ] [90m[1msavepack[22m | Storing File: res://addons/volumetric_terrain/base_cache/1472_1392_16.trm[39m[0m
[  66% ] [90m[1msavepack[22m | Storing File: res://addons/volumetric_terrain/base_cache/1472_1408_16.trm[39m[0m
[  66% ] [90m[1msavepack[22m | Storing File: res://addons/volumetric_terrain/base_cache/1472_1408_32.trm[39m[0m
[  66% ] [90m[1msavepack[22m | Storing File: res://addons/volumetric_terrain/base_cache/1472_1408_64.trm[39m[0m
[  66% ] [90m[1msavepack[22m | Storing File: res://addons/volumetric_terrain/base_cache/1472_1424_16.trm[39m[0m
[  66% ] [90m[1msavepack[22m | Storing File: res://addons/volumetric_terrain/base_cache/1472_1440_16.trm[39m[0m
[  66% ] [90m[1msavepack[22m | Storing File: res://addons/volumetric_terrain/base_cache/1472_1440_32.trm[39m[0m
[  66% ] [90m[1msavepack[22m | Storing File: res://addons/volumetric_terrain/base_cache/1472_1456_16.trm[39m[0m
[  66% ] [90m[1msavepack[22m | Storing File: res://addons/volumetric_terrain/base_cache/1472_1472_16.trm[39m[0m
[  67% ] [90m[1msavepack[22m | Storing File: res://addons/volumetric_terrain/base_cache/1472_1472_32.trm[39m[0m
[  67% ] [90m[1msavepack[22m | Storing File: res://addons/volumetric_terrain/base_cache/1472_1472_64.trm[39m[0m
[  67% ] [90m[1msavepack[22m | Storing File: res://addons/volumetric_terrain/base_cache/1488_1376_16.trm[39m[0m
[  67% ] [90m[1msavepack[22m | Storing File: res://addons/volumetric_terrain/base_cache/1488_1392_16.trm[39m[0m
[  68% ] [90m[1msavepack[22m | Storing File: res://addons/volumetric_terrain/base_cache/1488_1408_16.trm[39m[0m
[  68% ] [90m[1msavepack[22m | Storing File: res://addons/volumetric_terrain/base_cache/1488_1424_16.trm[39m[0m
[  68% ] [90m[1msavepack[22m | Storing File: res://addons/volumetric_terrain/base_cache/1488_1440_16.trm[39m[0m
[  68% ] [90m[1msavepack[22m | Storing File: res://addons/volumetric_terrain/base_cache/1488_1456_16.trm[39m[0m
[  68% ] [90m[1msavepack[22m | Storing File: res://addons/volumetric_terrain/base_cache/1488_1472_16.trm[39m[0m
[  69% ] [90m[1msavepack[22m | Storing File: res://addons/volumetric_terrain/base_cache/1504_1376_16.trm[39m[0m
[  69% ] [90m[1msavepack[22m | Storing File: res://addons/volumetric_terrain/base_cache/1504_1376_32.trm[39m[0m
[  69% ] [90m[1msavepack[22m | Storing File: res://addons/volumetric_terrain/base_cache/1504_1392_16.trm[39m[0m
[  69% ] [90m[1msavepack[22m | Storing File: res://addons/volumetric_terrain/base_cache/1504_1408_16.trm[39m[0m
[  70% ] [90m[1msavepack[22m | Storing File: res://addons/volumetric_terrain/base_cache/1504_1408_32.trm[39m[0m
[  70% ] [90m[1msavepack[22m | Storing File: res://addons/volumetric_terrain/base_cache/1504_1424_16.trm[39m[0m
[  70% ] [90m[1msavepack[22m | Storing File: res://addons/volumetric_terrain/base_cache/1504_1440_16.trm[39m[0m
[  70% ] [90m[1msavepack[22m | Storing File: res://addons/volumetric_terrain/base_cache/1504_1440_32.trm[39m[0m
[  70% ] [90m[1msavepack[22m | Storing File: res://addons/volumetric_terrain/base_cache/1504_1456_16.trm[39m[0m
[  71% ] [90m[1msavepack[22m | Storing File: res://addons/volumetric_terrain/base_cache/1504_1472_16.trm[39m[0m
[  71% ] [90m[1msavepack[22m | Storing File: res://addons/volumetric_terrain/base_cache/1504_1472_32.trm[39m[0m
[  71% ] [90m[1msavepack[22m | Storing File: res://addons/volumetric_terrain/base_cache/1520_1376_16.trm[39m[0m
[  71% ] [90m[1msavepack[22m | Storing File: res://addons/volumetric_terrain/base_cache/1520_1392_16.trm[39m[0m
[  72% ] [90m[1msavepack[22m | Storing File: res://addons/volumetric_terrain/base_cache/1520_1408_16.trm[39m[0m
[  72% ] [90m[1msavepack[22m | Storing File: res://addons/volumetric_terrain/base_cache/1520_1424_16.trm[39m[0m
[  72% ] [90m[1msavepack[22m | Storing File: res://addons/volumetric_terrain/base_cache/1520_1440_16.trm[39m[0m
[  72% ] [90m[1msavepack[22m | Storing File: res://addons/volumetric_terrain/base_cache/1520_1456_16.trm[39m[0m
[  72% ] [90m[1msavepack[22m | Storing File: res://addons/volumetric_terrain/base_cache/1520_1472_16.trm[39m[0m
[  73% ] [90m[1msavepack[22m | Storing File: res://addons/volumetric_terrain/base_cache/1536_0_256.trm[39m[0m
[  73% ] [90m[1msavepack[22m | Storing File: res://addons/volumetric_terrain/base_cache/1536_1024_256.trm[39m[0m
[  73% ] [90m[1msavepack[22m | Storing File: res://addons/volumetric_terrain/base_cache/1536_1280_128.trm[39m[0m
[  73% ] [90m[1msavepack[22m | Storing File: res://addons/volumetric_terrain/base_cache/1536_1280_256.trm[39m[0m
[  74% ] [90m[1msavepack[22m | Storing File: res://addons/volumetric_terrain/base_cache/1536_1344_64.trm[39m[0m
[  74% ] [90m[1msavepack[22m | Storing File: res://addons/volumetric_terrain/base_cache/1536_1408_128.trm[39m[0m
[  74% ] [90m[1msavepack[22m | Storing File: res://addons/volumetric_terrain/base_cache/1536_1408_64.trm[39m[0m
[  74% ] [90m[1msavepack[22m | Storing File: res://addons/volumetric_terrain/base_cache/1536_1472_64.trm[39m[0m
[  74% ] [90m[1msavepack[22m | Storing File: res://addons/volumetric_terrain/base_cache/1536_1536_128.trm[39m[0m
[  75% ] [90m[1msavepack[22m | Storing File: res://addons/volumetric_terrain/base_cache/1536_1536_256.trm[39m[0m
[  75% ] [90m[1msavepack[22m | Storing File: res://addons/volumetric_terrain/base_cache/1536_1792_256.trm[39m[0m
[  75% ] [90m[1msavepack[22m | Storing File: res://addons/volumetric_terrain/base_cache/1536_256_256.trm[39m[0m
[  75% ] [90m[1msavepack[22m | Storing File: res://addons/volumetric_terrain/base_cache/1536_512_256.trm[39m[0m
[  75% ] [90m[1msavepack[22m | Storing File: res://addons/volumetric_terrain/base_cache/1536_768_256.trm[39m[0m
[  76% ] [90m[1msavepack[22m | Storing File: res://addons/volumetric_terrain/base_cache/1792_0_256.trm[39m[0m
[  76% ] [90m[1msavepack[22m | Storing File: res://addons/volumetric_terrain/base_cache/1792_1024_256.trm[39m[0m
[  76% ] [90m[1msavepack[22m | Storing File: res://addons/volumetric_terrain/base_cache/1792_1280_256.trm[39m[0m
[  76% ] [90m[1msavepack[22m | Storing File: res://addons/volumetric_terrain/base_cache/1792_1536_256.trm[39m[0m
[  77% ] [90m[1msavepack[22m | Storing File: res://addons/volumetric_terrain/base_cache/1792_1792_256.trm[39m[0m
[  77% ] [90m[1msavepack[22m | Storing File: res://addons/volumetric_terrain/base_cache/1792_256_256.trm[39m[0m
[  77% ] [90m[1msavepack[22m | Storing File: res://addons/volumetric_terrain/base_cache/1792_512_256.trm[39m[0m
[  77% ] [90m[1msavepack[22m | Storing File: res://addons/volumetric_terrain/base_cache/1792_768_256.trm[39m[0m
[  77% ] [90m[1msavepack[22m | Storing File: res://addons/volumetric_terrain/base_cache/256_0_256.trm[39m[0m
[  78% ] [90m[1msavepack[22m | Storing File: res://addons/volumetric_terrain/base_cache/256_1024_256.trm[39m[0m
[  78% ] [90m[1msavepack[22m | Storing File: res://addons/volumetric_terrain/base_cache/256_1280_256.trm[39m[0m
[  78% ] [90m[1msavepack[22m | Storing File: res://addons/volumetric_terrain/base_cache/256_1536_256.trm[39m[0m
[  78% ] [90m[1msavepack[22m | Storing File: res://addons/volumetric_terrain/base_cache/256_1792_256.trm[39m[0m
[  79% ] [90m[1msavepack[22m | Storing File: res://addons/volumetric_terrain/base_cache/256_256_256.trm[39m[0m
[  79% ] [90m[1msavepack[22m | Storing File: res://addons/volumetric_terrain/base_cache/256_512_256.trm[39m[0m
[  79% ] [90m[1msavepack[22m | Storing File: res://addons/volumetric_terrain/base_cache/256_768_256.trm[39m[0m
[  79% ] [90m[1msavepack[22m | Storing File: res://addons/volumetric_terrain/base_cache/512_0_256.trm[39m[0m
[  79% ] [90m[1msavepack[22m | Storing File: res://addons/volumetric_terrain/base_cache/512_1024_256.trm[39m[0m
[  80% ] [90m[1msavepack[22m | Storing File: res://addons/volumetric_terrain/base_cache/512_1280_256.trm[39m[0m
[  80% ] [90m[1msavepack[22m | Storing File: res://addons/volumetric_terrain/base_cache/512_1536_256.trm[39m[0m
[  80% ] [90m[1msavepack[22m | Storing File: res://addons/volumetric_terrain/base_cache/512_1792_256.trm[39m[0m
[  80% ] [90m[1msavepack[22m | Storing File: res://addons/volumetric_terrain/base_cache/512_256_256.trm[39m[0m
[  81% ] [90m[1msavepack[22m | Storing File: res://addons/volumetric_terrain/base_cache/512_512_256.trm[39m[0m
[  81% ] [90m[1msavepack[22m | Storing File: res://addons/volumetric_terrain/base_cache/512_768_256.trm[39m[0m
[  81% ] [90m[1msavepack[22m | Storing File: res://addons/volumetric_terrain/base_cache/768_0_256.trm[39m[0m
[  81% ] [90m[1msavepack[22m | Storing File: res://addons/volumetric_terrain/base_cache/768_1024_128.trm[39m[0m
[  81% ] [90m[1msavepack[22m | Storing File: res://addons/volumetric_terrain/base_cache/768_1024_256.trm[39m[0m
[  82% ] [90m[1msavepack[22m | Storing File: res://addons/volumetric_terrain/base_cache/768_1152_128.trm[39m[0m
[  82% ] [90m[1msavepack[22m | Storing File: res://addons/volumetric_terrain/base_cache/768_1280_128.trm[39m[0m
[  82% ] [90m[1msavepack[22m | Storing File: res://addons/volumetric_terrain/base_cache/768_1280_256.trm[39m[0m
[  82% ] [90m[1msavepack[22m | Storing File: res://addons/volumetric_terrain/base_cache/768_1408_128.trm[39m[0m
[  83% ] [90m[1msavepack[22m | Storing File: res://addons/volumetric_terrain/base_cache/768_1536_256.trm[39m[0m
[  83% ] [90m[1msavepack[22m | Storing File: res://addons/volumetric_terrain/base_cache/768_1792_256.trm[39m[0m
[  83% ] [90m[1msavepack[22m | Storing File: res://addons/volumetric_terrain/base_cache/768_256_256.trm[39m[0m
[  83% ] [90m[1msavepack[22m | Storing File: res://addons/volumetric_terrain/base_cache/768_512_256.trm[39m[0m
[  83% ] [90m[1msavepack[22m | Storing File: res://addons/volumetric_terrain/base_cache/768_768_128.trm[39m[0m
[  84% ] [90m[1msavepack[22m | Storing File: res://addons/volumetric_terrain/base_cache/768_768_256.trm[39m[0m
[  84% ] [90m[1msavepack[22m | Storing File: res://addons/volumetric_terrain/base_cache/768_896_128.trm[39m[0m
[  84% ] [90m[1msavepack[22m | Storing File: res://addons/volumetric_terrain/base_cache/896_1024_128.trm[39m[0m
[  84% ] [90m[1msavepack[22m | Storing File: res://addons/volumetric_terrain/base_cache/896_1024_64.trm[39m[0m
[  85% ] [90m[1msavepack[22m | Storing File: res://addons/volumetric_terrain/base_cache/896_1152_128.trm[39m[0m
[  85% ] [90m[1msavepack[22m | Storing File: res://addons/volumetric_terrain/base_cache/896_1216_64.trm[39m[0m
[  85% ] [90m[1msavepack[22m | Storing File: res://addons/volumetric_terrain/base_cache/896_1248_32.trm[39m[0m
[  85% ] [90m[1msavepack[22m | Storing File: res://addons/volumetric_terrain/base_cache/896_1280_128.trm[39m[0m
[  85% ] [90m[1msavepack[22m | Storing File: res://addons/volumetric_terrain/base_cache/896_1280_32.trm[39m[0m
[  86% ] [90m[1msavepack[22m | Storing File: res://addons/volumetric_terrain/base_cache/896_1280_64.trm[39m[0m
[  86% ] [90m[1msavepack[22m | Storing File: res://addons/volumetric_terrain/base_cache/896_1312_32.trm[39m[0m
[  86% ] [90m[1msavepack[22m | Storing File: res://addons/volumetric_terrain/base_cache/896_1344_32.trm[39m[0m
[  86% ] [90m[1msavepack[22m | Storing File: res://addons/volumetric_terrain/base_cache/896_1344_64.trm[39m[0m
[  87% ] [90m[1msavepack[22m | Storing File: res://addons/volumetric_terrain/base_cache/896_1408_128.trm[39m[0m
[  87% ] [90m[1msavepack[22m | Storing File: res://addons/volumetric_terrain/base_cache/896_768_128.trm[39m[0m
[  87% ] [90m[1msavepack[22m | Storing File: res://addons/volumetric_terrain/base_cache/896_896_128.trm[39m[0m
[  87% ] [90m[1msavepack[22m | Storing File: res://addons/volumetric_terrain/base_cache/896_896_64.trm[39m[0m
[  87% ] [90m[1msavepack[22m | Storing File: res://addons/volumetric_terrain/base_cache/896_960_64.trm[39m[0m
[  88% ] [90m[1msavepack[22m | Storing File: res://addons/volumetric_terrain/base_cache/912_1248_16.trm[39m[0m
[  88% ] [90m[1msavepack[22m | Storing File: res://addons/volumetric_terrain/base_cache/912_1264_16.trm[39m[0m
[  88% ] [90m[1msavepack[22m | Storing File: res://addons/volumetric_terrain/base_cache/912_1280_16.trm[39m[0m
[  88% ] [90m[1msavepack[22m | Storing File: res://addons/volumetric_terrain/base_cache/912_1296_16.trm[39m[0m
[  89% ] [90m[1msavepack[22m | Storing File: res://addons/volumetric_terrain/base_cache/912_1312_16.trm[39m[0m
[  89% ] [90m[1msavepack[22m | Storing File: res://addons/volumetric_terrain/base_cache/912_1328_16.trm[39m[0m
[  89% ] [90m[1msavepack[22m | Storing File: res://addons/volumetric_terrain/base_cache/912_1344_16.trm[39m[0m
[  89% ] [90m[1msavepack[22m | Storing File: res://addons/volumetric_terrain/base_cache/928_1008_16.trm[39m[0m
[  89% ] [90m[1msavepack[22m | Storing File: res://addons/volumetric_terrain/base_cache/928_1024_16.trm[39m[0m
[  90% ] [90m[1msavepack[22m | Storing File: res://addons/volumetric_terrain/base_cache/928_1024_32.trm[39m[0m
[  90% ] [90m[1msavepack[22m | Storing File: res://addons/volumetric_terrain/base_cache/928_1248_16.trm[39m[0m
[  90% ] [90m[1msavepack[22m | Storing File: res://addons/volumetric_terrain/base_cache/928_1248_32.trm[39m[0m
[  90% ] [90m[1msavepack[22m | Storing File: res://addons/volumetric_terrain/base_cache/928_1264_16.trm[39m[0m
[  91% ] [90m[1msavepack[22m | Storing File: res://addons/volumetric_terrain/base_cache/928_1280_16.trm[39m[0m
[  91% ] [90m[1msavepack[22m | Storing File: res://addons/volumetric_terrain/base_cache/928_1280_32.trm[39m[0m
[  91% ] [90m[1msavepack[22m | Storing File: res://addons/volumetric_terrain/base_cache/928_1296_16.trm[39m[0m
[  91% ] [90m[1msavepack[22m | Storing File: res://addons/volumetric_terrain/base_cache/928_1312_16.trm[39m[0m
[  91% ] [90m[1msavepack[22m | Storing File: res://addons/volumetric_terrain/base_cache/928_1312_32.trm[39m[0m
[  92% ] [90m[1msavepack[22m | Storing File: res://addons/volumetric_terrain/base_cache/928_1328_16.trm[39m[0m
[  92% ] [90m[1msavepack[22m | Storing File: res://addons/volumetric_terrain/base_cache/928_1344_16.trm[39m[0m
[  92% ] [90m[1msavepack[22m | Storing File: res://addons/volumetric_terrain/base_cache/928_1344_32.trm[39m[0m
[  92% ] [90m[1msavepack[22m | Storing File: res://addons/volumetric_terrain/base_cache/928_928_16.trm[39m[0m
[  93% ] [90m[1msavepack[22m | Storing File: res://addons/volumetric_terrain/base_cache/928_928_32.trm[39m[0m
[  93% ] [90m[1msavepack[22m | Storing File: res://addons/volumetric_terrain/base_cache/928_944_16.trm[39m[0m
[  93% ] [90m[1msavepack[22m | Storing File: res://addons/volumetric_terrain/base_cache/928_960_16.trm[39m[0m
[  93% ] [90m[1msavepack[22m | Storing File: res://addons/volumetric_terrain/base_cache/928_960_32.trm[39m[0m
[  93% ] [90m[1msavepack[22m | Storing File: res://addons/volumetric_terrain/base_cache/928_976_16.trm[39m[0m
[  94% ] [90m[1msavepack[22m | Storing File: res://addons/volumetric_terrain/base_cache/928_992_16.trm[39m[0m
[  94% ] [90m[1msavepack[22m | Storing File: res://addons/volumetric_terrain/base_cache/928_992_32.trm[39m[0m
[  94% ] [90m[1msavepack[22m | Storing File: res://addons/volumetric_terrain/base_cache/944_1008_16.trm[39m[0m
[  94% ] [90m[1msavepack[22m | Storing File: res://addons/volumetric_terrain/base_cache/944_1024_16.trm[39m[0m
[  95% ] [90m[1msavepack[22m | Storing File: res://addons/volumetric_terrain/base_cache/944_1248_16.trm[39m[0m
[  95% ] [90m[1msavepack[22m | Storing File: res://addons/volumetric_terrain/base_cache/944_1264_16.trm[39m[0m
[  95% ] [90m[1msavepack[22m | Storing File: res://addons/volumetric_terrain/base_cache/944_1280_16.trm[39m[0m
[  95% ] [90m[1msavepack[22m | Storing File: res://addons/volumetric_terrain/base_cache/944_1296_16.trm[39m[0m
[  95% ] [90m[1msavepack[22m | Storing File: res://addons/volumetric_terrain/base_cache/944_1312_16.trm[39m[0m
[  96% ] [90m[1msavepack[22m | Storing File: res://addons/volumetric_terrain/base_cache/944_1328_16.trm[39m[0m
[  96% ] [90m[1msavepack[22m | Storing File: res://addons/volumetric_terrain/base_cache/944_1344_16.trm[39m[0m
[  96% ] [90m[1msavepack[22m | Storing File: res://addons/volumetric_terrain/base_cache/944_928_16.trm[39m[0m
[  96% ] [90m[1msavepack[22m | Storing File: res://addons/volumetric_terrain/base_cache/944_944_16.trm[39m[0m
[  97% ] [90m[1msavepack[22m | Storing File: res://addons/volumetric_terrain/base_cache/944_960_16.trm[39m[0m
[  97% ] [90m[1msavepack[22m | Storing File: res://addons/volumetric_terrain/base_cache/944_976_16.trm[39m[0m
[  97% ] [90m[1msavepack[22m | Storing File: res://addons/volumetric_terrain/base_cache/944_992_16.trm[39m[0m
[  97% ] [90m[1msavepack[22m | Storing File: res://addons/volumetric_terrain/base_cache/960_1008_16.trm[39m[0m
[  97% ] [90m[1msavepack[22m | Storing File: res://addons/volumetric_terrain/base_cache/960_1024_16.trm[39m[0m
[  98% ] [90m[1msavepack[22m | Storing File: res://addons/volumetric_terrain/base_cache/960_1024_32.trm[39m[0m
[  98% ] [90m[1msavepack[22m | Storing File: res://addons/volumetric_terrain/base_cache/960_1024_64.trm[39m[0m
[  98% ] [90m[1msavepack[22m | Storing File: res://addons/volumetric_terrain/base_cache/960_1152_64.trm[39m[0m
[  98% ] [90m[1msavepack[22m | Storing File: res://addons/volumetric_terrain/base_cache/960_1216_64.trm[39m[0m
[  98% ] [90m[1msavepack[22m | Storing File: res://addons/presentation/fullscreen_policy.gd.remap[39m[0m
[  98% ] [90m[1msavepack[22m | Storing File: res://addons/structures/prefabs/brick_cottage.tres.remap[39m[0m
[  98% ] [90m[1msavepack[22m | Storing File: res://addons/structures/prefabs/doorway_wall.tres.remap[39m[0m
[  98% ] [90m[1msavepack[22m | Storing File: res://addons/structures/prefabs/stair_flight.tres.remap[39m[0m
[  98% ] [90m[1msavepack[22m | Storing File: res://addons/structures/prefabs/tower_floor.tres.remap[39m[0m
[  98% ] [90m[1msavepack[22m | Storing File: res://addons/structures/structures_world.gd.remap[39m[0m
[  98% ] [90m[1msavepack[22m | Storing File: res://addons/vegetation/reference_rc2/forest.gd.remap[39m[0m
[  98% ] [90m[1msavepack[22m | Storing File: res://addons/vegetation/reference_rc3/forest.gd.remap[39m[0m
[  98% ] [90m[1msavepack[22m | Storing File: res://addons/vegetation/assets.gd.remap[39m[0m
[  98% ] [90m[1msavepack[22m | Storing File: res://addons/vegetation/forest.gd.remap[39m[0m
[  98% ] [90m[1msavepack[22m | Storing File: res://addons/vegetation/plugin.gd.remap[39m[0m
[  98% ] [90m[1msavepack[22m | Storing File: res://addons/vegetation/source.gd.remap[39m[0m
[  98% ] [90m[1msavepack[22m | Storing File: res://addons/vegetation/vegetation_world.gd.remap[39m[0m
[  98% ] [90m[1msavepack[22m | Storing File: res://addons/volumetric_terrain/collision_reuse.gd.remap[39m[0m
[  98% ] [90m[1msavepack[22m | Storing File: res://addons/volumetric_terrain/derived_cache.gd.remap[39m[0m
[  98% ] [90m[1msavepack[22m | Storing File: res://addons/volumetric_terrain/mesh_codec.gd.remap[39m[0m
[  98% ] [90m[1msavepack[22m | Storing File: res://addons/volumetric_terrain/plugin.gd.remap[39m[0m
[  98% ] [90m[1msavepack[22m | Storing File: res://addons/volumetric_terrain/runtime_assets.gd.remap[39m[0m
[  98% ] [90m[1msavepack[22m | Storing File: res://addons/volumetric_terrain/terrain_backend.gd.remap[39m[0m
[  98% ] [90m[1msavepack[22m | Storing File: res://addons/volumetric_terrain/terrain_stream.gd.remap[39m[0m
[  98% ] [90m[1msavepack[22m | Storing File: res://addons/volumetric_terrain/terrain_world.gd.remap[39m[0m
[  98% ] [90m[1msavepack[22m | Storing File: res://addons/volumetric_water/lake_world.gd.remap[39m[0m
[  98% ] [90m[1msavepack[22m | Storing File: res://addons/world_ecosystem/plugin.gd.remap[39m[0m
[  98% ] [90m[1msavepack[22m | Storing File: res://addons/world_ecosystem/world_ecosystem.gd.remap[39m[0m
[  98% ] [90m[1msavepack[22m | Storing File: res://addons/world_runtime/world_persistence.gd.remap[39m[0m
[  98% ] [90m[1msavepack[22m | Storing File: res://demo/benchmark.gd.remap[39m[0m
[  98% ] [90m[1msavepack[22m | Storing File: res://demo/brush_stroke.gd.remap[39m[0m
[  98% ] [90m[1msavepack[22m | Storing File: res://demo/controller.gd.remap[39m[0m
[  98% ] [90m[1msavepack[22m | Storing File: res://demo/controller_state.gd.remap[39m[0m
[  98% ] [90m[1msavepack[22m | Storing File: res://demo/structures.gd.remap[39m[0m
[  98% ] [90m[1msavepack[22m | Storing File: res://demo/structures.tscn.remap[39m[0m
[  98% ] [90m[1msavepack[22m | Storing File: res://demo/world.gd.remap[39m[0m
[  98% ] [90m[1msavepack[22m | Storing File: res://demo/world.tscn.remap[39m[0m
[  98% ] [90m[1msavepack[22m | Storing File: res://.godot/global_script_class_cache.cfg[39m[0m
[  98% ] [90m[1msavepack[22m | Storing File: res://.godot/extension_list.cfg[39m[0m
[  98% ] [90m[1msavepack[22m | Storing File: res://.godot/uid_cache.bin[39m[0m
[  98% ] [90m[1msavepack[22m | Storing File: res://project.binary[39m[0m
[92m[ DONE ][39m [1msavepack[22m
[0m

