Godot Engine v4.7.2.stable.steam.ed1daf0bf - https://godotengine.org

PASS native block extension registered
PASS occupancy handles negative seams, touching faces, slope cells and vertical clearance
PASS occupancy updates after removal
PASS occupancy index rebuilt from persisted cells
PASS occupancy transforms world placements into block coordinates
PASS negative query bounds rejected
PASS nonfinite transforms rejected atomically
PASS huge query bounded by resident chunks
PASS remote huge coordinates safely rejected before integer conversion
PASS empty restored world clears occupancy
PASS native prefab accepts sparse shape/material records
PASS prefab canonicalizes record ordering
PASS returned prefab records cannot mutate the asset
PASS invalid prefab authoring is atomic
PASS invalid prefab authoring is atomic
PASS invalid prefab authoring is atomic
PASS invalid prefab authoring is atomic
PASS invalid prefab authoring is atomic
PASS native prefab quarter-turn placement 0
PASS quarter-turn rotates coordinates and oriented shape 0
PASS preview bounds match rotated cell extents 0
PASS native prefab quarter-turn placement 1
PASS quarter-turn rotates coordinates and oriented shape 1
PASS preview bounds match rotated cell extents 1
PASS native prefab quarter-turn placement 2
PASS quarter-turn rotates coordinates and oriented shape 2
PASS preview bounds match rotated cell extents 2
PASS native prefab quarter-turn placement 3
PASS quarter-turn rotates coordinates and oriented shape 3
PASS preview bounds match rotated cell extents 3
PASS occupied destination rejects entire prefab
PASS explicit replace mode is deterministic
PASS coordinate overflow rejects placement before mutation
PASS invalid rotation and null asset rejected
PASS sparse prefab leaves unlisted destination cells untouched
PASS capture creates reusable asset from actual world cells
PASS capture dimensions and volume are bounded
PASS captured asset can be placed independently
PASS native prefab saves as a Godot resource
PASS native prefab resource round trip preserves all records
PASS prefab capacity preflight and commit both reject atomically
PASS history is opt-in for runtime worlds
PASS bounded native editor history enabled
PASS one command stores only two unique changed cells
PASS forward change listeners observe committed history
PASS undo restores original values across signed chunk seams
PASS undo cursor is committed before change notification
PASS net-zero duplicate edits preserve redo
PASS invalid batch preserves history atomically
PASS redo reproduces exact shapes and materials
PASS redo cursor is committed before change notification
PASS new edit discards abandoned future commands
PASS failed load preserves construction history
PASS successful load starts a new history timeline
PASS invalid history limits preserve configuration
PASS byte and command budgets evict the oldest undo steps
PASS eviction retains a valid nearest undo chain
PASS shrinking undone history retains nearest redo steps
PASS oversized accepted edit forms a barrier instead of unsafe partial undo
PASS whole prefab history is independent of later asset changes
PASS undo removes chunk geometry and collision
PASS redo rebuilds geometry and vegetation occupancy
PASS protected player volume blocks solid restoration atomically
PASS protected volume is transformed into block coordinates
PASS nonfinite history protection is rejected
PASS nonintersecting protection permits restoration
PASS redo also respects player clearance
PASS reentrant signal listener may clear history safely
PASS disabling history releases retained cell data
PASS 400 deterministic edits, undo, redo and history evictions match an independent state model
PASS history test has a live bake awaiting publication
PASS undo rejects in-flight geometry from the abandoned edit
PASS redo publishes current geometry and collision after stale rejection
PASS empty snapshot validates
PASS place cube
PASS isolated cube is six merged quads
PASS cube exact area and clockwise winding
PASS place adjacent cube
PASS adjacent cubes merge into six quads
PASS adjacent cubes have no internal face
PASS second material cube
PASS material boundary does not expose internal face
PASS reject invalid shape in batch
PASS invalid batch is atomic
PASS reject out of range coordinates
PASS reject reserved material bits
PASS reject incomplete records
PASS clear using valid snapshot
PASS edit across positive and negative chunk seams
PASS negative floor division and positive seam ownership
PASS no internal faces at either chunk seam
PASS negative coordinate lookup
PASS remove sole cell in negative chunk
PASS empty chunk reclaimed and neighbour face restored
PASS shape 1 rotation 0 accepted
PASS shape 1 rotation 0 exact boundary and winding
PASS shape 1 rotation 1 accepted
PASS shape 1 rotation 1 exact boundary and winding
PASS shape 1 rotation 2 accepted
PASS shape 1 rotation 2 exact boundary and winding
PASS shape 1 rotation 3 accepted
PASS shape 1 rotation 3 exact boundary and winding
PASS shape 2 rotation 0 accepted
PASS shape 2 rotation 0 exact boundary and winding
PASS shape 2 rotation 1 accepted
PASS shape 2 rotation 1 exact boundary and winding
PASS shape 2 rotation 2 accepted
PASS shape 2 rotation 2 exact boundary and winding
PASS shape 2 rotation 3 accepted
PASS shape 2 rotation 3 exact boundary and winding
PASS shape 3 rotation 0 accepted
PASS shape 3 rotation 0 exact boundary and winding
PASS shape 3 rotation 1 accepted
PASS shape 3 rotation 1 exact boundary and winding
PASS shape 3 rotation 2 accepted
PASS shape 3 rotation 2 exact boundary and winding
PASS shape 3 rotation 3 accepted
PASS shape 3 rotation 3 exact boundary and winding
PASS shape 4 rotation 0 accepted
PASS shape 4 rotation 0 exact boundary and winding
PASS shape 4 rotation 1 accepted
PASS shape 4 rotation 1 exact boundary and winding
PASS shape 4 rotation 2 accepted
PASS shape 4 rotation 2 exact boundary and winding
PASS shape 4 rotation 3 accepted
PASS shape 4 rotation 3 exact boundary and winding
PASS shape 5 rotation 0 accepted
PASS shape 5 rotation 0 exact boundary and winding
PASS shape 5 rotation 1 accepted
PASS shape 5 rotation 1 exact boundary and winding
PASS shape 5 rotation 2 accepted
PASS shape 5 rotation 2 exact boundary and winding
PASS shape 5 rotation 3 accepted
PASS shape 5 rotation 3 exact boundary and winding
PASS adjacent slabs merge without hidden faces
PASS deterministic snapshot round trip
PASS corrupt snapshot rejected
PASS rejected load preserves live building
PASS truncated snapshot rejected
PASS stale worker output discarded after edit
PASS latest edit is eventually published
PASS repeated distant placement/removal retains no empty chunks or dirty tombstones
PASS 4096 solid cubes become 12 triangles
PASS dense chunk RLE snapshot is 60 bytes with checksum
PASS stair collision tread 0
PASS stair collision tread 1
PASS stair collision tread 2
PASS stair collision tread 3
PASS true slope collision plane
PASS far physics bodies released
PASS static mesh transform upload
PASS static model instances partition at signed spatial boundaries
PASS invalid static transform rejected atomically
PASS static batches reclaimed on clear
PASS 100000 static model instances accepted
PASS 100000 placements use 49 batches and 4.8 MB of transform payload
PASS static model capacity/record limit enforced
PASS house/tower showcase uses chunks rather than block nodes
STRUCTURES_RESULT {"checks":158,"dense_bake_ms":7.866,"failures":0,"showcase":{"cell_bytes":417792,"cells":9469,"chunks":51,"collision_chunks":47,"dirty_chunks":0,"max_chunks":2048,"mesh_chunks":51,"published_bakes":51,"stale_bakes_rejected":0,"triangles":7502,"worker_jobs":0},"showcase_bake_ms":495.636,"static_100k":{"asset_id":"","batch_uploads":51,"instance_updates":0,"instances":100000,"slot_entries":100000,"spatial_batches":49,"transform_bytes":4800000},"static_100k_upload_ms":92.273}

