Godot Engine v4.7.2.stable.steam.ed1daf0bf - https://godotengine.org
Vulkan 1.3.289 - Forward+ - Using Device #0: NVIDIA - NVIDIA GeForce GTX 1060 with Max-Q Design

[TerrainRewrite] New world
[TerrainRewrite] New world
[terrain-hitch] receive 127.03 ms at 7612
[TerrainRewrite] Ready: nearby coverage/collision active; distant terrain still streaming
PASS world starts
PASS editor camera has a real terrain target
PASS button starts asynchronous survey and prevents duplicate requests
PASS survey displays a usable grade proposal
PASS survey changes neither terrain nor structures
PASS visible construction panel fits 1080p
PANEL_RECT [P: (1500.0, 36.0), S: (386.0, 900.0)]
SURVEY_DIALOG Origin X/Z: 807 / 1310 · Rotation: 0°
Suggested base Y: 48 m (allowed 39–53 m)
Ground elevation: 46.8–49.1 m · 396 foundation columns

Prepare grades the whole rectangular site, including gaps,
with up to 8 m fill, 12 m cut and 8 m sloped fill shoulders.
Terrain grading has no block undo. Buildings are not placed.
PREPARATION_GUARD Move outside the entire foundation and its shoulders. state=idle
PASS player inside complete foundation envelope rejects preparation
PREPARATION_ADMISSION running 
PASS editor admits preparation after player moves clear
PASS all real terrain grading sections publish
PASS preparation changes terrain only by its accepted edit count
PASS rotation change invalidates in-flight proposal
PASS existing structure inside plan rejects grading
Vehicle controller V3 ready: no-slip bicycle driving + no-pivot full-lock launch grip budget.
Vehicle runtime visuals ready: 27 fixed body meshes + animated driver door + 4 wheel meshes.
Visual mesh damage: enabled (F8 toggle, F9 repair).
Mounted accessory motion: enabled (F10 toggle, 11 moving items).
PASS parked vehicle inside plan rejects grading
[TerrainRewrite] Temporary test world: save skipped
