Godot Engine v4.7.2.stable.steam.ed1daf0bf - https://godotengine.org

PASS native terrain planner registered
PASS empty startup request set and hysteresis match legacy
PASS empty startup activation dependencies form a prefix of existing requested work
PASS empty startup coverage, dirty fallback and immutable inputs match legacy
PASS empty startup eviction preserves visible/requested/root tiles and LRU ordering
PASS seeded travel 0 request set and hysteresis match legacy
PASS seeded travel 0 activation dependencies form a prefix of existing requested work
PASS seeded travel 0 coverage, dirty fallback and immutable inputs match legacy
PASS seeded travel 0 eviction preserves visible/requested/root tiles and LRU ordering
PASS seeded travel 1 request set and hysteresis match legacy
PASS seeded travel 1 activation dependencies form a prefix of existing requested work
PASS seeded travel 1 coverage, dirty fallback and immutable inputs match legacy
PASS seeded travel 1 eviction preserves visible/requested/root tiles and LRU ordering
PASS seeded travel 2 request set and hysteresis match legacy
PASS seeded travel 2 activation dependencies form a prefix of existing requested work
PASS seeded travel 2 coverage, dirty fallback and immutable inputs match legacy
PASS seeded travel 2 eviction preserves visible/requested/root tiles and LRU ordering
PASS seeded travel 3 request set and hysteresis match legacy
PASS seeded travel 3 activation dependencies form a prefix of existing requested work
PASS seeded travel 3 coverage, dirty fallback and immutable inputs match legacy
PASS seeded travel 3 eviction preserves visible/requested/root tiles and LRU ordering
PASS seeded travel 4 request set and hysteresis match legacy
PASS seeded travel 4 activation dependencies form a prefix of existing requested work
PASS seeded travel 4 coverage, dirty fallback and immutable inputs match legacy
PASS seeded travel 4 eviction preserves visible/requested/root tiles and LRU ordering
PASS seeded travel 5 request set and hysteresis match legacy
PASS seeded travel 5 activation dependencies form a prefix of existing requested work
PASS seeded travel 5 coverage, dirty fallback and immutable inputs match legacy
PASS seeded travel 5 eviction preserves visible/requested/root tiles and LRU ordering
PASS seeded travel 6 request set and hysteresis match legacy
PASS seeded travel 6 activation dependencies form a prefix of existing requested work
PASS seeded travel 6 coverage, dirty fallback and immutable inputs match legacy
PASS seeded travel 6 eviction preserves visible/requested/root tiles and LRU ordering
PASS seeded travel 7 request set and hysteresis match legacy
PASS seeded travel 7 activation dependencies form a prefix of existing requested work
PASS seeded travel 7 coverage, dirty fallback and immutable inputs match legacy
PASS seeded travel 7 eviction preserves visible/requested/root tiles and LRU ordering
PASS seeded travel 8 request set and hysteresis match legacy
PASS seeded travel 8 activation dependencies form a prefix of existing requested work
PASS seeded travel 8 coverage, dirty fallback and immutable inputs match legacy
PASS seeded travel 8 eviction preserves visible/requested/root tiles and LRU ordering
PASS seeded travel 9 request set and hysteresis match legacy
PASS seeded travel 9 activation dependencies form a prefix of existing requested work
PASS seeded travel 9 coverage, dirty fallback and immutable inputs match legacy
PASS seeded travel 9 eviction preserves visible/requested/root tiles and LRU ordering
PASS seeded travel 10 request set and hysteresis match legacy
PASS seeded travel 10 activation dependencies form a prefix of existing requested work
PASS seeded travel 10 coverage, dirty fallback and immutable inputs match legacy
PASS seeded travel 10 eviction preserves visible/requested/root tiles and LRU ordering
PASS seeded travel 11 request set and hysteresis match legacy
PASS seeded travel 11 activation dependencies form a prefix of existing requested work
PASS seeded travel 11 coverage, dirty fallback and immutable inputs match legacy
PASS seeded travel 11 eviction preserves visible/requested/root tiles and LRU ordering
PASS seeded travel 12 request set and hysteresis match legacy
PASS seeded travel 12 activation dependencies form a prefix of existing requested work
PASS seeded travel 12 coverage, dirty fallback and immutable inputs match legacy
PASS seeded travel 12 eviction preserves visible/requested/root tiles and LRU ordering
PASS seeded travel 13 request set and hysteresis match legacy
PASS seeded travel 13 activation dependencies form a prefix of existing requested work
PASS seeded travel 13 coverage, dirty fallback and immutable inputs match legacy
PASS seeded travel 13 eviction preserves visible/requested/root tiles and LRU ordering
PASS seeded travel 14 request set and hysteresis match legacy
PASS seeded travel 14 activation dependencies form a prefix of existing requested work
PASS seeded travel 14 coverage, dirty fallback and immutable inputs match legacy
PASS seeded travel 14 eviction preserves visible/requested/root tiles and LRU ordering
PASS seeded travel 15 request set and hysteresis match legacy
PASS seeded travel 15 activation dependencies form a prefix of existing requested work
PASS seeded travel 15 coverage, dirty fallback and immutable inputs match legacy
PASS seeded travel 15 eviction preserves visible/requested/root tiles and LRU ordering
PASS seeded travel 16 request set and hysteresis match legacy
PASS seeded travel 16 activation dependencies form a prefix of existing requested work
PASS seeded travel 16 coverage, dirty fallback and immutable inputs match legacy
PASS seeded travel 16 eviction preserves visible/requested/root tiles and LRU ordering
PASS seeded travel 17 request set and hysteresis match legacy
PASS seeded travel 17 activation dependencies form a prefix of existing requested work
PASS seeded travel 17 coverage, dirty fallback and immutable inputs match legacy
PASS seeded travel 17 eviction preserves visible/requested/root tiles and LRU ordering
PASS seeded travel 18 request set and hysteresis match legacy
PASS seeded travel 18 activation dependencies form a prefix of existing requested work
PASS seeded travel 18 coverage, dirty fallback and immutable inputs match legacy
PASS seeded travel 18 eviction preserves visible/requested/root tiles and LRU ordering
PASS seeded travel 19 request set and hysteresis match legacy
PASS seeded travel 19 activation dependencies form a prefix of existing requested work
PASS seeded travel 19 coverage, dirty fallback and immutable inputs match legacy
PASS seeded travel 19 eviction preserves visible/requested/root tiles and LRU ordering
PASS seeded travel 20 request set and hysteresis match legacy
PASS seeded travel 20 activation dependencies form a prefix of existing requested work
PASS seeded travel 20 coverage, dirty fallback and immutable inputs match legacy
PASS seeded travel 20 eviction preserves visible/requested/root tiles and LRU ordering
PASS seeded travel 21 request set and hysteresis match legacy
PASS seeded travel 21 activation dependencies form a prefix of existing requested work
PASS seeded travel 21 coverage, dirty fallback and immutable inputs match legacy
PASS seeded travel 21 eviction preserves visible/requested/root tiles and LRU ordering
PASS seeded travel 22 request set and hysteresis match legacy
PASS seeded travel 22 activation dependencies form a prefix of existing requested work
PASS seeded travel 22 coverage, dirty fallback and immutable inputs match legacy
PASS seeded travel 22 eviction preserves visible/requested/root tiles and LRU ordering
PASS seeded travel 23 request set and hysteresis match legacy
PASS seeded travel 23 activation dependencies form a prefix of existing requested work
PASS seeded travel 23 coverage, dirty fallback and immutable inputs match legacy
PASS seeded travel 23 eviction preserves visible/requested/root tiles and LRU ordering
PASS seeded travel 24 request set and hysteresis match legacy
PASS seeded travel 24 activation dependencies form a prefix of existing requested work
PASS seeded travel 24 coverage, dirty fallback and immutable inputs match legacy
PASS seeded travel 24 eviction preserves visible/requested/root tiles and LRU ordering
PASS seeded travel 25 request set and hysteresis match legacy
PASS seeded travel 25 activation dependencies form a prefix of existing requested work
PASS seeded travel 25 coverage, dirty fallback and immutable inputs match legacy
PASS seeded travel 25 eviction preserves visible/requested/root tiles and LRU ordering
PASS seeded travel 26 request set and hysteresis match legacy
PASS seeded travel 26 activation dependencies form a prefix of existing requested work
PASS seeded travel 26 coverage, dirty fallback and immutable inputs match legacy
PASS seeded travel 26 eviction preserves visible/requested/root tiles and LRU ordering
PASS seeded travel 27 request set and hysteresis match legacy
PASS seeded travel 27 activation dependencies form a prefix of existing requested work
PASS seeded travel 27 coverage, dirty fallback and immutable inputs match legacy
PASS seeded travel 27 eviction preserves visible/requested/root tiles and LRU ordering
PASS seeded travel 28 request set and hysteresis match legacy
PASS seeded travel 28 activation dependencies form a prefix of existing requested work
PASS seeded travel 28 coverage, dirty fallback and immutable inputs match legacy
PASS seeded travel 28 eviction preserves visible/requested/root tiles and LRU ordering
PASS seeded travel 29 request set and hysteresis match legacy
PASS seeded travel 29 activation dependencies form a prefix of existing requested work
PASS seeded travel 29 coverage, dirty fallback and immutable inputs match legacy
PASS seeded travel 29 eviction preserves visible/requested/root tiles and LRU ordering
PASS seeded travel 30 request set and hysteresis match legacy
PASS seeded travel 30 activation dependencies form a prefix of existing requested work
PASS seeded travel 30 coverage, dirty fallback and immutable inputs match legacy
PASS seeded travel 30 eviction preserves visible/requested/root tiles and LRU ordering
PASS seeded travel 31 request set and hysteresis match legacy
PASS seeded travel 31 activation dependencies form a prefix of existing requested work
PASS seeded travel 31 coverage, dirty fallback and immutable inputs match legacy
PASS seeded travel 31 eviction preserves visible/requested/root tiles and LRU ordering
PASS seeded travel 32 request set and hysteresis match legacy
PASS seeded travel 32 activation dependencies form a prefix of existing requested work
PASS seeded travel 32 coverage, dirty fallback and immutable inputs match legacy
PASS seeded travel 32 eviction preserves visible/requested/root tiles and LRU ordering
PASS seeded travel 33 request set and hysteresis match legacy
PASS seeded travel 33 activation dependencies form a prefix of existing requested work
PASS seeded travel 33 coverage, dirty fallback and immutable inputs match legacy
PASS seeded travel 33 eviction preserves visible/requested/root tiles and LRU ordering
PASS seeded travel 34 request set and hysteresis match legacy
PASS seeded travel 34 activation dependencies form a prefix of existing requested work
PASS seeded travel 34 coverage, dirty fallback and immutable inputs match legacy
PASS seeded travel 34 eviction preserves visible/requested/root tiles and LRU ordering
PASS seeded travel 35 request set and hysteresis match legacy
PASS seeded travel 35 activation dependencies form a prefix of existing requested work
PASS seeded travel 35 coverage, dirty fallback and immutable inputs match legacy
PASS seeded travel 35 eviction preserves visible/requested/root tiles and LRU ordering
PASS dirty visible tile remains valid coverage before edit publication
PASS dirty hidden parent cannot resurrect stale geometry
PASS partial world root cannot expose an incomplete cut
PASS complete fine coverage clips excluded edge children without holes
PASS full fine-world cut matches legacy ordered traversal
PASS prior split remains inside the 30 percent hysteresis band
PASS flight altitude reduces refinement while collision mode retains ground coverage
PASS brush targeting preserves every player loading request
PASS brush target outside player fine radius receives first activation priority
PASS two loading foci do not duplicate jobs
PASS nonfinite brush focus rejected
PASS ready local tile is visible without absent root or siblings
PASS partial visibility does not report a complete world root
PASS existing parent remains until complete replacement is ready
PASS dirty live parent remains during atomic edit publication
PASS dirty hidden parent cannot suppress or replace current local geometry
PASS dirty hidden local geometry is not exposed
PASS 341 shuffled arrivals never remove previously covered space
PASS 341 shuffled arrivals never overlap parent and child surfaces
PASS completed root converges to full fine coverage
PASS nonfinite focus rejected
PASS unaligned terrain tile rejected
PASS unsupported tile size rejected
PASS out-of-domain tile rejected
PASS malformed dirty flag rejected
PASS malformed hysteresis flag rejected
PASS malformed visible key rejected
PASS malformed eviction timestamp rejected
PASS requested-key membership protects eviction independently of stored boolean value
PASS oversized planner input rejected before traversal
PLANNER_TIMING {"legacy_median_ms":8.449,"legacy_p95_ms":23.137,"native_median_ms":0.677,"native_p95_ms":3.003,"scope":"Matched headless request + coverage CPU calls, 80 samples; excludes scene publication, backend locks and rendering.","tiles":197}
TERRAIN_PLANNER_RESULT {"checks":179,"failures":0,"timing":{"legacy_median_ms":8.449,"legacy_p95_ms":23.137,"native_median_ms":0.677,"native_p95_ms":3.003,"scope":"Matched headless request + coverage CPU calls, 80 samples; excludes scene publication, backend locks and rendering.","tiles":197}}
