Godot Engine v4.7.2.stable.steam.ed1daf0bf - https://godotengine.org
Vulkan 1.4.351 - Forward+ - Using Device #0: NVIDIA - NVIDIA GeForce RTX 4050 Laptop GPU

[TerrainRewrite] World loaded
[TerrainRewrite] World loaded
[TerrainRewrite] Lake ready · F5 saves world
[TerrainRewrite] Ready: nearby coverage/collision active; distant terrain still streaming
[TerrainRewrite] Lake ready · F5 saves world
[TerrainRewrite] Lake ready · F5 saves world
[TerrainRewrite] ERROR: save blocked: snapshot writes explicitly disabled; previous canonical snapshot retained
[TerrainRewrite] Lake ready · F5 saves world
PASS world reaches60 idle frames before measurement
PASS empty maintains fixed16 physics cap
PASS empty no collision-readiness holds
PASS empty actor adapter p95<=1ms max<=2ms
PASS empty frame p95<=18.5ms
empty {"active":{"max":0.0,"median":0.0,"p95":0.0},"actor_ms":{"max":0.161,"median":0.09,"p95":0.121},"collision_ms":{"max":0.0,"median":0.0,"p95":0.0},"draw_calls":{"max":723.0,"median":723.0,"p95":723.0},"frame_ms":{"max":19.765,"median":16.787,"p95":18.269},"gpu_ms":{"max":5.56300020217896,"median":3.75,"p95":4.79099988937378},"held":{"max":0.0,"median":0.0,"p95":0.0},"motion_ms":{"max":0.0,"median":0.0,"p95":0.0},"queued":{"max":0.0,"median":0.0,"p95":0.0},"readiness_ms":{"max":0.0,"median":0.0,"p95":0.0},"store_ms":{"max":0.0,"median":0.0,"p95":0.0},"transform_ms":{"max":0.0,"median":0.0,"p95":0.0},"worker_busy":{"max":0.0,"median":0.0,"p95":0.0}} distinct=0 entries=0
PASS moving16 maintains fixed16 physics cap
PASS moving16 no collision-readiness holds
FAIL moving16 actor adapter p95<=1ms max<=2ms
FAIL moving16 frame p95<=18.5ms
moving16 {"active":{"max":16.0,"median":16.0,"p95":16.0},"actor_ms":{"max":9.891,"median":1.525,"p95":2.388},"collision_ms":{"max":9.34,"median":1.072,"p95":1.661},"draw_calls":{"max":728.0,"median":728.0,"p95":728.0},"frame_ms":{"max":25.805,"median":16.749,"p95":19.082},"gpu_ms":{"max":7.18499994277954,"median":4.20100021362305,"p95":5.54699993133545},"held":{"max":0.0,"median":0.0,"p95":0.0},"motion_ms":{"max":9.311,"median":1.051,"p95":1.619},"queued":{"max":0.0,"median":0.0,"p95":0.0},"readiness_ms":{"max":0.647,"median":0.353,"p95":0.49},"store_ms":{"max":0.011,"median":0.005,"p95":0.009},"transform_ms":{"max":0.088,"median":0.006,"p95":0.009},"worker_busy":{"max":0.0,"median":0.0,"p95":0.0}} distinct=16 entries=16
PASS nearby64 maintains fixed16 physics cap
PASS nearby64 no collision-readiness holds
FAIL nearby64 actor adapter p95<=1ms max<=2ms
FAIL nearby64 frame p95<=18.5ms
nearby64 {"active":{"max":16.0,"median":16.0,"p95":16.0},"actor_ms":{"max":3.516,"median":2.001,"p95":2.885},"collision_ms":{"max":2.49,"median":1.486,"p95":2.19},"draw_calls":{"max":728.0,"median":728.0,"p95":728.0},"frame_ms":{"max":20.694,"median":16.717,"p95":19.071},"gpu_ms":{"max":6.19399976730347,"median":4.37599992752075,"p95":5.51700019836426},"held":{"max":0.0,"median":0.0,"p95":0.0},"motion_ms":{"max":2.446,"median":1.462,"p95":2.163},"queued":{"max":0.0,"median":0.0,"p95":0.0},"readiness_ms":{"max":0.828,"median":0.365,"p95":0.518},"store_ms":{"max":0.013,"median":0.005,"p95":0.009},"transform_ms":{"max":0.012,"median":0.006,"p95":0.009},"worker_busy":{"max":0.0,"median":0.0,"p95":0.0}} distinct=34 entries=34
[TerrainRewrite] ERROR: save blocked: snapshot writes explicitly disabled; previous canonical snapshot retained
