Godot Engine v4.7.2.stable.steam.ed1daf0bf - https://godotengine.org

PASS gameplay mining and persistence initialize
PASS gameplay blocks free terrain creation before mutation
PASS gameplay excavation accepted
PASS worker edit settles with reward accounting
PASS actual excavation produces raw-resource pending rewards
PASS duplicate publication cannot repeat the receipt
PASS repeated brush admitted
PASS worker edit settles with reward accounting
PASS mining the same empty space awards nothing
PASS mined resource can be claimed into inventory
PASS actual mined resources craft into building supplies
PASS crafted supply participates in paid native block placement
PASS mined and claimed state saves
[TerrainRewrite] ERROR: save disabled after corrupt snapshot; original file protected
PASS gameplay save opens in new worker
PASS claimed resource and remaining receipt restore exactly
PASS paid block restores exactly through metadata-first region archive and pager
PASS reloaded occupancy rejects replacement without charging again
PASS excavation admitted immediately before graceful close
[TerrainRewrite] World saved and verified; terrain and addon state published together
PASS graceful close settles mining reward
PASS graceful-close reward persists
PASS graceful mining shutdown retains previously paid building region
PASS excavation admitted immediately before direct teardown
[TerrainRewrite] ERROR: save disabled after corrupt snapshot; original file protected
PASS direct pending teardown preserves previous consistent save
PASS protected save retains the same building region after direct teardown
PASS saturated inbox rejects mining before terrain mutation
[TerrainRewrite] World saved and verified; terrain and addon state published together
MINING_REWARDS {"checks":25,"failures":0}
