Godot Engine v4.7.2.stable.steam.ed1daf0bf - https://godotengine.org

[TerrainRewrite] New world
[TerrainRewrite] New world
[terrain-hitch] world process 50.58 ms at 9613
[terrain-hitch] LOD requests 50.91 ms at 10666
[terrain-hitch] LOD schedule/cut/evict 189.08 ms at 10804
[TerrainRewrite] Ready: nearby coverage/collision active; distant terrain still streaming
PASS world starts with road editor
PASS mark button acquires terrain through actual physics ray
PASS road aim cannot mark terrain through a building
PASS road overlapping player is rejected
PASS graded selection accepted
PASS valid route produces green outline
PASS width control refreshes outline once
PASS invalid grade produces red outline
PASS excessive grade explained before submission
PASS inventory blocks road editor actions
PASS road clearance protects building occupancy above pavement
Vehicle controller V3 ready: no-slip bicycle driving + no-pivot full-lock launch grip budget.
Vehicle runtime visuals ready: 27 fixed body meshes + animated driver door + 4 wheel meshes.
Visual mesh damage: enabled (F8 toggle, F9 repair).
Mounted accessory motion: enabled (F10 toggle, 11 moving items).
PASS parked vehicle installed inside grading route
PASS paving through parked vehicle rejects before terrain mutation
PASS stone grading protects parked vehicle too
PASS road panel routes construction to terrain worker
PASS editor road completes without worker error
PASS foundation surface selects stone and updates action label
PASS level control aligns height while preserving horizontal endpoints
PASS leveling selection does not mutate terrain before build
PASS foundation panel routes grading through guarded world action
PASS editor foundation completes without worker error
PASS unchanged selection does not rebuild preview each frame
PASS road panel visible and fits above toolbelt at 1080p
[TerrainRewrite] Temporary test world: save skipped
