Godot Engine v4.7.2.stable.steam.ed1daf0bf - https://godotengine.org
Vulkan 1.3.289 - Forward+ - Using Device #0: NVIDIA - NVIDIA GeForce GTX 1060 with Max-Q Design

[TerrainRewrite] New world
[TerrainRewrite] New world
[TerrainRewrite] Ready: nearby coverage/collision active; distant terrain still streaming
PASS 1920x1080 fullscreen, full rendering scale
FOUNDATION_PHASE streaming_baseline
FOUNDATION_RESULT {"build":{},"frames":{"count":300,"max_ms":17.466,"median_ms":16.666,"over_50ms":0,"p95_ms":16.828,"p99_ms":17.288},"latency":{},"pages":0,"phase":"streaming_baseline"}
FOUNDATION_PHASE compact_history_control
FOUNDATION_RESULT {"build":{"count":24,"max_ms":30.126,"median_ms":27.363,"over_50ms":0,"p95_ms":28.881,"p99_ms":30.126},"frames":{"count":281,"max_ms":29.812,"median_ms":16.664,"over_50ms":0,"p95_ms":17.118,"p99_ms":28.719},"latency":{"count":24,"max_ms":221.086,"median_ms":134.569,"over_50ms":24,"p95_ms":203.204,"p99_ms":221.086},"pages":2,"phase":"compact_history_control"}
FOUNDATION_PHASE expanding_excavation
FOUNDATION_RESULT {"build":{"count":24,"max_ms":59.229,"median_ms":27.06,"over_50ms":5,"p95_ms":59.07,"p99_ms":59.229},"frames":{"count":278,"max_ms":29.37,"median_ms":16.666,"over_50ms":0,"p95_ms":17.263,"p99_ms":27.3},"latency":{"count":24,"max_ms":237.173,"median_ms":119.16,"over_50ms":24,"p95_ms":203.226,"p99_ms":237.173},"pages":10,"phase":"expanding_excavation"}
FOUNDATION_PHASE travel_new_regions
FOUNDATION_RESULT {"build":{"count":64,"max_ms":547.411,"median_ms":204.934,"over_50ms":60,"p95_ms":427.623,"p99_ms":547.411},"frames":{"count":1366,"max_ms":28.189,"median_ms":16.666,"over_50ms":0,"p95_ms":16.723,"p99_ms":18.514},"latency":{"count":64,"max_ms":586.51,"median_ms":267.59,"over_50ms":64,"p95_ms":484.477,"p99_ms":586.51},"pages":96,"phase":"travel_new_regions"}
FOUNDATION_PHASE return_history_control
FOUNDATION_RESULT {"build":{"count":24,"max_ms":30.092,"median_ms":27.858,"over_50ms":0,"p95_ms":29.845,"p99_ms":30.092},"frames":{"count":205,"max_ms":18.217,"median_ms":16.664,"over_50ms":0,"p95_ms":16.885,"p99_ms":17.552},"latency":{"count":24,"max_ms":185.349,"median_ms":68.36,"over_50ms":24,"p95_ms":85.003,"p99_ms":185.349},"pages":96,"phase":"return_history_control"}
FOUNDATION_PHASE recovery
[TerrainRewrite] Temporary test world: save skipped
FOUNDATION_RESULT {"build":{},"frames":{"count":586,"max_ms":35.451,"median_ms":16.667,"over_50ms":0,"p95_ms":25.154,"p99_ms":30.571},"latency":{},"pages":96,"phase":"recovery"}
PASS streaming_baseline: frame p99 <=20 ms and no >50 ms stalls
FAIL compact_history_control: frame p99 <=20 ms and no >50 ms stalls
FAIL compact_history_control: edit publication p95 <=150 ms
PASS compact_history_control: at least 90 percent of edits actually change terrain
FAIL expanding_excavation: frame p99 <=20 ms and no >50 ms stalls
FAIL expanding_excavation: edit publication p95 <=150 ms
PASS expanding_excavation: at least 90 percent of edits actually change terrain
PASS travel_new_regions: frame p99 <=20 ms and no >50 ms stalls
FAIL travel_new_regions: edit publication p95 <=150 ms
PASS travel_new_regions: at least 90 percent of edits actually change terrain
PASS return_history_control: frame p99 <=20 ms and no >50 ms stalls
PASS return_history_control: edit publication p95 <=150 ms
PASS return_history_control: at least 90 percent of edits actually change terrain
FAIL recovery: frame p99 <=20 ms and no >50 ms stalls
PASS return control median latency grows no more than 25 percent
[TerrainRewrite] Temporary test world: save skipped
